I/BackupManagerService( 1556): Opting out of backup
I/SystemServer( 1556): AppWidget Service
I/SystemServer( 1556): Recognition Service
I/SystemServer( 1556): DiskStats Service
I/SystemServer( 1556): SamplingProfiler Service
I/SystemServer( 1556): NetworkTimeUpdateService
I/SystemServer( 1556): CommonTimeManagementService
I/SystemServer( 1556): CertBlacklister
I/SystemServer( 1556): Dreams Service
I/SystemServer( 1556): Assets Atlas Service
I/SystemServer( 1556): IdleMaintenanceService
I/SystemServer( 1556): Print Service
I/SystemServer( 1556): Media Router Service
I/WindowManager( 1556): MT_WM: WM: systemReady() done
I/SystemServer( 1556): Try to invoke TVRemoteService
I/[J]TVRemoteService( 1556): systemReady mInitFinished = true
I/[J]TVRemoteService( 1556): jump out systemReady
I/ActivityManager( 1556): System now ready
I/SystemServer( 1556): Making services ready
D/NetworkManagementService( 1556): enabling bandwidth control
I/MountService( 1556): doMountVolume: Mouting /storage/sdc10
I/MountService( 1556): VoldResponseCode: (406)
E/MountService( 1556): VoldResponseCode: (406)
E/MountService( 1556): Boot-time mount failed (-1)
I/MountService( 1556): doMountVolume: Mouting /storage/sdd10
I/MountService( 1556): VoldResponseCode: (406)
E/MountService( 1556): VoldResponseCode: (406)
E/MountService( 1556): Boot-time mount failed (-1)
I/MountService( 1556): doMountVolume: Mouting /storage/sdb1
I/MountService( 1556): VoldResponseCode: (406)
E/MountService( 1556): VoldResponseCode: (406)
E/MountService( 1556): Boot-time mount failed (-1)
I/MountService( 1556): doMountVolume: Mouting /storage/sdb2
I/MountService( 1556): VoldResponseCode: (406)
E/MountService( 1556): VoldResponseCode: (406)
E/MountService( 1556): Boot-time mount failed (-1)
I/MountService( 1556): doMountVolume: Mouting /storage/sdb3
I/MountService( 1556): VoldResponseCode: (406)
E/MountService( 1556): VoldResponseCode: (406)
E/MountService( 1556): Boot-time mount failed (-1)
I/MountService( 1556): doMountVolume: Mouting /storage/sdb4
I/MountService( 1556): VoldResponseCode: (406)
E/MountService( 1556): VoldResponseCode: (406)
E/MountService( 1556): Boot-time mount failed (-1)
I/MountService( 1556): doMountVolume: Mouting /storage/sdb5
I/MountService( 1556): VoldResponseCode: (406)
E/MountService( 1556): VoldResponseCode: (406)
E/MountService( 1556): Boot-time mount failed (-1)
I/MountService( 1556): doMountVolume: Mouting /storage/sdb6
I/MountService( 1556): VoldResponseCode: (406)
E/MountService( 1556): VoldResponseCode: (406)
E/MountService( 1556): Boot-time mount failed (-1)
I/MountService( 1556): doMountVolume: Mouting /storage/sdb7
I/MountService( 1556): VoldResponseCode: (406)
E/MountService( 1556): VoldResponseCode: (406)
E/MountService( 1556): Boot-time mount failed (-1)
I/MountService( 1556): doMountVolume: Mouting /storage/sdb8
I/MountService( 1556): VoldResponseCode: (406)
E/MountService( 1556): VoldResponseCode: (406)
E/MountService( 1556): Boot-time mount failed (-1)
I/MountService( 1556): doMountVolume: Mouting /storage/sdb9
I/MountService( 1556): VoldResponseCode: (406)
E/MountService( 1556): VoldResponseCode: (406)
E/MountService( 1556): Boot-time mount failed (-1)
I/MountService( 1556): doMountVolume: Mouting /storage/sdd
I/MountService( 1556): VoldResponseCode: (406)
E/MountService( 1556): VoldResponseCode: (406)
E/MountService( 1556): Boot-time mount failed (-1)
I/MountService( 1556): doMountVolume: Mouting /storage/sda3
I/MountService( 1556): VoldResponseCode: (406)
E/MountService( 1556): VoldResponseCode: (406)
E/MountService( 1556): Boot-time mount failed (-1)
I/MountService( 1556): doMountVolume: Mouting /storage/sda
I/MountService( 1556): VoldResponseCode: (406)
E/MountService( 1556): VoldResponseCode: (406)
E/MountService( 1556): Boot-time mount failed (-1)
I/MountService( 1556): doMountVolume: Mouting /storage/sda4
I/MountService( 1556): VoldResponseCode: (406)
E/MountService( 1556): VoldResponseCode: (406)
E/MountService( 1556): Boot-time mount failed (-1)
I/MountService( 1556): doMountVolume: Mouting /storage/sda1
I/MountService( 1556): VoldResponseCode: (406)
E/MountService( 1556): VoldResponseCode: (406)
E/MountService( 1556): Boot-time mount failed (-1)
I/MountService( 1556): doMountVolume: Mouting /storage/sdb
I/EthernetService( 1556): switch mode to: manual for interface: eth0
W/EthernetService( 1556): configureInterface: ethernet is disconnected.
I/MountService( 1556): VoldResponseCode: (406)
E/MountService( 1556): VoldResponseCode: (406)
E/MountService( 1556): Boot-time mount failed (-1)
I/MountService( 1556): doMountVolume: Mouting /storage/sda2
V/EthernetMonitor( 1556): go poll events
V/EthernetMonitor( 1556): get event eth0:17:
V/EthernetMonitor( 1556): dev: eth0 ev 17
I/EthernetService( 1556): report new state DISCONNECTED on dev eth0
V/EthernetService( 1556): update network state tracker
V/EthernetMonitor( 1556): go poll events
I/MountService( 1556): VoldResponseCode: (406)
E/MountService( 1556): VoldResponseCode: (406)
E/MountService( 1556): Boot-time mount failed (-1)
I/MountService( 1556): doMountVolume: Mouting /storage/sdc
I/MountService( 1556): VoldResponseCode: (406)
E/MountService( 1556): VoldResponseCode: (406)
E/MountService( 1556): Boot-time mount failed (-1)
I/MountService( 1556): doMountVolume: Mouting /storage/sda7
I/MountService( 1556): VoldResponseCode: (406)
E/MountService( 1556): VoldResponseCode: (406)
E/MountService( 1556): Boot-time mount failed (-1)
I/MountService( 1556): doMountVolume: Mouting /storage/sda8
I/MountService( 1556): VoldResponseCode: (406)
E/MountService( 1556): VoldResponseCode: (406)
E/MountService( 1556): Boot-time mount failed (-1)
I/MountService( 1556): doMountVolume: Mouting /storage/sda5
I/MountService( 1556): VoldResponseCode: (406)
E/MountService( 1556): VoldResponseCode: (406)
E/MountService( 1556): Boot-time mount failed (-1)
I/MountService( 1556): doMountVolume: Mouting /storage/sda6
I/MountService( 1556): VoldResponseCode: (406)
E/MountService( 1556): VoldResponseCode: (406)
E/MountService( 1556): Boot-time mount failed (-1)
I/MountService( 1556): doMountVolume: Mouting /storage/sda9
I/MountService( 1556): VoldResponseCode: (406)
E/MountService( 1556): VoldResponseCode: (406)
E/MountService( 1556): Boot-time mount failed (-1)
I/MountService( 1556): doMountVolume: Mouting /storage/sdd9
I/MountService( 1556): VoldResponseCode: (406)
E/MountService( 1556): VoldResponseCode: (406)
E/MountService( 1556): Boot-time mount failed (-1)
I/MountService( 1556): doMountVolume: Mouting /storage/sdd8
I/MountService( 1556): VoldResponseCode: (406)
E/MountService( 1556): VoldResponseCode: (406)
E/MountService( 1556): Boot-time mount failed (-1)
I/MountService( 1556): doMountVolume: Mouting /storage/sdd7
I/MountService( 1556): VoldResponseCode: (406)
E/MountService( 1556): VoldResponseCode: (406)
E/MountService( 1556): Boot-time mount failed (-1)
I/MountService( 1556): doMountVolume: Mouting /storage/sdd6
I/MountService( 1556): VoldResponseCode: (406)
E/MountService( 1556): VoldResponseCode: (406)
E/MountService( 1556): Boot-time mount failed (-1)
I/MountService( 1556): doMountVolume: Mouting /storage/sdd5
I/MountService( 1556): VoldResponseCode: (406)
E/MountService( 1556): VoldResponseCode: (406)
E/MountService( 1556): Boot-time mount failed (-1)
I/MountService( 1556): doMountVolume: Mouting /storage/sdd4
I/MountService( 1556): VoldResponseCode: (406)
E/MountService( 1556): VoldResponseCode: (406)
E/MountService( 1556): Boot-time mount failed (-1)
I/MountService( 1556): doMountVolume: Mouting /storage/sdd3
I/MountService( 1556): VoldResponseCode: (406)
E/MountService( 1556): VoldResponseCode: (406)
E/MountService( 1556): Boot-time mount failed (-1)
I/MountService( 1556): doMountVolume: Mouting /storage/sdd2
I/MountService( 1556): VoldResponseCode: (406)
E/MountService( 1556): VoldResponseCode: (406)
E/MountService( 1556): Boot-time mount failed (-1)
I/MountService( 1556): doMountVolume: Mouting /storage/sdd1
I/MountService( 1556): VoldResponseCode: (406)
E/MountService( 1556): VoldResponseCode: (406)
E/MountService( 1556): Boot-time mount failed (-1)
I/MountService( 1556): doMountVolume: Mouting /storage/sdc8
I/MountService( 1556): VoldResponseCode: (406)
E/MountService( 1556): VoldResponseCode: (406)
E/MountService( 1556): Boot-time mount failed (-1)
I/MountService( 1556): doMountVolume: Mouting /storage/sdc7
I/MountService( 1556): VoldResponseCode: (406)
E/MountService( 1556): VoldResponseCode: (406)
E/MountService( 1556): Boot-time mount failed (-1)
I/MountService( 1556): doMountVolume: Mouting /storage/sdc9
I/MountService( 1556): VoldResponseCode: (406)
E/MountService( 1556): VoldResponseCode: (406)
E/MountService( 1556): Boot-time mount failed (-1)
I/MountService( 1556): doMountVolume: Mouting /storage/sdc4
I/MountService( 1556): VoldResponseCode: (406)
E/MountService( 1556): VoldResponseCode: (406)
E/MountService( 1556): Boot-time mount failed (-1)
I/MountService( 1556): doMountVolume: Mouting /storage/sdc3
I/MountService( 1556): VoldResponseCode: (406)
E/MountService( 1556): VoldResponseCode: (406)
E/MountService( 1556): Boot-time mount failed (-1)
I/MountService( 1556): doMountVolume: Mouting /storage/sdc6
I/MountService( 1556): VoldResponseCode: (406)
E/MountService( 1556): VoldResponseCode: (406)
E/MountService( 1556): Boot-time mount failed (-1)
I/MountService( 1556): doMountVolume: Mouting /storage/sdc5
I/MountService( 1556): VoldResponseCode: (406)
E/MountService( 1556): VoldResponseCode: (406)
E/MountService( 1556): Boot-time mount failed (-1)
I/MountService( 1556): doMountVolume: Mouting /storage/sdc2
I/MountService( 1556): VoldResponseCode: (406)
E/MountService( 1556): VoldResponseCode: (406)
E/MountService( 1556): Boot-time mount failed (-1)
I/MountService( 1556): doMountVolume: Mouting /storage/sdc1
I/MountService( 1556): VoldResponseCode: (406)
E/MountService( 1556): VoldResponseCode: (406)
E/MountService( 1556): Boot-time mount failed (-1)
I/MountService( 1556): doMountVolume: Mouting /storage/sda10
I/MountService( 1556): VoldResponseCode: (406)
E/MountService( 1556): VoldResponseCode: (406)
E/MountService( 1556): Boot-time mount failed (-1)
I/MountService( 1556): doMountVolume: Mouting /storage/sdb10
I/MountService( 1556): VoldResponseCode: (406)
E/MountService( 1556): VoldResponseCode: (406)
E/MountService( 1556): Boot-time mount failed (-1)
D/NetworkManagementService( 1556): Prepared
I/UsbHostManager( 1556): List interface: wlan0
I/UsbHostManager( 1556): List interface: eth0
I/UsbHostManager( 1556): List interface: lo
I/ActivityManager( 1556): Config changes=200 {0 1.0 ?mcc?mnc zh_CN ldltr sw1080dp w1920dp h1055dp 160dpi xlrg long land -touch -keyb/v/h tball/v s.5}
W/ContextImpl( 1556): Calling a method in the system process without a qualified user: android.app.ContextImpl.sendBroadcast:1182 com.android.server.usb.UsbSettingsManager.deviceAttached:622 com.android.server.usb.UsbHostManager.usbDeviceAdded:299 com.android.server.usb.UsbHostManager.monitorUsbHostBus:-2 com.android.server.usb.UsbHostManager.access$200:49 
W/ContextImpl( 1556): Calling a method in the system process without a qualified user: android.app.ContextImpl.sendBroadcast:1182 com.android.server.usb.UsbSettingsManager.deviceAttached:622 com.android.server.usb.UsbHostManager.usbDeviceAdded:299 com.android.server.usb.UsbHostManager.monitorUsbHostBus:-2 com.android.server.usb.UsbHostManager.access$200:49 
I/ActivityManager( 1556): Start proc com.android.systemui for service com.android.systemui/.ImageWallpaper: pid=1728 uid=10005 gids={50005, 1028, 1015, 1023, 1035, 3002, 3001}
W/InputMethodManagerService( 1556): Ignoring setImeWindowStatus of uid 1000 token: null
I/ActivityManager( 1556): Start proc com.sohu.inputmethod.sogouoem for service com.sohu.inputmethod.sogouoem/.SogouIME: pid=1741 uid=10048 gids={50048, 3003, 1028, 1015, 1023, 3002}
V/InputMethodManagerService( 1556): Adding window token: android.os.Binder@41f05108
W/LocationManagerService( 1556): no network location provider found
E/LocationManagerService( 1556): no geocoder provider found
E/LocationManagerService( 1556): No FusedProvider found.
E/LocationManagerService( 1556): no geofence provider found
I/ActivityManager( 1556): Start proc com.android.bluetooth for added application com.android.bluetooth: pid=1756 uid=1002 gids={41002, 3003, 3002, 3001, 1028, 1015, 1023, 3005, 1016, 3008}
W/ActivityThread( 1556): ClassLoader.loadClass: The class loader returned by Thread.getContextClassLoader() may fail for processes that host multiple applications. You should explicitly specify a context class loader. For example: Thread.setContextClassLoader(getClass().getClassLoader());
I/ActivityManager( 1556): Start proc com.lenovo.tv.errdaemon for added application com.lenovo.tv.errdaemon: pid=1764 uid=1000 gids={41000, 3003, 1028, 1015, 1023, 1007, 3002, 3001, 2001}
I/ActivityManager( 1556): MT_AMS: resumeTop() to exit BA
I/ActivityManager( 1556): START u0 {act=android.intent.action.MAIN cat=[android.intent.category.HOME] flg=0x10000000 cmp=com.lenovo.dll.nebula.launcher/.MyLauncher} from pid 0
I/ActivityManager( 1556): Start proc com.lenovo.dll.nebula.launcher for activity com.lenovo.dll.nebula.launcher/.MyLauncher: pid=1778 uid=1000 gids={41000, 3003, 1028, 1015, 1023, 1007, 3002, 3001, 2001}
I/SystemServer( 1556): MT_SS:AM: after systemReady()
I/SystemServer( 1556): MT_SS: jobs done
I/ActivityManager( 1556): Start proc com.android.printspooler for service com.android.printspooler/.PrintSpoolerService: pid=1798 uid=10044 gids={50044}
I/EthernetService( 1556): event = 4
I/EthernetService( 1556): received disconnected events, stack=false HW=false
V/EthernetService( 1556): setState, mEthState=2, state=5
I/EthernetService( 1556):  broadcastConnectionEvent : 5
W/ContextImpl( 1556): Calling a method in the system process without a qualified user: android.app.ContextImpl.sendStickyBroadcast:1340 com.android.server.EthernetService.broadcastConnectionEvent:940 com.android.server.EthernetService.access$800:44 com.android.server.EthernetService$EventHandler.handleMessage:990 android.os.Handler.dispatchMessage:102 
I/EthernetService( 1556): event = 4
I/EthernetService( 1556): received disconnected events, stack=false HW=false
V/EthernetService( 1556): setState, mEthState=5, state=5
I/EthernetService( 1556):  broadcastConnectionEvent : 5
W/ContextImpl( 1556): Calling a method in the system process without a qualified user: android.app.ContextImpl.sendStickyBroadcast:1340 com.android.server.EthernetService.broadcastConnectionEvent:940 com.android.server.EthernetService.access$800:44 com.android.server.EthernetService$EventHandler.handleMessage:990 android.os.Handler.dispatchMessage:102 
I/EthernetService( 1556): event = 4
I/EthernetService( 1556): received disconnected events, stack=false HW=false
V/EthernetService( 1556): setState, mEthState=5, state=5
I/EthernetService( 1556):  broadcastConnectionEvent : 5
W/ContextImpl( 1556): Calling a method in the system process without a qualified user: android.app.ContextImpl.sendStickyBroadcast:1340 com.android.server.EthernetService.broadcastConnectionEvent:940 com.android.server.EthernetService.access$800:44 com.android.server.EthernetService$EventHandler.handleMessage:990 android.os.Handler.dispatchMessage:102 
I/EthernetService( 1556): event = 4
I/EthernetService( 1556): received disconnected events, stack=false HW=false
V/EthernetService( 1556): setState, mEthState=5, state=5
I/EthernetService( 1556):  broadcastConnectionEvent : 5
W/ContextImpl( 1556): Calling a method in the system process without a qualified user: android.app.ContextImpl.sendStickyBroadcast:1340 com.android.server.EthernetService.broadcastConnectionEvent:940 com.android.server.EthernetService.access$800:44 com.android.server.EthernetService$EventHandler.handleMessage:990 android.os.Handler.dispatchMessage:102 
I/EthernetService( 1556): event = 4
I/EthernetService( 1556): received disconnected events, stack=false HW=false
V/EthernetService( 1556): setState, mEthState=5, state=5
I/EthernetService( 1556):  broadcastConnectionEvent : 5
W/ContextImpl( 1556): Calling a method in the system process without a qualified user: android.app.ContextImpl.sendStickyBroadcast:1340 com.android.server.EthernetService.broadcastConnectionEvent:940 com.android.server.EthernetService.access$800:44 com.android.server.EthernetService$EventHandler.handleMessage:990 android.os.Handler.dispatchMessage:102 
D/WifiService( 1556): New client listening to asynchronous messages
V/BackupManagerService( 1556): Connected to transport ComponentInfo{android/com.android.internal.backup.LocalTransportService}
V/BackupManagerService( 1556): Registering transport android/com.android.internal.backup.LocalTransportService::android/com.android.internal.backup.LocalTransport = com.android.internal.backup.LocalTransport@41f001a8
I/ActivityManager( 1556): Start proc com.lenovo.dll.nebula.vod.service for service com.lenovo.dll.nebula.vod.service/.VodHomePageService: pid=1857 uid=10056 gids={50056, 3003, 1028, 1015, 1023}
I/ActivityManager( 1556): Start proc com.lenovo.tv.factory.rwsn for content provider com.lenovo.tv.factory.rwsn/com.lenovo.dll.nebula.vod.util.content.VodServerProvider: pid=1874 uid=10045 gids={50045, 1028, 1015, 1023}
I/ActivityManager( 1556): Start proc com.tvezu.lenovotv.service for service com.lenovo.tv.stb/com.tvezu.urc.IrControllerServiceImpl: pid=1916 uid=1000 gids={41000, 3003, 1028, 1015, 1023, 1007, 3002, 3001, 2001}
I/Vold    (  842): NetlinkEvent: subsys= hid, wifiInterface= (null).
D/NetlinkEvent(  842): NL param 'DEVPATH=/devices/virtual/misc/uhid/0005:1D5A:C080.0002'
D/NetlinkEvent(  842): NL param 'HID_ID=0005:00001D5A:0000C080'
D/NetlinkEvent(  842): NL param 'HID_NAME=Lenovo RC'
D/NetlinkEvent(  842): NL param 'HID_PHYS='
D/NetlinkEvent(  842): NL param 'HID_UNIQ='
D/NetlinkEvent(  842): NL param 'MODALIAS=hid:b0005g0001v00001D5Ap0000C080'
I/Vold    (  842): NetlinkEvent: subsys= input, wifiInterface= (null).
D/NetlinkEvent(  842): NL param 'DEVPATH=/devices/virtual/misc/uhid/input4'
D/NetlinkEvent(  842): NL param 'PRODUCT=5/1d5a/c080/1'
D/NetlinkEvent(  842): NL param 'NAME="Lenovo RC"'
D/NetlinkEvent(  842): NL param 'PHYS=""'
D/NetlinkEvent(  842): NL param 'UNIQ=""'
D/NetlinkEvent(  842): NL param 'PROP=0'
D/NetlinkEvent(  842): NL param 'EV=1f'
D/NetlinkEvent(  842): NL param 'KEY=1c837fff 72ff32d bf544446 0 0 1 20f90 8b17c000 677bfa d9415fed 9ed680 4400 0 10000002'
D/NetlinkEvent(  842): NL param 'REL=40'
D/NetlinkEvent(  842): NL param 'ABS=1 0'
D/NetlinkEvent(  842): NL param 'MSC=10'
D/NetlinkEvent(  842): NL param 'MODALIAS=input:b0005v1D5ApC080e0001-e0,1,2,3,4,k71,72,73,74,77,80,82,83,85,86,87,88,89,8A,8B,8C,8E,90,96,98,9B,9C,9E,9F,A1,A3,A4,A5,A6,A7,A8,A9,AB,AC,AD,AE,B0,B1,B2,B5,B6,CE,CF,D0,D1,D2,D4,D8,D9,DB,DF,E4,E7,E8,E9,EA,EB,F1,100,161,162,166,16A,16E,172,174,176,178,179,17A,17B,17C,17D,17F,180,182,183,185,188,189,18C,18D,18E,18F,190,191,192,193,195,198,199,19A,1A0,1A1,1A2,1A3,1A4,1A5,1A6,1A7,1A8,1A9,1AA,1AB,1AC,1AD,1AE,1B0,1B1,1B7,1BA,1BB,1BC,r6,a20,m4,lsfw'
I/Vold    (  842): NetlinkEvent: subsys= input, wifiInterface= (null).
D/NetlinkEvent(  842): NL param 'DEVPATH=/devices/virtual/misc/uhid/input4/event4'
D/NetlinkEvent(  842): NL param 'MAJOR=13'
D/NetlinkEvent(  842): NL param 'MINOR=68'
D/NetlinkEvent(  842): NL param 'DEVNAME=input/event4'
I/Rcond   (  853): Adding device '/dev/input/event4' due to inotify event
I/Rcond   (  853): Got s52 remote controller device  ...
I/Rcond   (  853): New input device: fd=16,path='/dev/input/event4',name='Lenovo RC',vendor=1d5a,product=c080,version=0001
D/Rcond   (  853): Source device name is Lenovo RC
I/Rcond   (  853): (Synch Events)
I/Rcond   (  853): (Keys or Buttons)
I/Rcond   (  853): (Relative Axes)
I/Rcond   (  853): (Absolute Axes)
I/Rcond   (  853): (Miscellaneous)
I/Vold    (  842): NetlinkEvent: subsys= input, wifiInterface= (null).
D/NetlinkEvent(  842): NL param 'DEVPATH=/devices/virtual/input/input5'
D/NetlinkEvent(  842): NL param 'PRODUCT=6/1d5a/c080/1'
D/NetlinkEvent(  842): NL param 'NAME="Lenovo RC"'
D/NetlinkEvent(  842): NL param 'PROP=0'
D/NetlinkEvent(  842): NL param 'EV=1f'
D/NetlinkEvent(  842): NL param 'KEY=1c837fff 72ff32d bf544446 0 0 1 20f90 8b17c000 677bfa d9415fed 9ed680 4400 0 10000002'
D/NetlinkEvent(  842): NL param 'REL=40'
D/NetlinkEvent(  842): NL param 'ABS=1 0'
D/NetlinkEvent(  842): NL param 'MSC=ff'
D/NetlinkEvent(  842): NL param 'MODALIAS=input:b0006v1D5ApC080e0001-e0,1,2,3,4,k71,72,73,74,77,80,82,83,85,86,87,88,89,8A,8B,8C,8E,90,96,98,9B,9C,9E,9F,A1,A3,A4,A5,A6,A7,A8,A9,AB,AC,AD,AE,B0,B1,B2,B5,B6,CE,CF,D0,D1,D2,D4,D8,D9,DB,DF,E4,E7,E8,E9,EA,EB,F1,100,161,162,166,16A,16E,172,174,176,178,179,17A,17B,17C,17D,17F,180,182,183,185,188,189,18C,18D,18E,18F,190,191,192,193,195,198,199,19A,1A0,1A1,1A2,1A3,1A4,1A5,1A6,1A7,1A8,1A9,1AA,1AB,1AC,1AD,1AE,1B0,1B1,1B7,1BA,1BB,1BC,r6,a20,m0,1,2,3,4,5,6,lsfw'
I/Vold    (  842): NetlinkEvent: subsys= hidraw, wifiInterface= (null).
D/NetlinkEvent(  842): NL param 'DEVPATH=/devices/virtual/misc/uhid/0005:1D5A:C080.0002/hidraw/hidraw0'
D/NetlinkEvent(  842): NL param 'MAJOR=253'
D/NetlinkEvent(  842): NL param 'MINOR=0'
D/NetlinkEvent(  842): NL param 'DEVNAME=hidraw0'
I/Vold    (  842): NetlinkEvent: subsys= input, wifiInterface= (null).
D/NetlinkEvent(  842): NL param 'DEVPATH=/devices/virtual/input/input5/event5'
D/NetlinkEvent(  842): NL param 'MAJOR=13'
D/NetlinkEvent(  842): NL param 'MINOR=69'
D/NetlinkEvent(  842): NL param 'DEVNAME=input/event5'
I/Rcond   (  853): Create local sink (0xb83a7298), add to list 
I/Rcond   (  853): Create local source (0xb83ab460), add to list
D/Rcond   (  853): Wake read fd set 
I/Rcond   (  853): Adding device '/dev/input/event5' due to inotify event
W/Rcond   (  853): It is a uinput device, ignore it ...
I/Vold    (  842): NetlinkEvent: subsys= input, wifiInterface= (null).
D/NetlinkEvent(  842): NL param 'DEVPATH=/devices/virtual/input/input6'
D/NetlinkEvent(  842): NL param 'PRODUCT=5/1111/2222/3333'
D/NetlinkEvent(  842): NL param 'NAME="Sensor"'
D/NetlinkEvent(  842): NL param 'PROP=0'
D/NetlinkEvent(  842): NL param 'EV=80000001'
D/NetlinkEvent(  842): NL param 'MODALIAS=input:b0005v1111p2222e3333-e0,kramlsfw'
I/Vold    (  842): NetlinkEvent: subsys= input, wifiInterface= (null).
D/NetlinkEvent(  842): NL param 'DEVPATH=/devices/virtual/input/input6/event6'
D/NetlinkEvent(  842): NL param 'MAJOR=13'
D/NetlinkEvent(  842): NL param 'MINOR=70'
D/NetlinkEvent(  842): NL param 'DEVNAME=input/event6'
I/Vold    (  842): NetlinkEvent: subsys= sound, wifiInterface= (null).
D/NetlinkEvent(  842): NL param 'DEVPATH=/devices/virtual/sound/card1'
I/Vold    (  842): NetlinkEvent: subsys= sound, wifiInterface= (null).
D/NetlinkEvent(  842): NL param 'DEVPATH=/devices/virtual/sound/card1/pcmC1D0c'
D/NetlinkEvent(  842): NL param 'MAJOR=116'
D/NetlinkEvent(  842): NL param 'MINOR=56'
D/NetlinkEvent(  842): NL param 'DEVNAME=snd/pcmC1D0c'
E/Rcond   (  853): Open input device failed, cannot create local source, free now
I/Rcond   (  853): Adding device '/dev/input/event6' due to inotify event
I/Rcond   (  853): Uknown route type for source (0xb83acc18) ...
I/Rcond   (  853): New input device: fd=18,path='/dev/input/event6',name='Sensor',vendor=1111,product=2222,version=3333
D/Rcond   (  853): Source device name is Sensor
I/Rcond   (  853): (Synch Events)
I/Vold    (  842): NetlinkEvent: subsys= input, wifiInterface= (null).
D/NetlinkEvent(  842): NL param 'DEVPATH=/devices/virtual/input/input7'
D/NetlinkEvent(  842): NL param 'PRODUCT=6/1111/2222/3333'
D/NetlinkEvent(  842): NL param 'NAME="Sensor"'
D/NetlinkEvent(  842): NL param 'PROP=0'
D/NetlinkEvent(  842): NL param 'EV=1'
D/NetlinkEvent(  842): NL param 'MODALIAS=input:b0006v1111p2222e3333-e0,kramlsfw'
I/Vold    (  842): NetlinkEvent: subsys= sound, wifiInterface= (null).
D/NetlinkEvent(  842): NL param 'DEVPATH=/devices/virtual/sound/card1/dsp1'
D/NetlinkEvent(  842): NL param 'MAJOR=14'
D/NetlinkEvent(  842): NL param 'MINOR=19'
D/NetlinkEvent(  842): NL param 'DEVNAME=dsp1'
I/Vold    (  842): NetlinkEvent: subsys= input, wifiInterface= (null).
D/NetlinkEvent(  842): NL param 'DEVPATH=/devices/virtual/input/input7/event7'
D/NetlinkEvent(  842): NL param 'MAJOR=13'
D/NetlinkEvent(  842): NL param 'MINOR=71'
D/NetlinkEvent(  842): NL param 'DEVNAME=input/event7'
I/Vold    (  842): NetlinkEvent: subsys= sound, wifiInterface= (null).
D/NetlinkEvent(  842): NL param 'DEVPATH=/devices/virtual/sound/card1/audio1'
D/NetlinkEvent(  842): NL param 'MAJOR=14'
D/NetlinkEvent(  842): NL param 'MINOR=20'
D/NetlinkEvent(  842): NL param 'DEVNAME=audio1'
I/Rcond   (  853): Create local sink (0xb83a74c0), add to list 
I/Rcond   (  853): Create local source (0xb83acc18), add to list
D/Rcond   (  853): Wake read fd set 
I/Rcond   (  853): Adding device '/dev/input/event7' due to inotify event
W/Rcond   (  853): It is a uinput device, ignore it ...
I/Vold    (  842): NetlinkEvent: subsys= sound, wifiInterface= (null).
D/NetlinkEvent(  842): NL param 'DEVPATH=/devices/virtual/sound/card1/controlC1'
D/NetlinkEvent(  842): NL param 'MAJOR=116'
D/NetlinkEvent(  842): NL param 'MINOR=32'
D/NetlinkEvent(  842): NL param 'DEVNAME=snd/controlC1'
I/Vold    (  842): NetlinkEvent: subsys= sound, wifiInterface= (null).
D/NetlinkEvent(  842): NL param 'DEVPATH=/devices/virtual/sound/card1/mixer1'
D/NetlinkEvent(  842): NL param 'MAJOR=14'
D/NetlinkEvent(  842): NL param 'MINOR=16'
D/NetlinkEvent(  842): NL param 'DEVNAME=mixer1'
I/Vold    (  842): NetlinkEvent: subsys= input, wifiInterface= (null).
D/NetlinkEvent(  842): NL param 'DEVPATH=/devices/virtual/input/input8/event8'
D/NetlinkEvent(  842): NL param 'MAJOR=13'
D/NetlinkEvent(  842): NL param 'MINOR=72'
D/NetlinkEvent(  842): NL param 'DEVNAME=input/event8'
V/EthernetMonitor( 1556): get event eth0:16:
V/EthernetMonitor( 1556): dev: eth0 ev 16
V/EthernetService( 1556): report interface is up for eth0
V/EthernetMonitor( 1556): go poll events
I/EthernetService( 1556): event = 5
I/EthernetService( 1556): interface up event, kick off connection request
V/EthernetService( 1556): setState, mEthState=5, state=3
I/EthernetService( 1556): switch mode to: manual for interface: eth0
V/EthernetMonitor( 1556): get event eth0:20:
V/EthernetMonitor( 1556): dev: eth0 ev 20
I/EthernetService( 1556): report new state CONNECTED on dev eth0
V/EthernetService( 1556): update network state tracker
V/EthernetMonitor( 1556): go poll events
V/EthernetService( 1556): Static IP configuration succeeded
I/EthernetService( 1556): event = 3
I/EthernetService( 1556): received HW connected, stack=false HW=true
V/EthernetService( 1556): setState, mEthState=3, state=6
I/EthernetService( 1556): event = 1
I/EthernetService( 1556): received configured succeeded, stack=false HW=true
V/EthernetService( 1556): setState, mEthState=6, state=4
I/EthernetService( 1556):  broadcastConnectionInfo: true
W/ContextImpl( 1556): Calling a method in the system process without a qualified user: android.app.ContextImpl.sendStickyBroadcast:1340 com.android.server.EthernetService.broadcastConnectionInfo:930 com.android.server.EthernetService.access$900:44 com.android.server.EthernetService$EventHandler.handleMessage:961 android.os.Handler.dispatchMessage:102 
I/EthernetService( 1556):  broadcastConnectionEvent : 4
W/ContextImpl( 1556): Calling a method in the system process without a qualified user: android.app.ContextImpl.sendStickyBroadcast:1340 com.android.server.EthernetService.broadcastConnectionEvent:940 com.android.server.EthernetService.access$800:44 com.android.server.EthernetService$EventHandler.handleMessage:962 android.os.Handler.dispatchMessage:102 
V/EthernetStateTracker( 1556): receive NETWORK_STATE_CHANGED_ACTION
D/ConnectivityService( 1556): ConnectivityChange for ETH: CONNECTED/CONNECTED
D/ConnectivityService( 1556): Setting TCP values: [4096,87380,110208,4096,16384,110208] which comes from [net.tcp.buffersize.default]
D/ConnectivityService( 1556): handleconnect call change-->9
D/ConnectivityService( 1556): 1 preDefaultNetwork = -1
D/ConnectivityService( 1556): 1 mActiveDefaultNetwork =9
E/Rcond   (  853): Open input device failed, cannot create local source, free now
I/Rcond   (  853): Adding device '/dev/input/event8' due to inotify event
I/Rcond   (  853): Got s52 remote controller device  ...
I/Rcond   (  853): New input device: fd=20,path='/dev/input/event8',name='Lenovo Remote Device',vendor=1d5a,product=c080,version=0000
D/Rcond   (  853): Source device name is Lenovo Remote Device
I/Rcond   (  853): (Synch Events)
I/Rcond   (  853): (Keys or Buttons)
I/Vold    (  842): NetlinkEvent: subsys= input, wifiInterface= (null).
D/NetlinkEvent(  842): NL param 'DEVPATH=/devices/virtual/input/input9/event9'
D/NetlinkEvent(  842): NL param 'MAJOR=13'
D/NetlinkEvent(  842): NL param 'MINOR=73'
D/NetlinkEvent(  842): NL param 'DEVNAME=input/event9'
I/Rcond   (  853): Create local sink (0xb83a76e8), add to list 
I/Rcond   (  853): Create local source (0xb83ae3d0), add to list
I/Rcond   (  853): Adding device '/dev/input/event9' due to inotify event
W/Rcond   (  853): It is a uinput device, ignore it ...
D/Rcond   (  853): Wake read fd set 
D/ConnectivityService( 1556): ============== replaceDefaultRoute interface=eth0
D/ConnectivityService( 1556): ============== replaceDefaultRoute gwStr=192.168.1.1
D/NetworkManagementService( 1556): replaceV4DefaultRoute ======cmd:com.android.server.NativeDaemonConnector$Command@41e07240
D/ConnectivityService( 1556): replaceDefaultRoute for ETH (eth0), GatewayAddr=192.168.1.1
D/ConnectivityService( 1556): resetting DNS cache for eth0
D/ConnectivityService( 1556): sendStickyBroadcast: action=android.net.conn.CONNECTIVITY_CHANGE_IMMEDIATE
D/ConnectivityService( 1556): sendStickyBroadcastDelayed: delayMs=3000, action=android.net.conn.CONNECTIVITY_CHANGE
E/Rcond   (  853): Open input device failed, cannot create local source, free now
I/ActivityManager( 1556): Start proc com.lenovo.nova.service for broadcast com.lenovo.nova.service/com.lenovo.nova.receiver.NetworkReceiver: pid=1962 uid=1000 gids={41000, 3003, 1028, 1015, 1023, 1007, 3002, 3001, 2001}
I/Vold    (  842): NetlinkEvent: subsys= input, wifiInterface= (null).
D/NetlinkEvent(  842): NL param 'DEVPATH=/devices/virtual/input/input10'
D/NetlinkEvent(  842): NL param 'PRODUCT=3/0/0/203'
D/NetlinkEvent(  842): NL param 'NAME="Hillcrest MotionEngine CursorMover"'
D/NetlinkEvent(  842): NL param 'PROP=0'
D/NetlinkEvent(  842): NL param 'EV=f'
D/NetlinkEvent(  842): NL param 'KEY=7fffffff ffffffff ffffffff ffffffff ffffffff ffffffff ffffffff ffffffff ffffffff ffffffff ffffffff ffffffff ffffffff ffffffff ffffffff fffffffe'
D/NetlinkEvent(  842): NL param 'REL=100'
D/NetlinkEvent(  842): NL param 'ABS=3'
D/NetlinkEvent(  842): NL param 'MODALIAS=input:b0003v0000p0000e0203-e0,1,2,3,k71,72,73,74,75,76,77,78,79,7A,7B,7C,7D,7E,7F,80,81,82,83,84,85,86,87,88,89,8A,8B,8C,8D,8E,8F,90,91,92,93,94,95,96,97,98,99,9A,9B,9C,9D,9E,9F,A0,A1,A2,A3,A4,A5,A6,A7,A8,A9,AA,AB,AC,AD,AE,AF,B0,B1,B2,B3,B4,B5,B6,B7,B8,B9,BA,BB,BC,BD,BE,BF,C0,C1,C2,C3,C4,C5,C6,C7,C8,C9,CA,CB,CC,CD,CE,CF,D0,D1,D2,D3,D4,D5,D6,D7,D8,D9,DA,DB,DC,DD,DE,DF,E0,E1,E2,E3,E4,E5,E6,E7,E8,E9,EA,EB,EC,ED,EE,EF,F0,F1,F2,F3,F4,F5,F6,F7,F8,F9,FA,FB,FC,FD,FE,FF,100,101,102,103,104,105,106,107,108,109,10A,10B,10C,10D,10E,10F,110,111,112,113,114,115,116,117,118,119,11A,11B,11C,11D,11E,11F,120,121,122,123,124,125,126,127,128,129,12A,12B,12C,12D,12E,12F,130,131,132,133,134,135,136,137,138,139,13A,13B,13C,13D,13E,13F,140,141,142,143,144,145,146,147,148,149,14A,14B,14C,14D,14E,14F,150,151,152,153,154,155,156,157,158,159,15A,15B,15C,15D,15E,15F,160,161,162,163,164,165,166,167,168,169,16A,16B,16C,16D,16E,16F,170,171,172,173,174,175,176,177,178,179,17A,17B,17C,17D,17E,17F,180,181,182,183,184,185,18
I/Vold    (  842): NetlinkEvent: subsys= input, wifiInterface= (null).
D/NetlinkEvent(  842): NL param 'DEVPATH=/devices/virtual/input/input10/mouse4'
D/NetlinkEvent(  842): NL param 'MAJOR=13'
D/NetlinkEvent(  842): NL param 'MINOR=36'
D/NetlinkEvent(  842): NL param 'DEVNAME=input/mouse4'
I/Rcond   (  853): Adding device '/dev/input/mouse4' due to inotify event
E/Rcond   (  853): Could not get driver version for /dev/input/mouse4, Not a typewriter
I/Vold    (  842): NetlinkEvent: subsys= input, wifiInterface= (null).
D/NetlinkEvent(  842): NL param 'DEVPATH=/devices/virtual/input/input10/event10'
D/NetlinkEvent(  842): NL param 'MAJOR=13'
D/NetlinkEvent(  842): NL param 'MINOR=74'
D/NetlinkEvent(  842): NL param 'DEVNAME=input/event10'
E/Rcond   (  853): Open input device failed, cannot create local source, free now
I/Rcond   (  853): Adding device '/dev/input/event10' due to inotify event
I/Vold    (  842): NetlinkEvent: subsys= input, wifiInterface= (null).
D/NetlinkEvent(  842): NL param 'DEVPATH=/devices/virtual/input/input10/mouse4'
D/NetlinkEvent(  842): NL param 'MAJOR=13'
D/NetlinkEvent(  842): NL param 'MINOR=36'
D/NetlinkEvent(  842): NL param 'DEVNAME=input/mouse4'
E/Rcond   (  853): Could not open /dev/input/event10, No such device
E/Rcond   (  853): Open input device failed, cannot create local source, free now
I/Rcond   (  853): Removing device '/dev/input/mouse4' due to inotify event
I/Vold    (  842): NetlinkEvent: subsys= input, wifiInterface= (null).
D/NetlinkEvent(  842): NL param 'DEVPATH=/devices/virtual/input/input10/event10'
D/NetlinkEvent(  842): NL param 'MAJOR=13'
D/NetlinkEvent(  842): NL param 'MINOR=74'
D/NetlinkEvent(  842): NL param 'DEVNAME=input/event10'
I/Rcond   (  853): Removing device '/dev/input/event10' due to inotify event
I/EthernetManager( 1962): Init Ethernet Manager, service: android.net.ethernet.IEthernetManager$Stub$Proxy@41c23b60
D/WifiService( 1556): New client listening to asynchronous messages
D/EthernetService( 1556): getIpConig mode:manual
I/Vold    (  842): NetlinkEvent: subsys= input, wifiInterface= (null).
D/NetlinkEvent(  842): NL param 'DEVPATH=/devices/virtual/input/input10'
D/NetlinkEvent(  842): NL param 'PRODUCT=3/0/0/203'
D/NetlinkEvent(  842): NL param 'NAME="Hillcrest MotionEngine CursorMover"'
D/NetlinkEvent(  842): NL param 'PROP=0'
D/NetlinkEvent(  842): NL param 'EV=f'
D/NetlinkEvent(  842): NL param 'KEY=7fffffff ffffffff ffffffff ffffffff ffffffff ffffffff ffffffff ffffffff ffffffff ffffffff ffffffff ffffffff ffffffff ffffffff ffffffff fffffffe'
D/NetlinkEvent(  842): NL param 'REL=100'
D/NetlinkEvent(  842): NL param 'ABS=3'
D/NetlinkEvent(  842): NL param 'MODALIAS=input:b0003v0000p0000e0203-e0,1,2,3,k71,72,73,74,75,76,77,78,79,7A,7B,7C,7D,7E,7F,80,81,82,83,84,85,86,87,88,89,8A,8B,8C,8D,8E,8F,90,91,92,93,94,95,96,97,98,99,9A,9B,9C,9D,9E,9F,A0,A1,A2,A3,A4,A5,A6,A7,A8,A9,AA,AB,AC,AD,AE,AF,B0,B1,B2,B3,B4,B5,B6,B7,B8,B9,BA,BB,BC,BD,BE,BF,C0,C1,C2,C3,C4,C5,C6,C7,C8,C9,CA,CB,CC,CD,CE,CF,D0,D1,D2,D3,D4,D5,D6,D7,D8,D9,DA,DB,DC,DD,DE,DF,E0,E1,E2,E3,E4,E5,E6,E7,E8,E9,EA,EB,EC,ED,EE,EF,F0,F1,F2,F3,F4,F5,F6,F7,F8,F9,FA,FB,FC,FD,FE,FF,100,101,102,103,104,105,106,107,108,109,10A,10B,10C,10D,10E,10F,110,111,112,113,114,115,116,117,118,119,11A,11B,11C,11D,11E,11F,120,121,122,123,124,125,126,127,128,129,12A,12B,12C,12D,12E,12F,130,131,132,133,134,135,136,137,138,139,13A,13B,13C,13D,13E,13F,140,141,142,143,144,145,146,147,148,149,14A,14B,14C,14D,14E,14F,150,151,152,153,154,155,156,157,158,159,15A,15B,15C,15D,15E,15F,160,161,162,163,164,165,166,167,168,169,16A,16B,16C,16D,16E,16F,170,171,172,173,174,175,176,177,178,179,17A,17B,17C,17D,17E,17F,180,181,182,183,184,185,18
D/EthernetService( 1556): getIpConig mode:manual
I/Vold    (  842): NetlinkEvent: subsys= input, wifiInterface= (null).
D/NetlinkEvent(  842): NL param 'DEVPATH=/devices/virtual/input/input11'
D/NetlinkEvent(  842): NL param 'PRODUCT=3/0/0/203'
D/NetlinkEvent(  842): NL param 'NAME="Hillcrest MotionEngine CursorMover"'
D/NetlinkEvent(  842): NL param 'PROP=0'
D/NetlinkEvent(  842): NL param 'EV=f'
D/NetlinkEvent(  842): NL param 'KEY=7fffffff ffffffff ffffffff ffffffff ffffffff ffffffff ffffffff ffffffff ffffffff ffffffff ffffffff ffffffff ffffffff ffffffff ffffffff fffffffe'
D/NetlinkEvent(  842): NL param 'REL=100'
D/NetlinkEvent(  842): NL param 'ABS=3'
D/NetlinkEvent(  842): NL param 'MODALIAS=input:b0003v0000p0000e0203-e0,1,2,3,k71,72,73,74,75,76,77,78,79,7A,7B,7C,7D,7E,7F,80,81,82,83,84,85,86,87,88,89,8A,8B,8C,8D,8E,8F,90,91,92,93,94,95,96,97,98,99,9A,9B,9C,9D,9E,9F,A0,A1,A2,A3,A4,A5,A6,A7,A8,A9,AA,AB,AC,AD,AE,AF,B0,B1,B2,B3,B4,B5,B6,B7,B8,B9,BA,BB,BC,BD,BE,BF,C0,C1,C2,C3,C4,C5,C6,C7,C8,C9,CA,CB,CC,CD,CE,CF,D0,D1,D2,D3,D4,D5,D6,D7,D8,D9,DA,DB,DC,DD,DE,DF,E0,E1,E2,E3,E4,E5,E6,E7,E8,E9,EA,EB,EC,ED,EE,EF,F0,F1,F2,F3,F4,F5,F6,F7,F8,F9,FA,FB,FC,FD,FE,FF,100,101,102,103,104,105,106,107,108,109,10A,10B,10C,10D,10E,10F,110,111,112,113,114,115,116,117,118,119,11A,11B,11C,11D,11E,11F,120,121,122,123,124,125,126,127,128,129,12A,12B,12C,12D,12E,12F,130,131,132,133,134,135,136,137,138,139,13A,13B,13C,13D,13E,13F,140,141,142,143,144,145,146,147,148,149,14A,14B,14C,14D,14E,14F,150,151,152,153,154,155,156,157,158,159,15A,15B,15C,15D,15E,15F,160,161,162,163,164,165,166,167,168,169,16A,16B,16C,16D,16E,16F,170,171,172,173,174,175,176,177,178,179,17A,17B,17C,17D,17E,17F,180,181,182,183,184,185,18
I/Vold    (  842): NetlinkEvent: subsys= input, wifiInterface= (null).
D/NetlinkEvent(  842): NL param 'DEVPATH=/devices/virtual/input/input11/mouse4'
D/NetlinkEvent(  842): NL param 'MAJOR=13'
D/NetlinkEvent(  842): NL param 'MINOR=36'
D/NetlinkEvent(  842): NL param 'DEVNAME=input/mouse4'
I/Vold    (  842): NetlinkEvent: subsys= input, wifiInterface= (null).
D/NetlinkEvent(  842): NL param 'DEVPATH=/devices/virtual/input/input11/event10'
D/NetlinkEvent(  842): NL param 'MAJOR=13'
D/NetlinkEvent(  842): NL param 'MINOR=74'
D/NetlinkEvent(  842): NL param 'DEVNAME=input/event10'
I/Rcond   (  853): Adding device '/dev/input/mouse4' due to inotify event
I/Vold    (  842): NetlinkEvent: subsys= input, wifiInterface= (null).
D/NetlinkEvent(  842): NL param 'DEVPATH=/devices/virtual/input/input11/mouse4'
D/NetlinkEvent(  842): NL param 'MAJOR=13'
D/NetlinkEvent(  842): NL param 'MINOR=36'
D/NetlinkEvent(  842): NL param 'DEVNAME=input/mouse4'
E/Rcond   (  853): Could not open /dev/input/mouse4, No such device
E/Rcond   (  853): Open input device failed, cannot create local source, free now
I/Rcond   (  853): Adding device '/dev/input/event10' due to inotify event
I/Vold    (  842): NetlinkEvent: subsys= input, wifiInterface= (null).
D/NetlinkEvent(  842): NL param 'DEVPATH=/devices/virtual/input/input11/event10'
D/NetlinkEvent(  842): NL param 'MAJOR=13'
D/NetlinkEvent(  842): NL param 'MINOR=74'
D/NetlinkEvent(  842): NL param 'DEVNAME=input/event10'
E/Rcond   (  853): Could not open /dev/input/event10, No such device
E/Rcond   (  853): Open input device failed, cannot create local source, free now
I/Rcond   (  853): Removing device '/dev/input/mouse4' due to inotify event
I/Rcond   (  853): Removing device '/dev/input/event10' due to inotify event
I/Vold    (  842): NetlinkEvent: subsys= input, wifiInterface= (null).
D/NetlinkEvent(  842): NL param 'DEVPATH=/devices/virtual/input/input11'
D/NetlinkEvent(  842): NL param 'PRODUCT=3/0/0/203'
D/NetlinkEvent(  842): NL param 'NAME="Hillcrest MotionEngine CursorMover"'
D/NetlinkEvent(  842): NL param 'PROP=0'
D/NetlinkEvent(  842): NL param 'EV=f'
D/NetlinkEvent(  842): NL param 'KEY=7fffffff ffffffff ffffffff ffffffff ffffffff ffffffff ffffffff ffffffff ffffffff ffffffff ffffffff ffffffff ffffffff ffffffff ffffffff fffffffe'
D/NetlinkEvent(  842): NL param 'REL=100'
D/NetlinkEvent(  842): NL param 'ABS=3'
D/NetlinkEvent(  842): NL param 'MODALIAS=input:b0003v0000p0000e0203-e0,1,2,3,k71,72,73,74,75,76,77,78,79,7A,7B,7C,7D,7E,7F,80,81,82,83,84,85,86,87,88,89,8A,8B,8C,8D,8E,8F,90,91,92,93,94,95,96,97,98,99,9A,9B,9C,9D,9E,9F,A0,A1,A2,A3,A4,A5,A6,A7,A8,A9,AA,AB,AC,AD,AE,AF,B0,B1,B2,B3,B4,B5,B6,B7,B8,B9,BA,BB,BC,BD,BE,BF,C0,C1,C2,C3,C4,C5,C6,C7,C8,C9,CA,CB,CC,CD,CE,CF,D0,D1,D2,D3,D4,D5,D6,D7,D8,D9,DA,DB,DC,DD,DE,DF,E0,E1,E2,E3,E4,E5,E6,E7,E8,E9,EA,EB,EC,ED,EE,EF,F0,F1,F2,F3,F4,F5,F6,F7,F8,F9,FA,FB,FC,FD,FE,FF,100,101,102,103,104,105,106,107,108,109,10A,10B,10C,10D,10E,10F,110,111,112,113,114,115,116,117,118,119,11A,11B,11C,11D,11E,11F,120,121,122,123,124,125,126,127,128,129,12A,12B,12C,12D,12E,12F,130,131,132,133,134,135,136,137,138,139,13A,13B,13C,13D,13E,13F,140,141,142,143,144,145,146,147,148,149,14A,14B,14C,14D,14E,14F,150,151,152,153,154,155,156,157,158,159,15A,15B,15C,15D,15E,15F,160,161,162,163,164,165,166,167,168,169,16A,16B,16C,16D,16E,16F,170,171,172,173,174,175,176,177,178,179,17A,17B,17C,17D,17E,17F,180,181,182,183,184,185,18
I/Vold    (  842): NetlinkEvent: subsys= input, wifiInterface= (null).
D/NetlinkEvent(  842): NL param 'DEVPATH=/devices/virtual/input/input12'
D/NetlinkEvent(  842): NL param 'PRODUCT=3/0/0/203'
D/NetlinkEvent(  842): NL param 'NAME="Hillcrest MotionEngine CursorMover"'
D/NetlinkEvent(  842): NL param 'PROP=0'
D/NetlinkEvent(  842): NL param 'EV=f'
D/NetlinkEvent(  842): NL param 'KEY=7fffffff ffffffff ffffffff ffffffff ffffffff ffffffff ffffffff ffffffff ffffffff ffffffff ffffffff ffffffff ffffffff ffffffff ffffffff fffffffe'
D/NetlinkEvent(  842): NL param 'REL=100'
D/NetlinkEvent(  842): NL param 'ABS=3'
D/NetlinkEvent(  842): NL param 'MODALIAS=input:b0003v0000p0000e0203-e0,1,2,3,k71,72,73,74,75,76,77,78,79,7A,7B,7C,7D,7E,7F,80,81,82,83,84,85,86,87,88,89,8A,8B,8C,8D,8E,8F,90,91,92,93,94,95,96,97,98,99,9A,9B,9C,9D,9E,9F,A0,A1,A2,A3,A4,A5,A6,A7,A8,A9,AA,AB,AC,AD,AE,AF,B0,B1,B2,B3,B4,B5,B6,B7,B8,B9,BA,BB,BC,BD,BE,BF,C0,C1,C2,C3,C4,C5,C6,C7,C8,C9,CA,CB,CC,CD,CE,CF,D0,D1,D2,D3,D4,D5,D6,D7,D8,D9,DA,DB,DC,DD,DE,DF,E0,E1,E2,E3,E4,E5,E6,E7,E8,E9,EA,EB,EC,ED,EE,EF,F0,F1,F2,F3,F4,F5,F6,F7,F8,F9,FA,FB,FC,FD,FE,FF,100,101,102,103,104,105,106,107,108,109,10A,10B,10C,10D,10E,10F,110,111,112,113,114,115,116,117,118,119,11A,11B,11C,11D,11E,11F,120,121,122,123,124,125,126,127,128,129,12A,12B,12C,12D,12E,12F,130,131,132,133,134,135,136,137,138,139,13A,13B,13C,13D,13E,13F,140,141,142,143,144,145,146,147,148,149,14A,14B,14C,14D,14E,14F,150,151,152,153,154,155,156,157,158,159,15A,15B,15C,15D,15E,15F,160,161,162,163,164,165,166,167,168,169,16A,16B,16C,16D,16E,16F,170,171,172,173,174,175,176,177,178,179,17A,17B,17C,17D,17E,17F,180,181,182,183,184,185,18
I/Vold    (  842): NetlinkEvent: subsys= input, wifiInterface= (null).
D/NetlinkEvent(  842): NL param 'DEVPATH=/devices/virtual/input/input12/mouse4'
D/NetlinkEvent(  842): NL param 'MAJOR=13'
D/NetlinkEvent(  842): NL param 'MINOR=36'
D/NetlinkEvent(  842): NL param 'DEVNAME=input/mouse4'
I/Rcond   (  853): Adding device '/dev/input/mouse4' due to inotify event
E/Rcond   (  853): Could not get driver version for /dev/input/mouse4, Not a typewriter
I/Vold    (  842): NetlinkEvent: subsys= input, wifiInterface= (null).
D/NetlinkEvent(  842): NL param 'DEVPATH=/devices/virtual/input/input12/event10'
D/NetlinkEvent(  842): NL param 'MAJOR=13'
D/NetlinkEvent(  842): NL param 'MINOR=74'
D/NetlinkEvent(  842): NL param 'DEVNAME=input/event10'
E/Rcond   (  853): Open input device failed, cannot create local source, free now
I/Rcond   (  853): Adding device '/dev/input/event10' due to inotify event
I/Rcond   (  853): Got generic keyboard device ...
I/Rcond   (  853): New input device: fd=22,path='/dev/input/event10',name='Hillcrest MotionEngine CursorMover',vendor=0000,product=0000,version=0203
D/Rcond   (  853): Source device name is Hillcrest MotionEngine CursorMover
I/Rcond   (  853): (Synch Events)
I/Rcond   (  853): (Keys or Buttons)
I/Rcond   (  853): (Relative Axes)
I/Rcond   (  853): (Absolute Axes)
I/Vold    (  842): NetlinkEvent: subsys= input, wifiInterface= (null).
D/NetlinkEvent(  842): NL param 'DEVPATH=/devices/virtual/input/input13'
D/NetlinkEvent(  842): NL param 'PRODUCT=6/0/0/203'
D/NetlinkEvent(  842): NL param 'NAME="Hillcrest MotionEngine CursorMover"'
D/NetlinkEvent(  842): NL param 'PROP=0'
D/NetlinkEvent(  842): NL param 'EV=f'
D/NetlinkEvent(  842): NL param 'KEY=7fffffff ffffffff ffffffff ffffffff ffffffff ffffffff ffffffff ffffffff ffffffff ffffffff ffffffff ffffffff ffffffff ffffffff ffffffff fffffffe'
D/NetlinkEvent(  842): NL param 'REL=100'
D/NetlinkEvent(  842): NL param 'ABS=3'
D/NetlinkEvent(  842): NL param 'MODALIAS=input:b0006v0000p0000e0203-e0,1,2,3,k71,72,73,74,75,76,77,78,79,7A,7B,7C,7D,7E,7F,80,81,82,83,84,85,86,87,88,89,8A,8B,8C,8D,8E,8F,90,91,92,93,94,95,96,97,98,99,9A,9B,9C,9D,9E,9F,A0,A1,A2,A3,A4,A5,A6,A7,A8,A9,AA,AB,AC,AD,AE,AF,B0,B1,B2,B3,B4,B5,B6,B7,B8,B9,BA,BB,BC,BD,BE,BF,C0,C1,C2,C3,C4,C5,C6,C7,C8,C9,CA,CB,CC,CD,CE,CF,D0,D1,D2,D3,D4,D5,D6,D7,D8,D9,DA,DB,DC,DD,DE,DF,E0,E1,E2,E3,E4,E5,E6,E7,E8,E9,EA,EB,EC,ED,EE,EF,F0,F1,F2,F3,F4,F5,F6,F7,F8,F9,FA,FB,FC,FD,FE,FF,100,101,102,103,104,105,106,107,108,109,10A,10B,10C,10D,10E,10F,110,111,112,113,114,115,116,117,118,119,11A,11B,11C,11D,11E,11F,120,121,122,123,124,125,126,127,128,129,12A,12B,12C,12D,12E,12F,130,131,132,133,134,135,136,137,138,139,13A,13B,13C,13D,13E,13F,140,141,142,143,144,145,146,147,148,149,14A,14B,14C,14D,14E,14F,150,151,152,153,154,155,156,157,158,159,15A,15B,15C,15D,15E,15F,160,161,162,163,164,165,166,167,168,169,16A,16B,16C,16D,16E,16F,170,171,172,173,174,175,176,177,178,179,17A,17B,17C,17D,17E,17F,180,181,182,183,184,185,18
I/Vold    (  842): NetlinkEvent: subsys= input, wifiInterface= (null).
D/NetlinkEvent(  842): NL param 'DEVPATH=/devices/virtual/input/input13/mouse5'
D/NetlinkEvent(  842): NL param 'MAJOR=13'
D/NetlinkEvent(  842): NL param 'MINOR=37'
D/NetlinkEvent(  842): NL param 'DEVNAME=input/mouse5'
I/Vold    (  842): NetlinkEvent: subsys= input, wifiInterface= (null).
D/NetlinkEvent(  842): NL param 'DEVPATH=/devices/virtual/input/input13/event11'
D/NetlinkEvent(  842): NL param 'MAJOR=13'
D/NetlinkEvent(  842): NL param 'MINOR=75'
D/NetlinkEvent(  842): NL param 'DEVNAME=input/event11'
I/Rcond   (  853): Create local sink (0xb83a7910), add to list 
I/Rcond   (  853): Create local source (0xb83afb88), add to list
I/Rcond   (  853): Adding device '/dev/input/mouse5' due to inotify event
D/Rcond   (  853): Wake read fd set 
E/Rcond   (  853): Could not get driver version for /dev/input/mouse5, Not a typewriter
E/Rcond   (  853): Open input device failed, cannot create local source, free now
I/Rcond   (  853): Adding device '/dev/input/event11' due to inotify event
W/Rcond   (  853): It is a uinput device, ignore it ...
E/Rcond   (  853): Open input device failed, cannot create local source, free now
D/RemoteControllerService( 1556): Send To Handler Remote Controller Mode = 88, Old Mode= 0
D/RemoteControllerService( 1556): Send To Handler Remote Controller Mode = 88, Old Mode= 88 Don't Update RcMode
D/RemoteControllerService( 1556): Send To Handler Remote Controller Mode = 88, Old Mode= 88 Don't Update RcMode
I/ActivityManager( 1556): Start proc com.lenovo.nebula.app for content provider com.lenovo.nebula.app/.data.AppProvider: pid=2010 uid=10034 gids={50034, 3003, 1028, 1015, 1023}
I/ActivityManager( 1556): Start proc android.process.acore for content provider com.android.providers.SettingWeatherCity/.WeatherCitysContentProvider: pid=2025 uid=10053 gids={50053, 1028, 1015, 1023}
I/ActivityManager( 1556): AMS: to start SystemUIService
D/ActivityManager( 1556): Starting service: Intent { cmp=com.android.systemui/.SystemUIService }
W/ContextImpl( 1556): Calling a method in the system process without a qualified user: android.app.ContextImpl.startService:1538 com.android.server.am.ActivityManagerService.finishBooting:5337 com.android.server.am.ActivityStackSupervisor.activityIdleInternalLocked:1939 com.android.server.am.ActivityManagerService.activityIdle:5206 android.app.ActivityManagerNative.onTransact:409 
I/ActivityManager( 1556): MT_AMS: finishBooting() done
I/ActivityManager( 1556): MT_AMS: ESAB()
I/WindowManager( 1556): MT_WM: ESAB()
I/WindowManager( 1556): MT_WM: bt_fin22 to SF
V/WindowManager( 1556): mDisplayModeJustChanged=false
V/WindowManager( 1556): mDisplayModeJustChanged=false
W/ContextImpl( 1556): Calling a method in the system process without a qualified user: android.app.ContextImpl.bindService:1602 android.bluetooth.BluetoothA2dp.doBind:165 android.bluetooth.BluetoothA2dp.<init>:158 android.bluetooth.BluetoothAdapter.getProfileProxy:1374 android.media.AudioService$AudioServiceBroadcastReceiver.onReceive:4257 
V/WiredAccessoryManager( 1556): init()
D/PowerManagerService( 1556): noActionTimeout =5
D/PowerManagerService( 1556): SystemProperties.get(ro.mtk.twoworlds)=0
D/PowerManagerService( 1556): SystemProperties.get(mtk.bgm_custom_flow)=0
I/PowerManagerService( 1556): Boot animation finished.
D/PowerManagerService( 1556): line=com.mediatek.ui#com.mediatek.ui.TurnkeyUiMainActivity
D/PowerManagerService( 1556): index         =15
D/PowerManagerService( 1556): packageName   =com.mediatek.ui
D/PowerManagerService( 1556): activityName  =com.mediatek.ui.TurnkeyUiMainActivity
D/PowerManagerService( 1556): getCustomerWhiteList be called in checkIfBootAnimationFinished.
D/PowerManagerService( 1556): line=debug.mtk.tkui.suspend_mmp
D/PowerManagerService( 1556): getCustomerWaitConfigList be called in checkIfBootAnimationFinished.
I/ActivityManager( 1556): Start proc com.lenovo.dll.nebula.vod for broadcast com.lenovo.dll.nebula.vod/.application.MessagePostBroadcastReceiver: pid=2057 uid=10055 gids={50055, 1028, 1015, 1023, 3003, 1007}
W/ProcessCpuTracker( 1556): Skipping unknown process pid 2002
W/ActivityThread( 1778): ClassLoader.loadClass: The class loader returned by Thread.getContextClassLoader() may fail for processes that host multiple applications. You should explicitly specify a context class loader. For example: Thread.setContextClassLoader(getClass().getClassLoader());
