W/ViewRootImpl( 1778): Dropping event due to no window focus: KeyEvent { action=ACTION_DOWN, keyCode=KEYCODE_BACK, scanCode=1, metaState=0, flags=0x8, repeatCount=0, eventTime=167322, downTime=167322, deviceId=1, source=0x101 }
D/WindowManager( 1556): Unhandled key: win=Window{41de1690 u0 com.lenovo.dll.nebula.launcher/com.lenovo.dll.nebula.launcher.MyLauncher}, action=0, flags=8, keyCode=4, scanCode=1, metaState=0, repeatCount=0, policyFlags=1107296256
D/WindowManager( 1556): No fallback.
D/WindowManager( 1556): Unhandled key: win=Window{41de1690 u0 com.lenovo.dll.nebula.launcher/com.lenovo.dll.nebula.launcher.MyLauncher}, action=1, flags=8, keyCode=4, scanCode=1, metaState=0, repeatCount=0, policyFlags=1107296256
D/WindowManager( 1556): No fallback.
D/WindowManager( 1556): Unhandled key: win=Window{41de1690 u0 com.lenovo.dll.nebula.launcher/com.lenovo.dll.nebula.launcher.MyLauncher}, action=0, flags=8, keyCode=4, scanCode=1, metaState=0, repeatCount=0, policyFlags=1107296256
D/WindowManager( 1556): No fallback.
D/WindowManager( 1556): Unhandled key: win=Window{41de1690 u0 com.lenovo.dll.nebula.launcher/com.lenovo.dll.nebula.launcher.MyLauncher}, action=1, flags=8, keyCode=4, scanCode=1, metaState=0, repeatCount=0, policyFlags=1107296256
D/WindowManager( 1556): No fallback.
I/ActivityManager( 1556): Killing 2552:com.lenovo.nebula.app/u0a34 (adj 15): empty #9
I/ActivityManager( 1556): Killing 2697:android.process.acore/u0a53 (adj 15): empty #9
D/WindowManager( 1556): Unhandled key: win=Window{41de1690 u0 com.lenovo.dll.nebula.launcher/com.lenovo.dll.nebula.launcher.MyLauncher}, action=0, flags=8, keyCode=4, scanCode=1, metaState=0, repeatCount=0, policyFlags=1107296256
D/WindowManager( 1556): No fallback.
D/WindowManager( 1556): Unhandled key: win=Window{41de1690 u0 com.lenovo.dll.nebula.launcher/com.lenovo.dll.nebula.launcher.MyLauncher}, action=1, flags=8, keyCode=4, scanCode=1, metaState=0, repeatCount=0, policyFlags=1107296256
D/WindowManager( 1556): No fallback.
W/ActivityManager( 1556): Unable to start service Intent { act=tv.ismar.daisy.initservice } U=0: not found
D/ConnectivityService( 1556): Sampling interval elapsed, updating statistics ..
D/ConnectivityService( 1556): Done.
D/ConnectivityService( 1556): Setting timer for 30seconds
W/ContextImpl( 2464): Calling a method in the system process without a qualified user: android.app.ContextImpl.sendStickyBroadcast:1340 android.content.ContextWrapper.sendStickyBroadcast:439 com.lenovo.tv.provider.UpdateADService.getTVLauncherAD:275 com.lenovo.tv.provider.UpdateADService$4.run:239 android.os.Handler.handleCallback:733 
D/ConnectivityService( 1556): Sampling interval elapsed, updating statistics ..
D/ConnectivityService( 1556): Done.
D/ConnectivityService( 1556): Setting timer for 30seconds
D/ConnectivityService( 1556): Sampling interval elapsed, updating statistics ..
D/ConnectivityService( 1556): Done.
D/ConnectivityService( 1556): Setting timer for 30seconds
D/ConnectivityService( 1556): Sampling interval elapsed, updating statistics ..
D/ConnectivityService( 1556): Done.
D/ConnectivityService( 1556): Setting timer for 30seconds
W/ContextImpl( 1556): Calling a method in the system process without a qualified user: android.app.ContextImpl.sendBroadcast:1182 com.android.server.power.PowerManagerService.sentNoActionTimeoutIntent:482 com.android.server.power.PowerManagerService.access$300:95 com.android.server.power.PowerManagerService$1.run:496 java.util.Timer$TimerImpl.run:284 
D/PowerManagerService( 1556): send ACTION_NO_ACTION_TIMEOUT intent , counters=1
D/ConnectivityService( 1556): Sampling interval elapsed, updating statistics ..
D/ConnectivityService( 1556): Done.
D/ConnectivityService( 1556): Setting timer for 30seconds
E/ActivityThread( 2639): Failed to find provider info for telephony
W/ContextImpl( 2639): Calling a method in the system process without a qualified user: android.app.ContextImpl.sendBroadcast:1182 android.content.ContextWrapper.sendBroadcast:377 com.huawei.android.pushagent.b.c.a.a:-1 com.huawei.android.pushagent.h.run:-1 android.os.Handler.handleCallback:733 
E/ActivityThread( 2639): Failed to find provider info for telephony
W/ContextImpl( 2639): Calling a method in the system process without a qualified user: android.app.ContextImpl.sendBroadcast:1182 android.content.ContextWrapper.sendBroadcast:377 com.huawei.android.pushagent.b.c.a.a:-1 com.huawei.android.pushagent.h.run:-1 android.os.Handler.handleCallback:733 
E/ActivityThread( 2639): Failed to find provider info for telephony
E/ActivityThread( 2639): Failed to find provider info for telephony
E/ActivityThread( 2639): Failed to find provider info for telephony
W/ContextImpl( 2464): Calling a method in the system process without a qualified user: android.app.ContextImpl.sendStickyBroadcast:1340 android.content.ContextWrapper.sendStickyBroadcast:439 com.lenovo.tv.provider.UpdateADService.getTVLauncherAD:275 com.lenovo.tv.provider.UpdateADService$5.run:251 android.os.Handler.handleCallback:733 
D/ConnectivityService( 1556): Sampling interval elapsed, updating statistics ..
D/ConnectivityService( 1556): Done.
D/ConnectivityService( 1556): Setting timer for 30seconds
W/ContextImpl( 2464): Calling a method in the system process without a qualified user: android.app.ContextImpl.sendStickyBroadcast:1340 android.content.ContextWrapper.sendStickyBroadcast:439 com.lenovo.tv.provider.UpdateADService.getTVLauncherAD:275 com.lenovo.tv.provider.UpdateADService$5.run:251 android.os.Handler.handleCallback:733 
D/ConnectivityService( 1556): Sampling interval elapsed, updating statistics ..
D/ConnectivityService( 1556): Done.
D/ConnectivityService( 1556): Setting timer for 30seconds
D/ConnectivityService( 1556): Sampling interval elapsed, updating statistics ..
D/ConnectivityService( 1556): Done.
D/ConnectivityService( 1556): Setting timer for 30seconds
D/ConnectivityService( 1556): Sampling interval elapsed, updating statistics ..
D/ConnectivityService( 1556): Done.
D/ConnectivityService( 1556): Setting timer for 30seconds
D/ConnectivityService( 1556): Sampling interval elapsed, updating statistics ..
D/ConnectivityService( 1556): Done.
D/ConnectivityService( 1556): Setting timer for 30seconds
D/ConnectivityService( 1556): Sampling interval elapsed, updating statistics ..
D/ConnectivityService( 1556): Done.
D/ConnectivityService( 1556): Setting timer for 30seconds
D/ConnectivityService( 1556): Sampling interval elapsed, updating statistics ..
D/ConnectivityService( 1556): Done.
D/ConnectivityService( 1556): Setting timer for 30seconds
D/ConnectivityService( 1556): Sampling interval elapsed, updating statistics ..
D/ConnectivityService( 1556): Done.
D/ConnectivityService( 1556): Setting timer for 30seconds
D/ConnectivityService( 1556): Sampling interval elapsed, updating statistics ..
D/ConnectivityService( 1556): Done.
D/ConnectivityService( 1556): Setting timer for 30seconds
W/ContextImpl( 1556): Calling a method in the system process without a qualified user: android.app.ContextImpl.sendBroadcast:1182 com.android.server.power.PowerManagerService.sentNoActionTimeoutIntent:482 com.android.server.power.PowerManagerService.access$300:95 com.android.server.power.PowerManagerService$1.run:496 java.util.Timer$TimerImpl.run:284 
D/PowerManagerService( 1556): send ACTION_NO_ACTION_TIMEOUT intent , counters=2
D/ConnectivityService( 1556): Sampling interval elapsed, updating statistics ..
D/ConnectivityService( 1556): Done.
D/ConnectivityService( 1556): Setting timer for 30seconds
D/ConnectivityService( 1556): Sampling interval elapsed, updating statistics ..
D/ConnectivityService( 1556): Done.
D/ConnectivityService( 1556): Setting timer for 30seconds
D/ConnectivityService( 1556): Sampling interval elapsed, updating statistics ..
D/ConnectivityService( 1556): Done.
D/ConnectivityService( 1556): Setting timer for 30seconds
D/ConnectivityService( 1556): Sampling interval elapsed, updating statistics ..
D/ConnectivityService( 1556): Done.
D/ConnectivityService( 1556): Setting timer for 30seconds
D/ConnectivityService( 1556): Sampling interval elapsed, updating statistics ..
D/ConnectivityService( 1556): Done.
D/ConnectivityService( 1556): Setting timer for 30seconds
D/ConnectivityService( 1556): Sampling interval elapsed, updating statistics ..
D/ConnectivityService( 1556): Done.
D/ConnectivityService( 1556): Setting timer for 30seconds
D/ConnectivityService( 1556): Sampling interval elapsed, updating statistics ..
D/ConnectivityService( 1556): Done.
D/ConnectivityService( 1556): Setting timer for 30seconds
D/ConnectivityService( 1556): Sampling interval elapsed, updating statistics ..
D/ConnectivityService( 1556): Done.
D/ConnectivityService( 1556): Setting timer for 30seconds
D/ConnectivityService( 1556): Sampling interval elapsed, updating statistics ..
D/ConnectivityService( 1556): Done.
D/ConnectivityService( 1556): Setting timer for 30seconds
D/ConnectivityService( 1556): Sampling interval elapsed, updating statistics ..
D/ConnectivityService( 1556): Done.
D/ConnectivityService( 1556): Setting timer for 30seconds
W/ContextImpl( 1556): Calling a method in the system process without a qualified user: android.app.ContextImpl.sendBroadcast:1182 com.android.server.power.PowerManagerService.sentNoActionTimeoutIntent:482 com.android.server.power.PowerManagerService.access$300:95 com.android.server.power.PowerManagerService$1.run:496 java.util.Timer$TimerImpl.run:284 
D/PowerManagerService( 1556): send ACTION_NO_ACTION_TIMEOUT intent , counters=3
D/ConnectivityService( 1556): Sampling interval elapsed, updating statistics ..
D/ConnectivityService( 1556): Done.
D/ConnectivityService( 1556): Setting timer for 30seconds
D/ConnectivityService( 1556): Sampling interval elapsed, updating statistics ..
D/ConnectivityService( 1556): Done.
D/ConnectivityService( 1556): Setting timer for 30seconds
--------- beginning of /dev/log/main
D/StatisticService( 1556): sendToServer : W3siZXZlbnQiOiJzeXN0ZW1fb24iLCJwcm9wZXJ0aWVzIjp7IndlbGNvbWUiOiJTbWFydCIsImZp
D/StatisticService( 1556): cm13YXJlIjoiTGVub3ZvXC9jb25zdGFudGluXC9zdW46NC40LjNcL1AwMTgwLjAwXC8wMTgwLjIw
D/StatisticService( 1556): MTUtMDctMjgtMDMyMTMyOmVuZ1wvdGVzdC1rZXlzIiwiZHVyYXRpb24iOjIxNTQsInRpbWUiOjE0
D/StatisticService( 1556): NDIyODYxNjB9fSx7ImV2ZW50IjoibGF1bmNoZXJfdm9kX291dCIsInByb3BlcnRpZXMiOnsidGlt
D/StatisticService( 1556): ZSI6MTQ0MjI4NjE2Mn19LHsiZXZlbnQiOiJjb250cm9sbGVyX29wZXIiLCJwcm9wZXJ0aWVzIjp7
D/StatisticService( 1556): InNvdXJjZSI6MSwiY29udGV4dCI6InN5c3RlbSIsImtleSI6MjEsInRpbWUiOjE0NDIyODYxNjN9
D/StatisticService( 1556): fSx7ImV2ZW50IjoiY29udHJvbGxlcl9vcGVyIiwicHJvcGVydGllcyI6eyJzb3VyY2UiOjEsImNv
D/StatisticService( 1556): bnRleHQiOiJzeXN0ZW0iLCJrZXkiOjIxLCJ0aW1lIjoxNDQyMjg2MTYzfX0seyJldmVudCI6ImNv
D/StatisticService( 1556): bnRyb2xsZXJfb3BlciIsInByb3BlcnRpZXMiOnsic291cmNlIjoxLCJjb250ZXh0Ijoic3lzdGVt
D/StatisticService( 1556): Iiwia2V5IjoyMSwidGltZSI6MTQ0MjI4NjE2NH19LHsiZXZlbnQiOiJjb250cm9sbGVyX29wZXIi
D/StatisticService( 1556): LCJwcm9wZXJ0aWVzIjp7InNvdXJjZSI6MSwiY29udGV4dCI6InN5c3RlbSIsImtleSI6MjAsInRp
D/StatisticService( 1556): bWUiOjE0NDIyODYxNjV9fSx7ImV2ZW50IjoiY29udHJvbGxlcl9vcGVyIiwicHJvcGVydGllcyI6
D/StatisticService( 1556): eyJzb3VyY2UiOjEsImNvbnRleHQiOiJzeXN0ZW0iLCJrZXkiOjQsInRpbWUiOjE0NDIyODYxNjd9
D/StatisticService( 1556): fSx7ImV2ZW50IjoiY29udHJvbGxlcl9vcGVyIiwicHJvcGVydGllcyI6eyJzb3VyY2UiOjEsImNv
D/StatisticService( 1556): bnRleHQiOiJzeXN0ZW0iLCJrZXkiOjQsInRpbWUiOjE0NDIyODYxNjd9fSx7ImV2ZW50IjoiY29u
D/StatisticService( 1556): dHJvbGxlcl9vcGVyIiwicHJvcGVydGllcyI6eyJzb3VyY2UiOjEsImNvbnRleHQiOiJzeXN0ZW0i
D/StatisticService( 1556): LCJrZXkiOjIwLCJ0aW1lIjoxNDQyMjg2MTY4fX0seyJldmVudCI6ImNvbnRyb2xsZXJfb3BlciIs
D/StatisticService( 1556): InByb3BlcnRpZXMiOnsic291cmNlIjoxLCJjb250ZXh0Ijoic3lzdGVtIiwia2V5IjoyMSwidGlt
D/StatisticService( 1556): ZSI6MTQ0MjI4NjE2OX19LHsiZXZlbnQiOiJjb250cm9sbGVyX29wZXIiLCJwcm9wZXJ0aWVzIjp7
D/StatisticService( 1556): InNvdXJjZSI6MSwiY29udGV4dCI6InN5c3RlbSIsImtleSI6MjEsInRpbWUiOjE0NDIyODYxNjl9
D/StatisticService( 1556): fSx7ImV2ZW50IjoiY29udHJvbGxlcl9vcGVyIiwicHJvcGVydGllcyI6eyJzb3VyY2UiOjI0LCJj
D/StatisticService( 1556): b250ZXh0Ijoic3lzdGVtIiwia2V5IjoyMywidGltZSI6MTQ0MjI4NjE3MH19LHsiZXZlbnQiOiJj
D/StatisticService( 1556): b250cm9sbGVyX29wZXIiLCJwcm9wZXJ0aWVzIjp7InNvdXJjZSI6MSwiY29udGV4dCI6InN5c3Rl
D/StatisticService( 1556): bSIsImtleSI6MjAsInRpbWUiOjE0NDIyODYxNzJ9fSx7ImV2ZW50IjoiY29udHJvbGxlcl9vcGVy
D/StatisticService( 1556): IiwicHJvcGVydGllcyI6eyJzb3VyY2UiOjEsImNvbnRleHQiOiJzeXN0ZW0iLCJrZXkiOjIwLCJ0
D/StatisticService( 1556): aW1lIjoxNDQyMjg2MTcyfX0seyJldmVudCI6ImNvbnRyb2xsZXJfb3BlciIsInByb3BlcnRpZXMi
D/StatisticService( 1556): Onsic291cmNlIjoxLCJjb250ZXh0Ijoic3lzdGVtIiwia2V5IjoyMCwidGltZSI6MTQ0MjI4NjE3
D/StatisticService( 1556): Mn19LHsiZXZlbnQiOiJjb250cm9sbGVyX29wZXIiLCJwcm9wZXJ0aWVzIjp7InNvdXJjZSI6MSwi
D/StatisticService( 1556): Y29udGV4dCI6InN5c3RlbSIsImtleSI6MjAsInRpbWUiOjE0NDIyODYxNzJ9fSx7ImV2ZW50Ijoi
D/StatisticService( 1556): Y29udHJvbGxlcl9vcGVyIiwicHJvcGVydGllcyI6eyJzb3VyY2UiOjI0LCJjb250ZXh0Ijoic3lz
D/StatisticService( 1556): dGVtIiwia2V5IjoyMywidGltZSI6MTQ0MjI4NjE3M319LHsiZXZlbnQiOiJjb250cm9sbGVyX29w
D/StatisticService( 1556): ZXIiLCJwcm9wZXJ0aWVzIjp7InNvdXJjZSI6MSwiY29udGV4dCI6InN5c3RlbSIsImtleSI6MjIs
D/StatisticService( 1556): InRpbWUiOjE0NDIyODYxNzR9fSx7ImV2ZW50IjoiY29udHJvbGxlcl9vcGVyIiwicHJvcGVydGll
D/StatisticService( 1556): cyI6eyJzb3VyY2UiOjEsImNvbnRleHQiOiJzeXN0ZW0iLCJrZXkiOjIwLCJ0aW1lIjoxNDQyMjg2
D/StatisticService( 1556): MTc1fX0seyJldmVudCI6ImNvbnRyb2xsZXJfb3BlciIsInByb3BlcnRpZXMiOnsic291cmNlIjox
D/StatisticService( 1556): LCJjb250ZXh0Ijoic3lzdGVtIiwia2V5IjoyMCwidGltZSI6MTQ0MjI4NjE3Nn19LHsiZXZlbnQi
D/StatisticService( 1556): OiJjb250cm9sbGVyX29wZXIiLCJwcm9wZXJ0aWVzIjp7InNvdXJjZSI6MSwiY29udGV4dCI6InN5
D/StatisticService( 1556): c3RlbSIsImtleSI6MTksInRpbWUiOjE0NDIyODYxNzZ9fSx7ImV2ZW50IjoiY29udHJvbGxlcl9v
D/StatisticService( 1556): cGVyIiwicHJvcGVydGllcyI6eyJzb3VyY2UiOjEsImNvbnRleHQiOiJzeXN0ZW0iLCJrZXkiOjE5
D/StatisticService( 1556): LCJ0aW1lIjoxNDQyMjg2MTc3fX0seyJldmVudCI6ImNvbnRyb2xsZXJfb3BlciIsInByb3BlcnRp
D/StatisticService( 1556): ZXMiOnsic291cmNlIjoyNCwiY29udGV4dCI6InN5c3RlbSIsImtleSI6MjMsInRpbWUiOjE0NDIy
D/StatisticService( 1556): ODYxNzd9fSx7ImV2ZW50IjoiY29udHJvbGxlcl9vcGVyIiwicHJvcGVydGllcyI6eyJzb3VyY2Ui
D/StatisticService( 1556): OjEsImNvbnRleHQiOiJzeXN0ZW0iLCJrZXkiOjQsInRpbWUiOjE0NDIyODYxODB9fSx7ImV2ZW50
D/StatisticService( 1556): IjoiY29udHJvbGxlcl9vcGVyIiwicHJvcGVydGllcyI6eyJzb3VyY2UiOjEsImNvbnRleHQiOiJz
D/StatisticService( 1556): eXN0ZW0iLCJrZXkiOjIwLCJ0aW1lIjoxNDQyMjg2MTgwfX0seyJldmVudCI6ImNvbnRyb2xsZXJf
D/StatisticService( 1556): b3BlciIsInByb3BlcnRpZXMiOnsic291cmNlIjoxLCJjb250ZXh0Ijoic3lzdGVtIiwia2V5Ijoy
D/StatisticService( 1556): MCwidGltZSI6MTQ0MjI4NjE4MX19LHsiZXZlbnQiOiJjb250cm9sbGVyX29wZXIiLCJwcm9wZXJ0
D/StatisticService( 1556): aWVzIjp7InNvdXJjZSI6MjQsImNvbnRleHQiOiJzeXN0ZW0iLCJrZXkiOjIzLCJ0aW1lIjoxNDQy
D/StatisticService( 1556): Mjg2MTgxfX0seyJldmVudCI6ImNvbnRyb2xsZXJfb3BlciIsInByb3BlcnRpZXMiOnsic291cmNl
D/StatisticService( 1556): IjoxLCJjb250ZXh0Ijoic3lzdGVtIiwia2V5Ijo0LCJ0aW1lIjoxNDQyMjg2MTg2fX0seyJldmVu
D/StatisticService( 1556): dCI6ImNvbnRyb2xsZXJfb3BlciIsInByb3BlcnRpZXMiOnsic291cmNlIjoxLCJjb250ZXh0Ijoi
D/StatisticService( 1556): c3lzdGVtIiwia2V5IjoxOSwidGltZSI6MTQ0MjI4NjE4N319LHsiZXZlbnQiOiJjb250cm9sbGVy
D/StatisticService( 1556): X29wZXIiLCJwcm9wZXJ0aWVzIjp7InNvdXJjZS
D/ConnectivityService( 1556): Sampling interval elapsed, updating statistics ..
D/ConnectivityService( 1556): Done.
D/ConnectivityService( 1556): Setting timer for 30seconds
I/Fota    ( 2320): [AtomConnectUtil] the server address = http://orchid.tvxio.com/messages/101020100/atom/
I/Fota    ( 2320): [AtomInfo] the device's useragent = LenovoTV_55E82/P0180.00 HGX04KPL
I/VOD_SERVICE( 1857): |INFO|http://cord.tvxio.com/v1_0/E82/frk/api/tv/section/tvhome/|304||GET|
D/StatisticService( 1556): sendToServer response OK
D/StatisticService( 1556): sendToServer costed time : 51156375
D/StatisticService( 1556): sendMessages success : [{"event":"system_on","properties":{"welcome":"Smart","firmware":"Lenovo\/constantin\/sun:4.4.3\/P0180.00\/0180.2015-07-28-032132:eng\/test-keys","duration":2154,"time":1442286160}},{"event":"launcher_vod_out","properties":{"time":1442286162}},{"event":"controller_oper","properties":{"source":1,"context":"system","key":21,"time":1442286163}},{"event":"controller_oper","properties":{"source":1,"context":"system","key":21,"time":1442286163}},{"event":"controller_oper","properties":{"source":1,"context":"system","key":21,"time":1442286164}},{"event":"controller_oper","properties":{"source":1,"context":"system","key":20,"time":1442286165}},{"event":"controller_oper","properties":{"source":1,"context":"system","key":4,"time":1442286167}},{"event":"controller_oper","properties":{"source":1,"context":"system","key":4,"time":1442286167}},{"event":"controller_oper","properties":{"source":1,"context":"system","key":20,"time":1442286168}},{"event":"controller_oper","properties":{"source":1,"context":"system","key":21,"time":1442286169}},{"event":"controller_oper","properties":{"source":1,"context":"system","key":21,"time":1442286169}},{"event":"controller_oper","properties":{"source":24,"context":"system","key":23,"time":1442286170}},{"event":"controller_oper","properties":{"source":1,"context":"system","key":20,"time":1442286172}},{"event":"controller_oper","properties":{"source":1,"context":"system","key":20,"time":1442286172}},{"event":"controller_oper","properties":{"source":1,"context":"system","key":20,"time":1442286172}},{"event":"controller_oper","properties":{"source":1,"context":"system","key":20,"time":1442286172}},{"event":"controller_oper","properties":{"source":24,"context":"system","key":23,"time":1442286173}},{"event":"controller_oper","properties":{"source":1,"context":"system","key":22,"time":1442286174}},{"event":"controller_oper","properties":{"source":1,"context":"system","key":20,"time":1442286175}},{"event":"controller_oper","properties":{"source":1,"context":"system","key":20,"time":1442286176}},{"event":"controller_oper","properties":{"source":1,"context":"system","key":19,"time":1442286176}},{"event":"controller_oper","properties":{"source":1,"context":"system","key":19,"time":1442286177}},{"event":"controller_oper","properties":{"source":24,"context":"system","key":23,"time":1442286177}},{"event":"controller_oper","properties":{"source":1,"context":"system","key":4,"time":1442286180}},{"event":"controller_oper","properties":{"source":1,"context":"system","key":20,"time":1442286180}},{"event":"controller_oper","properties":{"source":1,"context":"system","key":20,"time":1442286181}},{"event":"controller_oper","properties":{"source":24,"context":"system","key":23,"time":1442286181}},{"event":"controller_oper","properties":{"source":1,"context":"system","key":4,"time":1442286186}},{"event":"controller_oper","properties":{"source":1,"context":"system","key":19,"time":1442286187}},{"event":"controller_oper","properties":{"source":1,"context":"system","key":19,"time":1442286187}},{"event":"controller_oper","properties":{"source":24,"context":"system","key":23,"time":1442286188}},{"event":"controller_oper","properties":{"source":1,"context":"system","key":4,"time":1442286189}},{"event":"controller_oper","properties":{"source":1,"context":"system","key":4,"time":1442286194}},{"event":"controller_oper","properties":{"source":24,"context":"system","key":23,"time":1442286195}},{"event":"controller_oper","properties":{"source":1,"context":"system","key":20,"time":1442286197}},{"event":"controller_oper","properties":{"source":24,"context":"system","key":23,"time":1442286198}},{"event":"controller_oper","properties":{"source":1,"context":"system","key":20,"time":1442286200}},{"event":"controller_oper","properties":{"source":1,"context":"system","key":20,"time":1442286200}},{"event":"controller_oper","properties":{"source":1,"context":"system","key":20,"time":1442286202}},{"event":"controller_oper","properties":{"source":1,"context":"system","key":4,"time":144
I/VOD_SERVICE( 1857): |INFO|http://cord.tvxio.com/v1_0/E82/frk/api/tv/channels/|304||GET|
I/VOD_SERVICE( 1857): |INFO|http://cord.tvxio.com/v1_0/E82/frk/api/tv/frontpage/|304||GET|
I/Fota    ( 2320): [AtomConnectUtil] run doHttpGetXml the httpstatus=500
I/Fota    ( 2320): [AtomInfo] the device's useragent = LenovoTV_55E82/P0180.00 HGX04KPL
D/dalvikvm( 1857): GC_CONCURRENT freed 859K, 72% free 3114K/11076K, paused 2ms+3ms, total 28ms
I/VOD_SERVICE( 1857): |INFO|http://cord.tvxio.com/v1_0/E82/frk/static/meta/content_model.json|304||GET|
I/VOD_SERVICE( 1857): |INFO|*video_id =1239|class com.lenovo.dll.nebula.vod.service.task.UpdateLinkedVideoTask|
I/Fota    ( 2320): [AtomConnectUtil] run doHttpGetXml the httpstatus=500
I/VOD_SERVICE( 1857): |INFO|http://cord.tvxio.com/v1_0/E82/frk/api/tv/linkedvideo/1239/|304||GET|
I/Fota    ( 2320): [AtomInfo] the device's useragent = LenovoTV_55E82/P0180.00 HGX04KPL
I/VOD_SERVICE( 1857): |INFO|Update config data!|class com.lenovo.dll.nebula.vod.service.content.HomePageProvider|
I/Fota    ( 2320): [AtomConnectUtil] run doHttpGetXml the httpstatus=500
I/VOD_SERVICE( 1857): |INFO|Config:preload: true, switch_time: 10|class com.lenovo.dll.nebula.vod.service.task.UpdateConfigTask|
I/VOD_SERVICE( 1857): |INFO|update Follow!|class com.lenovo.dll.nebula.vod.service.VodHomePageService|
W/ContextImpl( 1857): Implicit intents with startService are not safe: Intent { act=com.lenovo.dll.nebula.vod.service.UpdateFollow } android.content.ContextWrapper.startService:506 com.lenovo.dll.nebula.vod.service.VodHomePageService.updateFollow:193 com.lenovo.dll.nebula.vod.service.VodHomePageService.access$1000:32 
D/UpdateFollowService( 2981): onStart
D/BookMark( 2981): BookMarkWorkTool.getToken============
I/Fota    ( 2320): [AtomService] AtomService: AtomService get Atom null Date 
D/BookMark( 2981): NetWorkFollowTool.get
D/VOD     ( 2981): userAgent : LenovoTV_55E82/P0180.00 HGX04KPL
D/BookMark( 2981): From Server
D/BookMark( 2981): cache.setFollowList
D/UpdateFollowService( 2981): BOOKMARK_FOLLOW_SUCCESS
D/BookMark( 2981): cache.getFollowList
D/dalvikvm( 2753): GC_FOR_ALLOC freed 1196K, 44% free 6307K/11072K, paused 35ms, total 36ms
D/LeApp   ( 2464): wait to kill:2
D/LeApp   ( 2464): wait to kill:2
D/AndroidRuntime( 3363): 
D/AndroidRuntime( 3363): >>>>>> AndroidRuntime START com.android.internal.os.RuntimeInit <<<<<<
D/AndroidRuntime( 3363): CheckJNI is ON
I/AndroidRuntime( 3363): JNI options: '-Xjniopts:warnonly'
I/dalvikvm( 3363): DexOpt: mismatch dep name: '/data/dalvik-cache/system@framework@core.jar@classes.dex' vs. '/system/framework/core.odex'
E/dalvikvm( 3363): /system/framework/com.mediatek.util.jar odex has stale dependencies
I/dalvikvm( 3363): DexOpt: mismatch dep name: '/data/dalvik-cache/system@framework@core.jar@classes.dex' vs. '/system/framework/core.odex'
E/dalvikvm( 3363): /system/framework/com.mediatek.record.jar odex has stale dependencies
D/dalvikvm( 3363): Trying to load lib libjavacore.so 0x0
D/dalvikvm( 3363): Added shared lib libjavacore.so 0x0
D/dalvikvm( 3363): Trying to load lib libnativehelper.so 0x0
D/dalvikvm( 3363): Added shared lib libnativehelper.so 0x0
D/dalvikvm( 3363): No JNI_OnLoad found in libnativehelper.so 0x0, skipping init
D/dalvikvm( 3363): Note: class Landroid/app/ActivityManagerNative; has 183 unimplemented (abstract) methods
E/memtrack( 3363): Couldn't load memtrack module (No such file or directory)
E/android.os.Debug( 3363): failed to load memtrack module: -2
I/ethernet( 3363): Loading ethernet jni class
D/AndroidRuntime( 3363): Calling main entry com.android.commands.pm.Pm
D/dalvikvm( 1556): GC_EXPLICIT freed 2748K, 39% free 6811K/11072K, paused 5ms+8ms, total 68ms
W/ActivityManager( 1556): No content provider found for permission revoke: file:///data/local/tmp/AdvertisementActivity.apk
W/ActivityManager( 1556): No content provider found for permission revoke: file:///data/local/tmp/AdvertisementActivity.apk
I/PackageManager( 1556): Copying native libraries to /data/app-lib/vmdl1028388565
E/PowerManagerService( 1556): (yjdbg) PARTIAL_WAKE_LOCK PARTIAL_WAKE_LOCK              'AlarmManager' (uid=1000, pid=1556, ws=WorkSource{1000})
D/ConnectivityService( 1556): Sampling interval elapsed, updating statistics ..
D/ConnectivityService( 1556): Done.
D/ConnectivityService( 1556): Setting timer for 30seconds
D/dalvikvm( 1556): GC_FOR_ALLOC freed 2791K, 27% free 8115K/11072K, paused 64ms, total 64ms
I/ActivityManager( 1556): Force stopping tv.ismar.daisy appid=10063 user=-1: uninstall pkg
I/ActivityManager( 1556): Killing 3086:tv.ismar.daisy/u0a63 (adj 11): stop tv.ismar.daisy
D/WifiService( 1556): Client connection lost with reason: 4
I/PackageManager( 1556): Package tv.ismar.daisy codePath changed from /data/app/tv.ismar.daisy-1.apk to /data/app/tv.ismar.daisy-2.apk; Retaining data and using new
I/PackageManager( 1556): Running dexopt on: tv.ismar.daisy
I/dalvikvm( 3374): DexOpt: mismatch dep name: '/data/dalvik-cache/system@framework@core.jar@classes.dex' vs. '/system/framework/core.odex'
E/dalvikvm( 3374): /system/framework/com.mediatek.util.jar odex has stale dependencies
I/dalvikvm( 3374): DexOpt: mismatch dep name: '/data/dalvik-cache/system@framework@core.jar@classes.dex' vs. '/system/framework/core.odex'
E/dalvikvm( 3374): /system/framework/com.mediatek.record.jar odex has stale dependencies
W/dalvikvm( 3374): method Lorg/sakuratya/horizontal/ui/HGridView;.checkSelectionChanged incorrectly overrides package-private method with same name in Landroid/widget/AdapterView;
W/dalvikvm( 3374): method Lorg/sakuratya/horizontal/ui/HGridView;.handleDataChanged incorrectly overrides package-private method with same name in Landroid/widget/AdapterView;
W/dalvikvm( 3374): method Lorg/sakuratya/horizontal/ui/HGridView;.rememberSyncState incorrectly overrides package-private method with same name in Landroid/widget/AdapterView;
W/dalvikvm( 3374): method Lorg/sakuratya/horizontal/ui/HGridView;.selectionChanged incorrectly overrides package-private method with same name in Landroid/widget/AdapterView;
W/dalvikvm( 3374): method Lorg/sakuratya/horizontal/ui/ZGridView;.checkSelectionChanged incorrectly overrides package-private method with same name in Landroid/widget/AdapterView;
W/dalvikvm( 3374): method Lorg/sakuratya/horizontal/ui/ZGridView;.findSyncPosition incorrectly overrides package-private method with same name in Landroid/widget/AdapterView;
W/dalvikvm( 3374): method Lorg/sakuratya/horizontal/ui/ZGridView;.handleDataChanged incorrectly overrides package-private method with same name in Landroid/widget/AdapterView;
W/dalvikvm( 3374): method Lorg/sakuratya/horizontal/ui/ZGridView;.lookForSelectablePosition incorrectly overrides package-private method with same name in Landroid/widget/AdapterView;
W/dalvikvm( 3374): method Lorg/sakuratya/horizontal/ui/ZGridView;.rememberSyncState incorrectly overrides package-private method with same name in Landroid/widget/AdapterView;
W/dalvikvm( 3374): method Lorg/sakuratya/horizontal/ui/ZGridView;.selectionChanged incorrectly overrides package-private method with same name in Landroid/widget/AdapterView;
W/dalvikvm( 3374): method Lorg/sakuratya/horizontal/ui/ZGridView;.setNextSelectedPositionInt incorrectly overrides package-private method with same name in Landroid/widget/AdapterView;
W/dalvikvm( 3374): method Lorg/sakuratya/horizontal/ui/ZGridView;.setSelectedPositionInt incorrectly overrides package-private method with same name in Landroid/widget/AdapterView;
W/dalvikvm( 3374): method Ltv/ismar/daisy/views/MyHorizontalScrollView;.getPaddingLeftWithForeground incorrectly overrides package-private method with same name in Landroid/widget/FrameLayout;
W/dalvikvm( 3374): method Ltv/ismar/daisy/views/MyHorizontalScrollView;.getPaddingRightWithForeground incorrectly overrides package-private method with same name in Landroid/widget/FrameLayout;
W/dalvikvm( 3374): method Ltv/ismar/daisy/views/MyHorizontalScrollView;.layoutChildren incorrectly overrides package-private method with same name in Landroid/widget/FrameLayout;
D/dalvikvm( 3374): DexOpt: load 243ms, verify+opt 1134ms, 4307972 bytes
W/PackageManager( 1556): Code path for pkg : tv.ismar.daisy changing from /data/app/tv.ismar.daisy-1.apk to /data/app/tv.ismar.daisy-2.apk
I/ActivityManager( 1556): Force stopping tv.ismar.daisy appid=10063 user=-1: update pkg
W/PackageManager( 1556): Resource path for pkg : tv.ismar.daisy changing from /data/app/tv.ismar.daisy-1.apk to /data/app/tv.ismar.daisy-2.apk
W/PackageManager( 1556): Not granting permission android.permission.MOUNT_UNMOUNT_FILESYSTEMS to package tv.ismar.daisy (protectionLevel=18 flags=0x8be46)
W/PackageManager( 1556): Not granting permission android.permission.READ_LOGS to package tv.ismar.daisy (protectionLevel=50 flags=0x8be46)
W/PackageManager( 1556): Not granting permission android.permission.CHANGE_CONFIGURATION to package tv.ismar.daisy (protectionLevel=50 flags=0x8be46)
W/PackageManager( 1556): Unknown permission android.permission.RECEIVE_USER_PRESENT in package tv.ismar.daisy
I/ActivityManager( 1556): Force stopping tv.ismar.daisy appid=10063 user=0: pkg removed
D/BackupManagerService( 1556): Received broadcast Intent { act=android.intent.action.PACKAGE_REMOVED dat=package:tv.ismar.daisy flg=0x4000010 (has extras) }
I/Launcher( 1778): |INFO|onReceive :Intent { act=android.intent.action.PACKAGE_REMOVED dat=package:tv.ismar.daisy flg=0x4000010 (has extras) }|com.lenovo.dll.nebula.launcher.app.PackageChangedReceiver|
I/Launcher( 1778): |INFO|EXTRA_REPLACING:true|com.lenovo.dll.nebula.launcher.app.PackageChangedReceiver|
D/BackupManagerService( 1556): Received broadcast Intent { act=android.intent.action.PACKAGE_ADDED dat=package:tv.ismar.daisy flg=0x4000010 (has extras) }
V/BackupManagerService( 1556): removePackageParticipantsLocked: uid=10063 #1
I/InputReader( 1556): Reconfiguring input devices.  changes=0x00000010
D/AppsComponentService( 2512): onReceive(). intent: Intent { act=android.intent.action.PACKAGE_REMOVED dat=package:tv.ismar.daisy flg=0x4000010 (has extras) }
I/Launcher( 1778): |INFO|onReceive :Intent { act=android.intent.action.PACKAGE_ADDED dat=package:tv.ismar.daisy flg=0x4000010 (has extras) }|com.lenovo.dll.nebula.launcher.app.PackageChangedReceiver|
I/Launcher( 1778): |INFO|install package:tv.ismar.daisy|com.lenovo.dll.nebula.launcher.app.PackageChangedReceiver|
I/InputReader( 1556): Reconfiguring input devices.  changes=0x00000010
V/BackupManagerService( 1556): addPackageParticipantsLocked: #1
D/AppsComponentService( 2512): onReceive(). intent: Intent { act=android.intent.action.PACKAGE_ADDED dat=package:tv.ismar.daisy flg=0x4000010 (has extras) }
I/BootReceiver( 2845): start upgradeTool services and action is >>android.intent.action.PACKAGE_REMOVED
I/DataModelCenter( 2753): SyncBroadcastReceiver->onChange
I/Launcher( 1778): |INFO|sendBroadcast : ACTION_ADD_SUCCESS|com.lenovo.dll.nebula.launcher.app.PackageChangedReceiver|
I/InputReader( 1556): Reconfiguring input devices.  changes=0x00000010
I/ActivityManager( 1556): Start proc com.android.keychain for broadcast com.android.keychain/.KeyChainBroadcastReceiver: pid=3381 uid=1000 gids={41000, 3003, 1028, 1015, 1023, 1007, 3002, 3001, 2001}
D/AppsComponentService( 2512): onReceive(). intent: Intent { act=android.intent.action.PACKAGE_REPLACED dat=package:tv.ismar.daisy flg=0x4000010 (has extras) }
I/DataModelCenter( 2753): SyncBroadcastReceiver->onChange
D/Proxy   ( 3381): setHttpProxySystemProperty :null:null - null
W/Searchables( 1556): No web search activity found
W/ContextImpl( 3381): Calling a method in the system process without a qualified user: android.app.ContextImpl.startService:1538 android.content.ContextWrapper.startService:506 android.content.ContextWrapper.startService:506 com.android.keychain.KeyChainBroadcastReceiver.onReceive:12 android.app.ActivityThread.handleReceiver:2407 
W/Searchables( 1556): No web search activity found
I/ActivityManager( 1556): Start proc com.lenovo.nebula.app for broadcast com.lenovo.nebula.app/.data.AppChangedReceiver: pid=3395 uid=10034 gids={50034, 3003, 1028, 1015, 1023}
D/Proxy   ( 3395): setHttpProxySystemProperty :null:null - null
D/NebulaApp( 3395): AppProvider<main : 1>|DEBUG|app db version : 2
D/NebulaApp( 3395): AppChangedReceiver<main : 1>|DEBUG|receiver context : android.app.ReceiverRestrictedContext@41c2b118receive action : android.intent.action.PACKAGE_REMOVED
I/NebulaApp( 3395): AppProvider<main : 1>|INFO|delete data from database, _id = 0
I/NebulaApp( 3395): AppProvider<main : 1>|INFO|delete data from database, _id = 0
I/Launcher( 1778): |INFO|newIconUpate|com.lenovo.dll.nebula.launcher.app.AppScreenController$2|
D/NebulaApp( 3395): AppProvider<Binder_1 : 160>|DEBUG|App provider query uri : content://com.lenovo.nebula.app.provider/new_app
D/NebulaApp( 3395): AppProvider<Binder_1 : 160>|DEBUG|match code : 2
D/NebulaApp( 3395): AppProvider<Binder_1 : 160>|DEBUG|query result count : 0
I/wst     ( 2464): Intent.ACTION_PACKAGE_REMOVED  id : 2464
I/ActivityManager( 1556): Killing 2810:com.lenovo.leos.pushengine/u0a26 (adj 15): empty #9
D/dalvikvm( 1556): GC_EXPLICIT freed 12679K, 61% free 8340K/21096K, paused 9ms+38ms, total 291ms
D/AndroidRuntime( 3363): Shutting down VM
D/jdwp    ( 3363): Got wake-up signal, bailing out of select
D/dalvikvm( 3363): Debugger has detached; object registry had 1 entries
E/a       ( 2639): There are no pluginList.json in assets
W/a       ( 2639): File images is not a plugin file
W/a       ( 2639): File liblenovo-xdelta.so is not a plugin file
W/a       ( 2639): File pushresources is not a plugin file
W/a       ( 2639): File rootca_0727.bks is not a plugin file
W/a       ( 2639): File sounds is not a plugin file
W/a       ( 2639): File unicode_to_hanyu_pinyin.txt is not a plugin file
W/a       ( 2639): File values is not a plugin file
W/a       ( 2639): File webkit is not a plugin file
W/a       ( 2639): File weibosdk_dialog_bg.9.png is not a plugin file
I/a       ( 2639): Load plugin list from /data/data/com.lenovo.tv.appstore/files/SDKPlugin/pluginList.json
I/a       ( 2639): Check whether /data/data/com.lenovo.tv.appstore/files/PushPlugin_microkernel/current/PushPlugin.plugin exists or not
I/a       ( 2639): Check whether /data/data/com.lenovo.tv.appstore/files/HiAnalytics_microkernel/current/HiAnalytics.plugin exists or not
I/a       ( 2639): Interval 69824835 < 86400000,needn't check
I/MicroKernelFramework( 2639): MicroKernelFramework init finished!
I/PushLogSC2550( 2639): [main-1]action is android.intent.action.PACKAGE_REMOVED(appstore/null:-1)
E/PowerManagerService( 1556): (yjdbg) PARTIAL_WAKE_LOCK PARTIAL_WAKE_LOCK              'pushagentPoxy' (uid=1000, pid=2639, ws=null)
I/tao     ( 2498): <<<<<<<<<<<<<<<<<<<packageName is remove >>>>>>>>>>>>>>>>>>>>>tv.ismar.daisy
I/PushLogSC2550( 2639): [Thread-129-129]push jarFile is not exist(appstore/null:-1)
I/tao     ( 2498): jsonstr  >>>> null
D/IConnService( 2498): [StateMachineHandler]:[2015-09-15 11:19:46][#*# ConnTeckConstant.State_idle +  ConnTeckConstant.MSG_Connect  0#*#]  Thread:1
I/BootReceiver( 2845): start upgradeTool services and action is >>android.intent.action.PACKAGE_ADDED
E/IConnService( 2498): [StateMachineHandler]:[2015-09-15 11:19:46][#*#send Clear Buffer Package#*#] Thread:1
D/IConnService( 2498): [DataPackageSender]:[2015-09-15 11:19:46][#*#sendClearBufferPackage=====>#*#]  Thread:1
E/IConnService( 2498): [DataPackageSender]:[2015-09-15 11:19:46][#*#sendClearBufferPackage mSubDataList.size()=====>1#*#] Thread:1
D/IConnService( 2498): [DataPackageReceiver]:[2015-09-15 11:19:46][#*#DataPackageReceiver start=====>#*#]  Thread:1
D/IConnService( 2498): [DataPackageReceiver]:[2015-09-15 11:19:46][#*#DataPackageReceiver resume=====>#*#]  Thread:1
D/NebulaApp( 3395): AppChangedReceiver<main : 1>|DEBUG|receiver context : android.app.ReceiverRestrictedContext@41c2b118receive action : android.intent.action.PACKAGE_ADDED
W/IConnService( 2498): [TAG]:[2015-09-15 11:19:46][#*#HeartBeatTimerTask receive i===>0,threadIid:142#*#] Thread:142
D/IConnService( 2498): [DataPackageSender]:[2015-09-15 11:19:46][#*#DataPackageSender start=====>#*#]  Thread:1
I/tao     ( 2498): brocastCast>>>>> socket is null  return
D/IConnService( 2498): [DataPackageSender]:[2015-09-15 11:19:46][#*#DataPackageSender resume=====>#*#]  Thread:1
W/IConnService( 2498): [TAG]:[2015-09-15 11:19:46][#*#HeartBeatTimerTask send i===>0,threadId:145#*#] Thread:145
I/PushLogSC2550( 2639): [Thread-129-129]get uniqueId from device is empty or all 0(appstore/null:-1)
W/PushLogSC2550( 2639): [Thread-129-129]Mac is empty(appstore/null:-1)
D/IConnService( 2498): [StateMachineHandler]:[2015-09-15 11:19:46][#*#enterConnectedState  before Thread.sleep ...#*#]  Thread:1
W/ContextImpl( 2639): Calling a method in the system process without a qualified user: android.app.ContextImpl.startService:1538 android.content.ContextWrapper.startService:506 android.content.ContextWrapper.startService:506 com.huawei.android.pushagent.c.c.e.d:-1 com.huawei.android.pushagent.c.c.e.b:-1 
D/IConnService( 2498): [DataPackageSender]:[2015-09-15 11:19:46][#*#DataSendThread run=====>#*#]  Thread:147
I/Launcher( 1778): |INFO|newIconUpate|com.lenovo.dll.nebula.launcher.app.AppScreenController$2|
D/NebulaApp( 3395): AppProvider<Binder_1 : 160>|DEBUG|App provider query uri : content://com.lenovo.nebula.app.provider/new_app
D/NebulaApp( 3395): AppProvider<Binder_1 : 160>|DEBUG|match code : 2
D/NebulaApp( 3395): AppProvider<Binder_1 : 160>|DEBUG|query result count : 1
I/ActivityManager( 1556): Start proc com.svox.pico for broadcast com.svox.pico/.VoiceDataInstallerReceiver: pid=3416 uid=10043 gids={50043, 1028, 1015, 1023}
D/IConnService( 2498): [ConnTechService]:[2015-09-15 11:19:46][#*#notifyTvStateWhenConnected() : mTvState=0#*#]  Thread:1
D/skia    ( 1778): sk_use_hw_decoder width:72, height:34, bdpt:8, color_type:6, interlace:0
D/skia    ( 1778): On decode: hw=0 size=2204
D/skia    ( 1778): PNG sw Decode 3
I/tao     ( 2498): tv have connect one client >>> init need app
D/ManageApplications( 2498): initNeedApps..........
D/shiqc1  ( 2498): updateNeedApp.....
D/shiqc1  ( 2498): NeedApp [pkgName=com.android.server.conntech, versionCode=120, needVersionCode=23, needVersionName=, appKey=OUFRRFTGCMPW, supportTvs=[], channelValue=]
D/IConnService( 2498): [ConnTechService]:[2015-09-15 11:19:46][#*#--1-- NOTIFY_TV_STATE_WHEN_CONNECTED---> incrementId = 0#*#]  Thread:1
D/shiqc1  ( 2498): RunDownload() end
D/shiqc1  ( 2498): download queue size:1
D/shiqc1  ( 2498): download concurrent num: 0
D/shiqc1  ( 2498): Concurrent:  1
D/IConnService( 2498): [ConnTechService]:[2015-09-15 11:19:46][#*#--1--- NOTIFY_TV_STATE_WHEN_CONNECTED---> seqId=50331648, mTvState=0#*#]  Thread:1
D/IConnService( 2498): [ConnTechService]:[2015-09-15 11:19:46][#*# --NOTIFY_TV_STATE mTvState---> sendData :seqId=50331648, moduleId = 8, actionId=3, mTvState=0, length=4#*#]  Thread:1
D/IConnService( 2498): [ConnTechService]:[2015-09-15 11:19:46][#*#sendData() :seqId=50331648, moduleId=8, actionId=3, length=4#*#]  Thread:1
D/IConnService( 2498): [DataPackageSender]:[2015-09-15 11:19:46][#*#sendDataPackage priority===>3#*#]  Thread:1
D/IConnService( 2498): [DataPackageSender]:[2015-09-15 11:19:46][#*#sendDataPackage originalData.length===>32#*#]  Thread:1
D/IConnService( 2498): [DataPackageSender]:[2015-09-15 11:19:46][#*#discardPackage priority===>3#*#]  Thread:1
D/IConnService( 2498): [DataPackageSender]:[2015-09-15 11:19:46][#*#discardPackage mSubDataList.size()+count===>2#*#]  Thread:1
D/IConnService( 2498): [ConnTechService]:[2015-09-15 11:19:46][#*#--2-- NOTIFY_TV_STATE_WHEN_CONNECTED---> incrementId = 1#*#]  Thread:1
D/IConnService( 2498): [DataPackageSender]:[2015-09-15 11:19:46][#*#divideToSubPackag subPackageCount===>1#*#]  Thread:146
D/IConnService( 2498): [ConnTechService]:[2015-09-15 11:19:46][#*# --NOTIFY_TV_STATE Appinfo---> sendData :seqId=50331649, moduleId = 8, actionId=5, mTvPackageName=, mPadState=0, mPadPackageName=, length=8, mTvState=0#*#]  Thread:1
D/IConnService( 2498): [ConnTechService]:[2015-09-15 11:19:46][#*#sendData() :seqId=50331649, moduleId=8, actionId=5, length=8#*#]  Thread:1
D/IConnService( 2498): [DataPackageSender]:[2015-09-15 11:19:46][#*#sendDataPackage priority===>3#*#]  Thread:1
D/IConnService( 2498): [DataPackageSender]:[2015-09-15 11:19:46][#*#sendDataPackage originalData.length===>36#*#]  Thread:1
D/IConnService( 2498): [DataPackageSender]:[2015-09-15 11:19:46][#*#discardPackage priority===>3#*#]  Thread:1
D/IConnService( 2498): [DataPackageSender]:[2015-09-15 11:19:46][#*#discardPackage mSubDataList.size()+count===>3#*#]  Thread:1
D/IConnService( 2498): [DataPackageSender]:[2015-09-15 11:19:46][#*#divideToSubPackag subPackageCount===>1#*#]  Thread:146
D/shiqc1  ( 2498): RunDownload() end
D/shiqc1  ( 2498): download queue size:0
D/shiqc1  ( 2498): downloadFile  pkgname: com.android.server.conntech
D/tao     ( 2498): parseInit...
D/tao     ( 2498): REQ_VALUE_CHANNELKEY...sun
I/tao     ( 2498): url is http://susapi.lenovomm.com/adpserver/GetVIByAKFWPC?OSVer=Windows+XP&ReqType=WindowsPC&Count=zh&Resolution=320x480&AppVerName=yidian&DModel=Lenovo+TV&OSType=zh&AppVerCode=0&DevID=HGX04KPL&Mfr=Lenovo&AppKey=OUFRRFTGCMPW&SDKVer=0
D/Proxy   ( 3416): setHttpProxySystemProperty :null:null - null
W/ContextImpl( 2464): Calling a method in the system process without a qualified user: android.app.ContextImpl.sendBroadcast:1182 android.content.ContextWrapper.sendBroadcast:377 android.content.ContextWrapper.sendBroadcast:377 com.lenovo.leos.lcapackageinstaller.LcaInstallerReceiver.onReceive:178 android.app.ActivityThread.handleReceiver:2407 
I/tao     ( 2498): responseCode200
I/tao     ( 2498): {"RES":"SUCCESS","FORMATTYPE":"FTYPE_2","ChannelKey":"null","VerCode":"120","VerName":"120","DownloadURL":"http://lcs.lenovomm.com/*01*L2FkcEBjbHVzdGVyLTEvMTQyOTA5MTQzMDAxNi9PVUZSUkZUR0NNUFcvMTIwL3lpZGlhbl9zZXJ2ZXJfbGVub3ZvLnhtbHwtMXwwfDA%3D","Size":"321","UpdateDesc":"120","FileName":"yidian_server_lenovo.xml","CtrlKey":"0","CustKey":"null","PackageID":"31137","FPMD5":"45119F9E71E4BD8EA34FCFB879FD4ACC","ForceUpdate":"No"}
D/DownloadTaskService( 2464): deleteTask:tv.ismar.daisy:110
V/Downloads( 2464): starting query, database is not null; projection is null; selection is pkgname = ? and versioncode = ?; selectionArgs[0] is tv.ismar.daisy; selectionArgs[1] is 110; sort is null.
W/ContextImpl( 2464): Calling a method in the system process without a qualified user: android.app.ContextImpl.sendBroadcast:1182 android.content.ContextWrapper.sendBroadcast:377 android.content.ContextWrapper.sendBroadcast:377 com.lenovo.leos.appstore.utils.LocalManageTools.sendAppNumChangeBroadcast:186 com.lenovo.leos.appstore.download.LocalManagerImpl.removeCanUpDateIfExist:146 
W/ContextImpl( 2464): Calling a method in the system process without a qualified user: android.app.ContextImpl.sendBroadcast:1182 android.content.ContextWrapper.sendBroadcast:377 android.content.ContextWrapper.sendBroadcast:377 com.lenovo.leos.appstore.utils.LocalManageTools.sendAppNumChangeBroadcast:186 com.lenovo.leos.appstore.download.LocalManagerImpl.notifyHasInstalledAppChanged:50 
W/ContextImpl( 2464): Calling a method in the system process without a qualified user: android.app.ContextImpl.sendBroadcast:1182 android.content.ContextWrapper.sendBroadcast:377 com.lenovo.leos.appstore.utils.NotificationUtil.sendAppsUpdateMessage:231 com.lenovo.leos.appstore.utils.NotificationUtil.refreshSuccessNotify:600 com.lenovo.leos.lcapackageinstaller.LcaInstallerReceiver.onReceive:191 
W/ContextImpl( 2464): Calling a method in the system process without a qualified user: android.app.ContextImpl.sendBroadcast:1182 android.content.ContextWrapper.sendBroadcast:377 com.lenovo.leos.appstore.utils.NotificationUtil.sendAppsUpdateMessage:241 com.lenovo.leos.appstore.utils.NotificationUtil.refreshSuccessNotify:600 com.lenovo.leos.lcapackageinstaller.LcaInstallerReceiver.onReceive:191 
I/tao     ( 2498): url is http://lcs.lenovomm.com/*01*L2FkcEBjbHVzdGVyLTEvMTQyOTA5MTQzMDAxNi9PVUZSUkZUR0NNUFcvMTIwL3lpZGlhbl9zZXJ2ZXJfbGVub3ZvLnhtbHwtMXwwfDA=
I/tao     ( 2498): jsonStr is {
I/tao     ( 2498): 		"name": "Yidian_Server_Lenovo.apk",
I/tao     ( 2498): 		"appName": "TV控",
I/tao     ( 2498): 		"appSize": "1182578",
I/tao     ( 2498): 		"displayVersion":"3.0.0.0.0",
I/tao     ( 2498): 		"summary": "",
I/tao     ( 2498): 		"device": "",
I/tao     ( 2498): 		"pruduct": "",
I/tao     ( 2498): 		"version": "120",
I/tao     ( 2498): 		"screenshot": "",
I/tao     ( 2498): 		"url":"http://susapi.lenovomm.com/adpserver/DLBIDFS?ds=31136_1182578&rt=POL",
I/tao     ( 2498): 		"md5":"",
I/tao     ( 2498): 		"needDialog":"1"
I/tao     ( 2498): 	}
D/shiqc1  ( 2498): com.android.server.conntech  the loacl verison is :120  server version :120
D/shiqc1  ( 2498): Concurrent:  0
I/MsgCenter( 2717): CommandQueue :: MSG_add_notification
I/MsgCenter( 2717): StatusBar :: in addNotification IBinder:android.os.BinderProxy@41c43bd8    StatusBarNotification:StatusBarNotification(pkg=com.lenovo.tv.appstore user=UserHandle{0} id=110000 tag=null score=0: Notification(pri=0 contentView=com.lenovo.tv.appstore/0x1090066 vibrate=null sound=null defaults=0x0 flags=0x10 kind=[null]))
I/MsgCenter( 2717): MarqueeDisplay :: getDisplayTime strWidth 374.0
I/MsgCenter( 2717): TipQueue :: add tip: str=视云影院安装完成,点击运行!;time=5000
I/MsgCenter( 2717): TipQueue :: show start
I/MsgCenter( 2717): StatusBar :: notificationmap size is:2; notifications size is:2
I/MsgCenter( 2717): MessagerCenterServices :: in services BroadcastReceiver action: com.lenovo.msg.center.getData
I/MsgCenter( 2717): TipQueue :: show tipStr: 视云影院安装完成,点击运行!
D/zz      ( 2464):  ACTION_PACKAGE_ADDED refreshStatus cost : 82
D/store7  ( 2464): PushInstallReceiver::onReceive->actionName:android.intent.action.PACKAGE_ADDED
I/store7  ( 2464): PushInstallReceiver::onReceive->install finished,package=package:tv.ismar.daisy
I/store7  ( 2464): PushInstallReceiver::onReceive->install finished, packageName= tv.ismar.daisy  appId null
I/ActivityManager( 1556): Killing 2950:com.lenovo.tv.factory.rwsn/u0a45 (adj 15): empty #9
D/LcaInstallerReceiver( 2464): AddedAppThread run
D/AndroidRuntime( 3435): 
D/AndroidRuntime( 3435): >>>>>> AndroidRuntime START com.android.internal.os.RuntimeInit <<<<<<
D/AndroidRuntime( 3435): CheckJNI is ON
I/AndroidRuntime( 3435): JNI options: '-Xjniopts:warnonly'
I/dalvikvm( 3435): DexOpt: mismatch dep name: '/data/dalvik-cache/system@framework@core.jar@classes.dex' vs. '/system/framework/core.odex'
E/dalvikvm( 3435): /system/framework/com.mediatek.util.jar odex has stale dependencies
I/dalvikvm( 3435): DexOpt: mismatch dep name: '/data/dalvik-cache/system@framework@core.jar@classes.dex' vs. '/system/framework/core.odex'
E/dalvikvm( 3435): /system/framework/com.mediatek.record.jar odex has stale dependencies
D/dalvikvm( 3435): Trying to load lib libjavacore.so 0x0
D/dalvikvm( 3435): Added shared lib libjavacore.so 0x0
D/dalvikvm( 3435): Trying to load lib libnativehelper.so 0x0
D/dalvikvm( 3435): Added shared lib libnativehelper.so 0x0
D/dalvikvm( 3435): No JNI_OnLoad found in libnativehelper.so 0x0, skipping init
D/dalvikvm( 3435): Note: class Landroid/app/ActivityManagerNative; has 183 unimplemented (abstract) methods
E/a       ( 2639): There are no pluginList.json in assets
W/a       ( 2639): File images is not a plugin file
W/a       ( 2639): File liblenovo-xdelta.so is not a plugin file
W/a       ( 2639): File pushresources is not a plugin file
W/a       ( 2639): File rootca_0727.bks is not a plugin file
W/a       ( 2639): File sounds is not a plugin file
W/a       ( 2639): File unicode_to_hanyu_pinyin.txt is not a plugin file
W/a       ( 2639): File values is not a plugin file
W/a       ( 2639): File webkit is not a plugin file
W/a       ( 2639): File weibosdk_dialog_bg.9.png is not a plugin file
I/a       ( 2639): Load plugin list from /data/data/com.lenovo.tv.appstore/files/SDKPlugin/pluginList.json
I/a       ( 2639): Check whether /data/data/com.lenovo.tv.appstore/files/PushPlugin_microkernel/current/PushPlugin.plugin exists or not
I/a       ( 2639): Check whether /data/data/com.lenovo.tv.appstore/files/HiAnalytics_microkernel/current/HiAnalytics.plugin exists or not
I/a       ( 2639): Interval 69825515 < 86400000,needn't check
I/MicroKernelFramework( 2639): MicroKernelFramework init finished!
D/PushMicrokernel( 2639): framework is running
D/PushMicrokernel( 2639): try to get PushService
D/PushMicrokernel( 2639): on PushMkService onStartCommand
D/PushMicrokernel( 2639): call PushService onStartCommand  and pushService.hashCode()1103854944
I/PushLogSC2550( 2639): [main-1]PushService onStartCommand(appstore/null:-1)
E/PowerManagerService( 1556): (yjdbg) PARTIAL_WAKE_LOCK PARTIAL_WAKE_LOCK              'pushagentPoxy' (uid=1000, pid=2639, ws=null)
E/PowerManagerService( 1556): (yjdbg) PARTIAL_WAKE_LOCK PARTIAL_WAKE_LOCK              'eventLooper' (uid=1000, pid=2639, ws=null)
E/PowerManagerService( 1556): (yjdbg) PARTIAL_WAKE_LOCK PARTIAL_WAKE_LOCK              'pushagentPoxy' (uid=1000, pid=2639, ws=null)
E/memtrack( 3435): Couldn't load memtrack module (No such file or directory)
E/android.os.Debug( 3435): failed to load memtrack module: -2
I/ethernet( 3435): Loading ethernet jni class
D/Downloads( 2464): checkActionToDB @1442287187077
V/Downloads( 2464): starting query, database is not null; projection is null; selection is control = ? and status < ?; selectionArgs[0] is 0; selectionArgs[1] is 200; sort is wifistatus.
D/AndroidRuntime( 3435): Calling main entry com.android.commands.am.Am
I/ActivityManager( 1556): START u0 {act=android.intent.action.MAIN cat=[android.intent.category.LAUNCHER] flg=0x10000000 cmp=tv.ismar.daisy/.ui.activity.AdvertisementActivity} from pid 3435
