W/dalvikvm( 3504): Link of class 'Landroid/support/v4/widget/DrawerLayoutCompatApi21$InsetsListener;' failed
D/dalvikvm( 1741): GC_EXPLICIT freed 5K, 44% free 6276K/11072K, paused 1ms+2ms, total 50ms
D/skia_jpeg( 3449): 
D/skia_jpeg( 3449): *******jpeg_start_decompress*******,out_color_space = 6
D/skia_jpeg( 3449): 2.1 image_width = 297, image_height = 166
D/skia_jpeg( 3449): 
D/skia_jpeg( 3449): ****-->SW MODE
D/skia_jpeg( 3449): 
D/skia_jpeg( 3449): *******jpeg_start_decompress*******,out_color_space = 6
D/skia_jpeg( 3449): 2.1 image_width = 199, image_height = 278
D/skia_jpeg( 3449): 
D/skia_jpeg( 3449): ****-->SW MODE
D/skia_jpeg( 3449): 
D/skia_jpeg( 3449): *******jpeg_start_decompress*******,out_color_space = 6
D/skia_jpeg( 3449): 2.1 image_width = 297, image_height = 166
D/skia_jpeg( 3449): 
D/skia_jpeg( 3449): ****-->SW MODE
D/skia_jpeg( 3449): 
D/skia_jpeg( 3449): *******jpeg_start_decompress*******,out_color_space = 6
D/skia_jpeg( 3449): 2.1 image_width = 297, image_height = 166
D/skia_jpeg( 3449): 
D/skia_jpeg( 3449): ****-->SW MODE
D/dalvikvm( 3449): GC_FOR_ALLOC freed 1847K, 18% free 22543K/27280K, paused 30ms, total 36ms
W/dalvikvm( 3504): method Lorg/sakuratya/horizontal/ui/HGridView;.checkSelectionChanged incorrectly overrides package-private method with same name in Landroid/widget/AdapterView;
W/dalvikvm( 3504): method Lorg/sakuratya/horizontal/ui/HGridView;.handleDataChanged incorrectly overrides package-private method with same name in Landroid/widget/AdapterView;
W/dalvikvm( 3504): method Lorg/sakuratya/horizontal/ui/HGridView;.rememberSyncState incorrectly overrides package-private method with same name in Landroid/widget/AdapterView;
W/dalvikvm( 3504): method Lorg/sakuratya/horizontal/ui/HGridView;.selectionChanged incorrectly overrides package-private method with same name in Landroid/widget/AdapterView;
W/dalvikvm( 3504): method Lorg/sakuratya/horizontal/ui/ZGridView;.checkSelectionChanged incorrectly overrides package-private method with same name in Landroid/widget/AdapterView;
W/dalvikvm( 3504): method Lorg/sakuratya/horizontal/ui/ZGridView;.findSyncPosition incorrectly overrides package-private method with same name in Landroid/widget/AdapterView;
W/dalvikvm( 3504): method Lorg/sakuratya/horizontal/ui/ZGridView;.handleDataChanged incorrectly overrides package-private method with same name in Landroid/widget/AdapterView;
W/dalvikvm( 3504): method Lorg/sakuratya/horizontal/ui/ZGridView;.lookForSelectablePosition incorrectly overrides package-private method with same name in Landroid/widget/AdapterView;
W/dalvikvm( 3504): method Lorg/sakuratya/horizontal/ui/ZGridView;.rememberSyncState incorrectly overrides package-private method with same name in Landroid/widget/AdapterView;
W/dalvikvm( 3504): method Lorg/sakuratya/horizontal/ui/ZGridView;.selectionChanged incorrectly overrides package-private method with same name in Landroid/widget/AdapterView;
W/dalvikvm( 3504): method Lorg/sakuratya/horizontal/ui/ZGridView;.setNextSelectedPositionInt incorrectly overrides package-private method with same name in Landroid/widget/AdapterView;
W/dalvikvm( 3504): method Lorg/sakuratya/horizontal/ui/ZGridView;.setSelectedPositionInt incorrectly overrides package-private method with same name in Landroid/widget/AdapterView;
I/dalvikvm( 3504): Failed resolving Lretrofit/RxSupport$1; interface 4567 'Lrx/Observable$OnSubscribe;'
W/dalvikvm( 3504): Link of class 'Lretrofit/RxSupport$1;' failed
D/skia_jpeg( 3449): 
D/skia_jpeg( 3449): *******jpeg_start_decompress*******,out_color_space = 6
D/skia_jpeg( 3449): 2.1 image_width = 199, image_height = 278
D/skia_jpeg( 3449): 
D/skia_jpeg( 3449): ****-->SW MODE
D/skia_jpeg( 3449): 
D/skia_jpeg( 3449): *******jpeg_start_decompress*******,out_color_space = 6
D/skia_jpeg( 3449): 2.1 image_width = 199, image_height = 278
D/skia_jpeg( 3449): 
D/skia_jpeg( 3449): ****-->SW MODE
D/skia_jpeg( 3449): 
D/skia_jpeg( 3449): *******jpeg_start_decompress*******,out_color_space = 6
D/skia_jpeg( 3449): 2.1 image_width = 199, image_height = 278
D/skia_jpeg( 3449): 
D/skia_jpeg( 3449): ****-->SW MODE
D/skia_jpeg( 3449): 
D/skia_jpeg( 3449): *******jpeg_start_decompress*******,out_color_space = 6
D/skia_jpeg( 3449): 2.1 image_width = 199, image_height = 278
D/skia_jpeg( 3449): 
D/skia_jpeg( 3449): ****-->SW MODE
D/skia_jpeg( 3449): 
D/skia_jpeg( 3449): *******jpeg_start_decompress*******,out_color_space = 6
D/skia_jpeg( 3449): 
D/skia_jpeg( 3449): *******jpeg_start_decompress*******,out_color_space = 6
D/skia_jpeg( 3449): 
D/skia_jpeg( 3449): *******jpeg_start_decompress*******,out_color_space = 6
D/skia_jpeg( 3449): 2.1 image_width = 199, image_height = 278
D/skia_jpeg( 3449): 2.1 image_width = 199, image_height = 278
D/skia_jpeg( 3449): 
D/skia_jpeg( 3449): ****-->SW MODE
D/skia_jpeg( 3449): 
D/skia_jpeg( 3449): ****-->SW MODE
D/skia_jpeg( 3449): 2.1 image_width = 199, image_height = 278
D/skia_jpeg( 3449): 
D/skia_jpeg( 3449): ****-->SW MODE
D/dalvikvm( 3449): GC_FOR_ALLOC freed 1076K, 19% free 23873K/29188K, paused 22ms, total 24ms
W/dalvikvm( 3504): method Ltv/ismar/daisy/views/MyHorizontalScrollView;.getPaddingLeftWithForeground incorrectly overrides package-private method with same name in Landroid/widget/FrameLayout;
W/dalvikvm( 3504): method Ltv/ismar/daisy/views/MyHorizontalScrollView;.getPaddingRightWithForeground incorrectly overrides package-private method with same name in Landroid/widget/FrameLayout;
W/dalvikvm( 3504): method Ltv/ismar/daisy/views/MyHorizontalScrollView;.layoutChildren incorrectly overrides package-private method with same name in Landroid/widget/FrameLayout;
D/GuideFragment( 3449): startPlayback is invoke...
W/AppOps  ( 1556): Bad call: specified package media under uid 1000 but it is really 1013
E/PowerManagerService( 1556): (yjdbg) PARTIAL_WAKE_LOCK PARTIAL_WAKE_LOCK              'AudioMix' (uid=1000, pid=849, ws=null)
W/MediaPlayer( 3449): setScreenOnWhilePlaying(true) is ineffective without a SurfaceHolder
D/MediaPlayer( 3449): Couldn't open file on client side, trying server side
I/MediaPlayerService(  849): MediaPlayerService::Client() use playe type = 6 
I/MediaPlayerService(  849): MediaPlayerService: get player type locked...1!!
I/MediaPlayerFactory(  849): MediaPlayerFactory: scoreFactory bUseCmpb=1!!
I/MediaPlayerFactory(  849): MediaPlayerFactory: scoreFactory return 1.0 !!
I/MediaPlayerService(  849): MediaPlayerService: get player type unlocked...1!!
I/MediaPlayerService(  849): MediaPlayerService::Client::setDataSource. mPlayerType=6,getplayertype=6
I/CmpbPlayer(  849): CmpbPlayer constructor 
I/CmpbPlayer(  849): CmpbPlayer init RPC 
I/CmpbPlayer(  849): _rpc_env_init enter
E/CmpbPlayer(  849): c_rpc_start_client !!!, i4_ret = 1
I/CmpbPlayer(  849): _rpc_env_init exit
I/CmpbPlayer(  849): _destrct_inst_sync_init enter
I/CmpbPlayer(  849): _destrct_inst_sync_init exit
I/CmpbPlayer(  849): CallbackThreadInit enter
I/CmpbPlayer(  849): CallbackThreadInit:: create normal cb queue, ret = 0 !!!!!
I/CmpbPlayer(  849): CallbackThreadInit x_thread_create normal cb, ret = 0 
I/CmpbPlayer(  849): CallbackThreadInit:: create cmpb call android cb queue, ret = 0 !!!!!
I/CmpbPlayer(  849): CallbackThreadInit x_thread_create cmpb to android cb, ret = 0 
I/CmpbPlayer(  849): CallbackThreadInit end
I/CmpbPlayer(  849): AsyncReadThreadInit enter
I/CmpbPlayer(  849): AsyncReadThreadInit:: create message queue, ret = 0 !!!!!
I/CmpbPlayer(  849): AsyncReadThreadInit x_thread_create, ret = 0 
I/CmpbPlayer(  849): AsyncReadThreadInit end
I/CmpbPlayer(  849): CmpbPlayer constructor get BG color 
I/CmpbPlayer(  849): CMPBPLAYER:dump data =  
I/CmpbPlayer(  849): CMPBPLAYER Init: Dump data = 0 
I/CmpbPlayer(  849): CmpbPlayer() find this=b87fe060, idx=0
I/CmpbPlayer(  849): CmpbPlayer() lock 1
I/CmpbPlayer(  849): CmpbPlayer() unlock 1
I/CmpbPlayer(  849): CmpbPlayer constructor end
I/CmpbPlayer(  849): cmpb_initCheck
I/CmpbPlayer(  849): cmpb_setDataSource(http://jq.v.ismartv.tv/topvideo/43037777D665B000A65E5AB2729CCFC9.mp4)
I/CmpbPlayer(  849): setDataSource(uri)  idx=0, new_idx=1
I/CmpbPlayer(  849): cmpb_setDataSource OK !!!
I/CmpbPlayer(  849): setVideoSurfaceTexture L5097
I/CmpbPlayer(  849): disconnect native window L5111
E/BufferQueue(  846): [SurfaceView] connect: already connected (cur=3, req=3)
I/CmpbPlayer(  849): setSurfaceTransparency 1
I/CmpbPlayer(  849): disconnect native window L5134
V/MediaPlayer( 3449): Display Video in Abs Rect Rect(73, 131 - 1543, 629)
D/MediaPlayer( 3449): setVideoRect frameworks/av/media/libmedia/mediaplayer.cpp 932
E/MediaPlayer( 3449): MediaPlayer::setVideoRect(73,131, 1543, 629)
I/CmpbPlayer(  849): cmpb_setVideoRect: 73, 131, 1543, 629 ,at state 0
I/CmpbPlayer(  849): cmpb_getDstSrcRect: OSD_RESOLUTION is:1920x1080p !!!!!
I/CmpbPlayer(  849): cmpb_setVideoRect: final src rect(0, 0, 1000, 1000) 
I/CmpbPlayer(  849): cmpb_setVideoRect: final dst rect(38, 121, 765, 461) 
I/CmpbPlayer(  849): cmpb_setVideoRect: mState 0
I/CmpbPlayer(  849): setSurfaceTransparency 1
E/CmpbPlayer(  849): mNativeWindow == null
I/CmpbPlayer(  849): cmpb_prepareAsync
I/CmpbPlayer(  849): prepareAsync(): this=b87fe060, idx=0, cnt=1 !!!!!
I/CmpbPlayer(  849): cmpb_prepareAsync return ok 
E/CmpbPlayer(  849): xxxx AsyncReadThread():: x_msg_q_receive prepare async command: this = b87fe060 !!!!!
I/CmpbPlayer(  849): xxxx AsyncReadThread():: received: idx=0, cnt=1 !!!!!
I/CmpbPlayer(  849): xxxx AsyncReadThread():: current: idx=0, cnt=1 !!!!!
I/CmpbPlayer(  849): CmpbPlayer::Internal_prepareAsync(): Enter
I/CmpbPlayer(  849): Internal_prepareAsync find this=b87fe060, idx=0
I/CmpbPlayer(  849): cmpb_internal_setDataSource(http://jq.v.ismartv.tv/topvideo/43037777D665B000A65E5AB2729CCFC9.mp4)
I/CmpbPlayer(  849): Internal_setDataSource lock 0 
I/CmpbPlayer(  849): Internal_setDataSource find this=b87fe060, idx=0
I/CmpbPlayer(  849): Internal_setDataSource unlock 0  3
I/DatabaseHelper( 3504): onOpen ---> name: /data/data/tv.ismar.daisy/databases/sakura.db | version: 13
V/ActiveAndroid( 3504): ActiveAndroid already initialized.
I/        (  849): cmpb_protocol.cpp: pData=HTTP/1.0 200 OK
I/        (  849): cmpb_protocol.cpp: pData=Date: Fri, 14 Aug 2015 03:52:36 GMT
I/        (  849): cmpb_protocol.cpp: pData=Server: vengine/1.0.13.0802
I/        (  849): cmpb_protocol.cpp: pData=Content-Type: video/mp4
I/        (  849): cmpb_protocol.cpp: pData=Content-Length: 8882841
I/        (  849): cmpb_protocol.cpp: pData=Last-Modified: Thu, 13 Aug 2015 19:25:16 GMT
I/        (  849): cmpb_protocol.cpp: pData=Accept-Ranges: bytes
I/        (  849): cmpb_protocol.cpp: pData=Age: 2762838
I/        (  849): cmpb_protocol.cpp: pData=Via: 1.0 yiw101:8080 (Cdn Cache Server V2.0), 1.0 xzh16:82 (Cdn Cache Server V2.0)
I/        (  849): cmpb_protocol.cpp: pData=Connection: close
I/        (  849): cmpb_protocol.cpp: pData=
I/        (  849): cmpb_protocol: url = http://jq.v.ismartv.tv/topvideo/43037777D665B000A65E5AB2729CCFC9.mp4
I/        (  849): , ua=
I/        (  849): ,cookie=
I/        (  849): cmpb_protocol: content type = video/mp4
I/CmpbPlayer(  849): not cmpb_internal_protocol player
I/CmpbPlayer(  849): Internal_setDataSource lock 0  2
I/CmpbPlayer(  849): Out .pvr 
I/CmpbPlayer(  849): cmpb_internal_setDataSource use default android UA string
I/CmpbPlayer(  849): cmpb_internal_setDataSource OK !!!
I/CmpbPlayer(  849): Internal_setDataSource unlock 0  7
I/CmpbPlayer(  849): CmpbPlayer::Internal_prepareAsync(): IMtkPb_Ctrl_SetEngineParam(PULL) : use main_svctx !
I/Cmpb_MW (  849): cmpb do IMtkPb_Ctrl_Open at [1442287194.337 S]
I/Cmpb_MW (  849): (cmpb open init ok)
D/Cmpb_MW (  849): [API:IMtkPb_Ctrl_Open-7088] -->
D/Cmpb_MW (  849): Begin open with eBufferingModel = 1 ,eOperatingModel = 2!!!
I/Cmpb_MW (  849): (cmpb open _cmpb_cb_init(cli) ok)
I/Cmpb_MW (  849): (cmpb open _cmpb_get_new_handle() ok)
D/Cmpb_MW (  849): [API:IMtkPb_Ctrl_Open-7464] -->
D/Cmpb_MW (  849): End with handle(65431000) get successfully!!!
I/Cmpb_MW (  849): cmpb finish IMtkPb_Ctrl_Open at [1442287194.347 S]
D/Cmpb_MW (  849): [API:IMtkPb_Ctrl_RegCallback-8340] -->
D/Cmpb_MW (  849): Begin with handle(65431000)!!!
D/Cmpb_MW (  849): [API:IMtkPb_Ctrl_RegCallback-8380] -->
D/Cmpb_MW (  849): End with handle(65431000) successfully!!!
I/CmpbPlayer(  849): CmpbPlayer::Internal_prepareAsync(): IMtkPb_Ctrl_SetURL(stagefright/1.2 (Linux;Android 4.0.3)) , ret = 0 !
I/CmpbPlayer(  849): CMPB_player: IMtkPb_Ctrl_SetURL() Cookie , ret = 0 !
I/CmpbPlayer(  849): CMPB_player::prepareAsync(): IMtkPb_Ctrl_SetURL() Subtitle url 1, ret = 0 !
I/Cmpb_MW (  849): cmpb do IMtkPb_Ctrl_SetEngineParamAsync at [1442287194.350 S]
D/Cmpb_MW (  849): [API:IMtkPb_Ctrl_SetEngineParamAsync-8524] -->
D/Cmpb_MW (  849): Begin with handle(65431000)!!!
I/Cmpb_MW (  849): setengin param async op mode= 2  cur state=2 
D/Cmpb_MW (  849): [API:IMtkPb_Ctrl_SetEngineParamAsync-8609] -->
D/Cmpb_MW (  849): End with handle(65431000) and e_ret_code = 0
I/CmpbPlayer(  849): CmpbPlayer::Internal_prepareAsync(): IMtkPb_Ctrl_SetEngineParamAsync(URI) OK !
I/CmpbPlayer(  849): CmpbPlayer::Internal_prepareAsync(): prepare async OK !
I/CmpbPlayer(  849): CmpbPlayer::Internal_prepareAsync(): Leave
D/MTK_MW  (  833): {MM_SVCTX}:  e_svc_protocol=3 
D/MTK_MW  (  833): {SM-SCC} 
D/MTK_MW  (  833): [SCC] _scc.c:747 rm_close() fail return -4
D/baidu_location_service( 3504): baidu location service start1 ...3504
D/baidu_location_client( 3449): baidu location connected ...
D/SmartFS (  833): Log level==-1
D/WifiService( 1556): New client listening to asynchronous messages
D/MTK_MW  (  833): {MM_SVCTX}: Seekable Check ret 0 
D/MTK_MW  (  833): {MM_SVCTX}: file name : http://jq.v.ismartv.tv/topvideo/43037777D665B000A65E5AB2729CCFC9.mp4 !
D/MTK_MW  (  833): {MM_SVCTX}: favoriate format from server =1 
D/MTK_MW  (  833): {MM_SVCTX}: x_mfmtrecg_get_mem_fmt_async : ret = 0 !
D/MTK_MW  (  833): !!!mutil: x_smart_file_seek(ui8_addr) = 0 
D/MTK_MW  (  833): !!!mutil: x_smart_file_read(before) 
D/Cmpb_MW (  849): [API:_cmpb_ctrl_setengineparam-8982] -->
D/Cmpb_MW (  849): End with handle(65431000) successfully!!!
D/baidu_location_service( 3504): baidu location service stop ...
I/ActivityManager( 1556): Killing 2617:android.process.media/u0a3 (adj 15): empty #9
I/Process ( 3504): Sending signal. PID: 3504 SIG: 9
D/MTK_MW  (  833): !!!mutil: x_smart_file_read(after) ui4_read = 32768, ret = 0
D/MTK_MW  (  833): !!!x_httpc_fm_read ok
D/MTK_MW  (  833): !!!mutil: x_smart_file_seek(ui8_addr) = 8840492 
D/MTK_MW  (  833): !!!mutil: x_smart_file_read(before) 
I/ActivityManager( 1556): Process tv.ismar.daisy:remote (pid 3504) has died.
D/WifiService( 1556): Client connection lost with reason: 4
D/LeApp   ( 2464): wait to kill:2
D/MTK_MW  (  833): !!!mutil: x_smart_file_read(after) ui4_read = 32768, ret = 0
D/MTK_MW  (  833): !!!x_httpc_fm_read ok
D/MTK_MW  (  833): {unknown_mfmtrecg.c} 
D/MTK_MW  (  833): Mem recognize done! ok! 
D/MTK_MW  (  833): Info:MFMTRECG_NFY_EVENT_RECGNIZE_DONE
D/MTK_MW  (  833): {MM_SVCTX}:  media format is MP4!
D/MTK_MW  (  833): {MM_SVCTX}: sbtl full path:
D/MTK_MW  (  833): {unknown_minfo.c} 
D/MTK_MW  (  833): File parsing: begin parse file! 
D/MTK_MW  (  833): !!!mutil: x_smart_file_seek(ui8_addr) = 8873260 
D/MTK_MW  (  833): !!!mutil: x_smart_file_read(before) 
D/MTK_MW  (  833): !!!mutil: x_smart_file_read(after) ui4_read = 9581, ret = 0
D/MTK_MW  (  833): !!!x_httpc_fm_read ok
D/MTK_MW  (  833): _mp4_optional_description_parse, data format is 0x61766331
D/MTK_MW  (  833): {unknown_minfo.c} 
D/MTK_MW  (  833): File parsing: end parse file, ret = 0! 
D/MTK_MW  (  833): {unknown_minfo.c} 
D/MTK_MW  (  833): File parsing: parse file ok! 
I/Cmpb_MW (  849): cmpb rece SVCTX_NTFY_CODE_MEDIA_PRE_PROCESSED!
I/Cmpb_MW (  849):  at [1442287194.767 S]
I/Cmpb_MW (  849): b_set_engparm_async = 1!
I/Cmpb_MW (  849): pt_cmpb_inst->u_media.t_get_info.u4TotalDuration 59000
D/MTK_MW  (  833): {unknown_mp4_minfo.c} 
D/MTK_MW  (  833): ERROR: mp4_minfo_get_info - insufficient buffer 
D/MTK_MW  (  833): {unknown_mp4_minfo.c} 
D/MTK_MW  (  833): ERROR: mp4_minfo_get_info index > audio stream num 
D/MTK_MW  (  833): {unknown_mp4_minfo.c} 
D/MTK_MW  (  833): ERROR: mp4_minfo_get_info index > sbtl stream num 
I/Cmpb_MW (  849): u2AudioTrackNum = 1
I/Cmpb_MW (  849): IMTK_PB_CTRL_EVENT_PRE_PARSE_DONE
I/CmpbPlayer(  849): CmpbPlayer::media_pb_cb, event = 23 
I/CmpbPlayer(  849): CmpbPlayer::normal media_pb_cb, event = 23 
I/CmpbPlayer(  849): CmpbPlayer::NormalCBThread() received IMTK_PB_CTRL_EVENT_PREPARE_DONE
D/Cmpb_MW (  849): [API:IMtkPb_Ctrl_SetDisplayRectangle-12623] -->
D/Cmpb_MW (  849): Begin with handle(65431000)!!!
I/Cmpb_MW (  849): The dst region is: height = 4610,width = 7650,x=380,y=1210!
D/Cmpb_MW (  849): [API:IMtkPb_Ctrl_SetDisplayRectangle-12804] -->
D/Cmpb_MW (  849): End with handle(65431000) with ret = 0!!!
I/CmpbPlayer(  849): NormalCBThread() get video width and height 1470, 498 !
D/Cmpb_MW (  849): [API:IMtkPb_Ctrl_GetMediaInfo-15407] -->
D/Cmpb_MW (  849): Begine with handle(65431000)!!!
D/Cmpb_MW (  849): [API:IMtkPb_Ctrl_GetMediaInfo-15428] -->
D/Cmpb_MW (  849): End with handle(65431000) with e_ret = 0!!!
I/CmpbPlayer(  849): NormalCBThread() : file format = 11 !
I/Cmpb_MW (  849): The audio_num = 1 and video_num= 1 and subtitle_num = 0!!
D/Cmpb_MW (  849): [API:IMtkPb_Ctrl_Play-14510] -->
D/Cmpb_MW (  849): Begine with handle(65431000) and time = 0 !!!
I/Cmpb_MW (  849): cmpb do IMtkPb_Ctrl_Play at [1442287194.772 S]
D/Cmpb_MW (  849): [Error:_cmpb_ctrl_play-14023] -->
D/Cmpb_MW (  849): Get thumbnail lock and unlock here with handle (65431000)!!!
I/Cmpb_MW (  849): CMPB_SVCTX_MEDIA_GET_INFO() e_mm_svc_type = 0
I/Cmpb_MW (  849): b_still_at_last = 1
I/Cmpb_MW (  849): e_media_type=11. 
D/MTK_MW  (  833): {SVCTX_CINFO} [SVCTX]Enter x_svctx_select_svc HANDLE(16847935) source(7)
D/MTK_MW  (  833): {SVCTX_CINFO} [main_svctx][x_svctx_select_svc][11223] - pt_src_desc->e_type=7, ui4_stream_mode=0x3
D/MTK_MW  (  833): {SVCTX:RM_CLIENT}Info: Enter [svctx_RM_acquire][375] ps_snk_grp_name=(snk_MainDisp),ps_snk_grp_name_in_svctx=(snk_MainDisp),ui4_stream_mode(3)
D/MTK_MW  (  833): {SVCTX:RM_CLIENT}Info: Acquire @L435 , snk_name is(snk_MainDisp) 
D/MTK_MW  (  833): {SVCTX:RM_CLIENT}Info: IN _svctx_rm_chk_res_alloc_by_src e_res_src(4)
D/MTK_MW  (  833): Currently we do NOT care about the Audio resource.
D/MTK_MW  (  833): {SVCTX:RM_CLIENT}Info: IN _svctx_rm_record_res_alloc_by_src e_res_src(4)(1)
D/MTK_MW  (  833): {SVCTX:RM_CLIENT}Info:  Main AllocateResource OK!! 
D/MTK_MW  (  833): {SVCTX_CINFO} [SVCTX]Got resource x_svctx_select_svc HANDLE(16847935) selector(0)
D/MTK_MW  (  833): {MM_HDLR}: _mm_hdlr_preproc_svc_req line 784 play from pts = 0 
D/MTK_MW  (  833): [inps_client][_inps_svctx_nfy][456] 
D/MTK_MW  (  833): TV_WIN_ID_MAIN[e_code:1]
I/Cmpb_MW (  849): cmpb finish IMtkPb_Ctrl_Play at [1442287194.780 S]
D/Cmpb_MW (  849): [API:IMtkPb_Ctrl_Play-14596] -->
D/Cmpb_MW (  849): End with handle(65431000) and e_ret_code = 0 !!!
I/CmpbPlayer(  849): NormalCBThread() auto play ok !
D/MTK_MW  (  833): {SB_CN_DVBC} {_svctx_listener_nfy_fct 1931} send SB_DVBC_MSG_SVC_CHANGING_NFY(15): e_svctx_cond 1 
D/MTK_MW  (  833): {SB_CN_DVBC} 		[1934] msg is sent from svctx. the listener of scan eng works.
D/MTK_MW  (  833): [inps_client][_inps_svctx_nfy][456] 
D/MTK_MW  (  833): TV_WIN_ID_MAIN[e_code:7]
D/MTK_MW  (  833): {MM_HDLR}: mm_hdlr_select_svc line 22423 
D/MTK_MW  (  833): {unknown_app_tv.c} 
D/MTK_MW  (  833): {a_tv_get_isl_rec_by_snk_name 1955}
D/MTK_MW  (  833): {MM_HDLR}: PLAYER_NTFY_CODE_PIPE_OPENED_GET_CMDS
D/MTK_MW  (  833): {SB_CN_DVBC} [7302] SB_DVBC_MSG_SVC_CHANGING_NFY
D/MTK_MW  (  833): Receive Notify e_code= 7 @Func = _ctrl_handle_svctx_event, @Line = 662
D/MTK_MW  (  833): {SB_CN_DVBC} 		[7317] eng mf_serial_number change to 1 
D/MTK_MW  (  833): {unknown_acfg_video.c} 
D/MTK_MW  (  833): <ACFG acfg_custom_get_elem_index GET>ui1_ipt_src = 4, ui2_elem_idx = 6
D/MTK_MW  (  833): {unknown_acfg_video.c} 
D/MTK_MW  (  833): 
D/MTK_MW  (  833): <ACFG>e_screen_mode --------------= 1
D/MTK_MW  (  833): {unknown_app_tv.c} 
D/MTK_MW  (  833): {a_tv_get_isl_rec_by_snk_name 1955}
D/MTK_MW  (  833): {unknown_acfg_video.c} 
D/MTK_MW  (  833): {acfg_video_get 4311} get screen mode: i2_val=1, s_disp_name=snk_MainDisp
D/MTK_MW  (  833): {unknown_acfg_video.c} 
D/MTK_MW  (  833): <ACFG>Overscan: Match index=30
D/MTK_MW  (  833): {unknown_app_tv.c} 
D/MTK_MW  (  833): {a_tv_get_isl_rec_by_snk_name 1955}
D/MTK_MW  (  833): {MM_HDLR}: Screen mode call for video ready
D/MTK_MW  (  833): {MM_HDLR}: PLAYER_NTFY_CODE_CONN_CONNECTED
D/MTK_MW  (  833): {MM_HDLR}: PLAYER_NTFY_CODE_SCDB_OPENED
D/MTK_MW  (  833): {MM_HDLR}: e_conn_cond = 6, h_scdb = 103141d
D/MTK_MW  (  833): {MM_HDLR}: enter _mm_hdlr_handle_cm_connected
D/MTK_MW  (  833): {MM_HDLR}: _mm_hdlr_update_scdb_recs, line 12415, ret 0
D/MTK_MW  (  833): [inps_client][_inps_svctx_nfy][456] 
D/MTK_MW  (  833): TV_WIN_ID_MAIN[e_code:17]
D/MTK_MW  (  833): Receive Notify e_code= 17 @Func = _ctrl_handle_svctx_event, @Line = 662
D/MTK_MW  (  833): [inps_client][_inps_svctx_nfy][456] 
D/MTK_MW  (  833): TV_WIN_ID_MAIN[e_code:88]
D/MTK_MW  (  833): Receive Notify e_code= 88 @Func = _ctrl_handle_svctx_event, @Line = 662
I/CmpbPlayer(  849): CmpbPlayer::media_pb_cb, event = 1 
I/CmpbPlayer(  849): CmpbPlayer::normal media_pb_cb, event = 1 
D/MTK_MW  (  833): {MM_HDLR}: PLAYER_NTFY_CODE_SCDB_UPDATED
D/MTK_MW  (  833): [inps_client][_inps_svctx_nfy][456] 
D/MTK_MW  (  833): TV_WIN_ID_MAIN[e_code:30]
D/MTK_MW  (  833): {MM_HDLR}: PLAYER_NTFY_CODE_SESS_OPENED
D/MTK_MW  (  833): Receive Notify e_code= 30 @Func = _ctrl_handle_svctx_event, @Line = 662
D/MTK_MW  (  833): {MM_HDLR}: mm_hdlr_open_strm line 10884 open stream type ST_VIDEO
D/Cmpb_MW (  849): [Error:_cmpb_audio_strm_comp_filter-4354] -->
D/Cmpb_MW (  849): pt_cmpb_inst->t_audio_info.s_sel_lang == 0
D/MTK_MW  (  833): {MM_HDLR}: mm_hdlr_open_strm line 10959 open stream type ST_AUDIO
D/MTK_MW  (  833): Info:mm_hdlr_open_strm#10991: b_ad_enabled = 0, b_aux_audio = 0
D/MTK_MW  (  833): =======mp4_midxbuld_mopen line 4187 end=======
I/CmpbPlayer(  849): CmpbPlayer::normal media_pb_cb, received Total duration updated = 0 
D/MTK_MW  (  833): [inps_client][_inps_svctx_nfy][456] 
D/MTK_MW  (  833): TV_WIN_ID_MAIN[e_code:79]
D/MTK_MW  (  833): {MM_HDLR}: this file create index table success !!line9957
D/MTK_MW  (  833): =====start pts: 0, end: 1800000, file_start:0 , dur: 5310000=====
D/MTK_MW  (  833): mem indexing ui4_number_of_entry = 500 
D/MTK_MW  (  833): ***************** range info start*********************
D/MTK_MW  (  833): start    pts: 0x       0
D/MTK_MW  (  833): end      pts: 0x  26259f
D/MTK_MW  (  833): start tbl pts: 0x    2710
D/MTK_MW  (  833): end  tbl pts: 0x  261218
D/MTK_MW  (  833): start sample: 0x       1
D/MTK_MW  (  833): end   sample: 0x     1f4
D/MTK_MW  (  833): start offset: 0x      30
D/MTK_MW  (  833): end   offset: 0x  3c80b8
D/MTK_MW  (  833): ***************** range info end*********************
D/MTK_MW  (  833): ---------ui4_pts: 0x2710, ofst: 0x30, size: 0xfafc  --------
D/MTK_MW  (  833): ---------ui4_pts: 0x7530, ofst: 0xfb2c, size: 0x2085  --------
D/MTK_MW  (  833): ---------ui4_pts: 0x4e20, ofst: 0x11bcb, size: 0xb7d  --------
D/MTK_MW  (  833): ---------ui4_pts: 0x3a98, ofst: 0x12a1d, size: 0x650  --------
D/MTK_MW  (  833): ---------ui4_pts: 0x61a8, ofst: 0x13299, size: 0xaec  --------
D/MTK_MW  (  833): ---------ui4_pts: 0x25c3f8, ofst: 0x3c4fbf, size: 0x7ae  --------
D/MTK_MW  (  833): ---------ui4_pts: 0x25eb08, ofst: 0x3c59dc, size: 0x63d  --------
D/MTK_MW  (  833): ---------ui4_pts: 0x263928, ofst: 0x3c6369, size: 0xf5c  --------
D/MTK_MW  (  833): ---------ui4_pts: 0x2625a0, ofst: 0x3c7500, size: 0x844  --------
D/MTK_MW  (  833): ---------ui4_pts: 0x261218, ofst: 0x3c80b8, size: 0x439  --------
D/MTK_MW  (  833): Receive Notify e_code= 79 @Func = _ctrl_handle_svctx_event, @Line = 662
D/MTK_MW  (  833): mem indexing ui4_number_of_entry = 1197 
D/MTK_MW  (  833): ***************** range info start*********************
D/MTK_MW  (  833): start    pts: 0x       0
D/MTK_MW  (  833): end      pts: 0x  26259f
D/MTK_MW  (  833): start tbl pts: 0x       0
D/MTK_MW  (  833): end  tbl pts: 0x  262343
D/MTK_MW  (  833): start sample: 0x       1
D/MTK_MW  (  833): end   sample: 0x     4ad
D/MTK_MW  (  833): start offset: 0x   11bb1
D/MTK_MW  (  833): end   offset: 0x  3de1cc
D/MTK_MW  (  833): ***************** range info end*********************
D/MTK_MW  (  833): ---------ui4_pts: 0x0, ofst: 0x11bb1, size: 0x1a  --------
D/MTK_MW  (  833): ---------ui4_pts: 0x829, ofst: 0x12748, size: 0xa6  --------
D/MTK_MW  (  833): ---------ui4_pts: 0x1053, ofst: 0x127ee, size: 0x116  --------
D/MTK_MW  (  833): ---------ui4_pts: 0x187d, ofst: 0x12904, size: 0x119  --------
D/MTK_MW  (  833): ---------ui4_pts: 0x20a7, ofst: 0x1306d, size: 0x119  --------
D/MTK_MW  (  833): ---------ui4_pts: 0x26029c, ofst: 0x3c8625, size: 0x10f  --------
D/MTK_MW  (  833): ---------ui4_pts: 0x260ac6, ofst: 0x3db517, size: 0x10e  --------
D/MTK_MW  (  833): ---------ui4_pts: 0x2612f0, ofst: 0x3db625, size: 0x104  --------
D/MTK_MW  (  833): ---------ui4_pts: 0x261b1a, ofst: 0x3de0c9, size: 0x103  --------
D/MTK_MW  (  833): ---------ui4_pts: 0x262343, ofst: 0x3de1cc, size: 0xf8  --------
D/MTK_MW  (  833): {MM_HDLR}: _mm_hdlr_range_info_gen line 4253 u4keyEntryNum = 5 
D/MTK_MW  (  833): {MM_HDLR}: mm_hdlr add range success!
D/MTK_MW  (  833): {PRCM} 
D/MTK_MW  (  833): {PM}ERR: [prc_filter.c][ 2547] 
D/MTK_MW  (  833): {PRCM} 
D/MTK_MW  (  833): set command to RM FAIL
D/MTK_MW  (  833): {PRCM} 
D/MTK_MW  (  833): [ret:-1]
D/MTK_MW  (  833): [SM] VS(0x0101140B), set video codec(VID_ENC_H264)
D/MTK_MW  (  833): {PRCM} 
D/MTK_MW  (  833): {PM}ERR: [prc_filter.c][ 2547] 
D/MTK_MW  (  833): {PRCM} 
D/MTK_MW  (  833): set command to RM FAIL
D/MTK_MW  (  833): {PRCM} 
D/MTK_MW  (  833): [ret:-1]
D/MTK_MW  (  833): {SM-AD} 
D/MTK_MW  (  833): [SM] AS, pm_set(PM_SET_AUD_CHG_PID_NFY_FCT) fail, i4_ret = -1
D/MTK_MW  (  833): {MM_HDLR}: _mm_hdlr_handle_strm_msg line 14932 open stream(1) OK 
D/MTK_MW  (  833): {MM_HDLR}: _mm_hdlr_handle_strm_msg line 14932 open stream(0) OK 
D/MTK_MW  (  833): F[    0] [type:41] begin to enable ...[TIME]: 1047800
D/MTK_MW  (  833): {MM_HDLR}: mm_hdlr_internal_msg line 23615 mm_hdlr set play sess cmd i4_ret = 1
D/MTK_MW  (  833): F[    0] Enabled [TIME]: 1047810
D/MTK_MW  (  833): F[    0] [type:41] begin to enable ...[TIME]: 1047810
D/MTK_MW  (  833): F[    0] Enabled [TIME]: 1047820
D/MTK_MW  (  833): F[    0] [type:42] begin to enable ...[TIME]: 1047820
D/MTK_MW  (  833): F[    0] Enabled [TIME]: 1047830
D/MTK_MW  (  833): Audio handler set play to audio driver start [TIME]:1047840
D/MTK_MW  (  833): Audio handler set play to audio driver end [TIME]:1047850
D/MTK_MW  (  833): {MM_HDLR}: mm_hdlr_internal_msg line 23615 mm_hdlr set play sess cmd i4_ret = 1
D/MTK_MW  (  833): {MM_HDLR}: mm_hdlr_internal_msg line 23615 mm_hdlr set play sess cmd i4_ret = 1
D/MTK_MW  (  833): Audio handler receive audio driver play done [TIME]:1047850
D/MTK_MW  (  833): {MM_HDLR}: _mm_hdlr_handle_strm_msg line 15016 stream(1) started 
D/MTK_MW  (  833): {MM_HDLR}: mm_hdlr_internal_msg line 23615 mm_hdlr set play sess cmd i4_ret = 1
D/MTK_MW  (  833): {MM_HDLR}: _mm_hdlr_handle_strm_msg line 15016 stream(0) started 
D/MTK_MW  (  833): {MM_HDLR}: mm_hdlr_internal_msg line 23615 mm_hdlr set play sess cmd i4_ret = 1
D/MTK_MW  (  833): {MM_HDLR}: PLAYER_NTFY_CODE_SESS_STARTED
I/Cmpb_MW (  849): recv SVCTX_NTFY_CODE_NORMAL
I/Cmpb_MW (  849): cmpb rece SVCTX_NTFY_CODE_NORMAL at [1442287194.864 S]
I/CmpbPlayer(  849): CmpbPlayer::media_pb_cb, event = 4098 
I/CmpbPlayer(  849): CmpbPlayer::normal media_pb_cb, event = 4098 
I/CmpbPlayer(  849): CmpbPlayer::NormalCBThread() default case 
D/MTK_MW  (  833): {SB_CN_DVBC} {_svctx_listener_nfy_fct 1931} send SB_DVBC_MSG_SVC_SELECTED_NFY(14): e_svctx_cond 3 
D/MTK_MW  (  833): {SB_CN_DVBC} 		[1934] msg is sent from svctx. the listener of scan eng works.
D/MTK_MW  (  833): [inps_client][_inps_svctx_nfy][456] 
D/MTK_MW  (  833): TV_WIN_ID_MAIN[e_code:0]
D/MTK_MW  (  833): {MM_HDLR}: _mm_hdlr_handle_sess_started line 17016 check stream status 
D/MTK_MW  (  833): {SB_CN_DVBC} [7357] SB_DVBC_MSG_SVC_SELECTED_NFY 
D/MTK_MW  (  833): {SB_CN_DVBC} [7380] SET Internal ret changing 
D/MTK_MW  (  833): {SB_CN_DVBC} [7422] crnt_svl_id = 0, crnt_svl_rec_id = 0
D/MTK_MW  (  833): Receive Notify e_code= 0 @Func = _ctrl_handle_svctx_event, @Line = 662
D/Cmpb_MW (  849): [Error:_cmpb_ctrl_handle_cur_time_update-6592] -->
D/Cmpb_MW (  849): cmpb:fg_play_normal=0 or fg_during_seek not send time udpate. returns
D/Cmpb_MW (  849): [Error:_cmpb_ctrl_media_play_nfy_fct_body-3726] -->
D/Cmpb_MW (  849): Call _cmpb_ctrl_handle_cur_time_update fail(-9)!!!
D/MTK_MW  (  833): {MM_HDLR}: DRIVER SEND SVCTX_NTFY_CODE_AUDIO_FMT_UPDATE
D/MTK_MW  (  833): [inps_client][_inps_svctx_nfy][456] 
D/MTK_MW  (  833): TV_WIN_ID_MAIN[e_code:37]
D/MTK_MW  (  833): Receive Notify e_code= 37 @Func = _ctrl_handle_svctx_event, @Line = 662
I/Cmpb_MW (  849): cmpb rece SVCTX_NTFY_CODE_AUDIO_FMT_UPDATE at [1442287195.295 S]
D/MTK_MW  (  833): {MM_HDLR}: Get Type SVCTX_MM_GET_TYPE_AUD_INFO
D/MTK_MW  (  833): {MM_HDLR}: DRIVER SEND SVCTX_NTFY_CODE_AUDIO_FMT_UPDATE
I/Cmpb_MW (  849): cmpb rece SVCTX_NTFY_CODE_AUDIO_FMT_UPDATE at [1442287195.328 S]
D/MTK_MW  (  833): [inps_client][_inps_svctx_nfy][456] 
D/MTK_MW  (  833): TV_WIN_ID_MAIN[e_code:37]
D/MTK_MW  (  833): Receive Notify e_code= 37 @Func = _ctrl_handle_svctx_event, @Line = 662
D/MTK_MW  (  833): {MM_HDLR}: Get Type SVCTX_MM_GET_TYPE_AUD_INFO
D/MTK_MW  (  833): {MM_HDLR}: _mm_hdlr_handle_strm_msg line 14761 DRIVER SEND VSH_DIG_DECODE_NORMAL 
D/MTK_MW  (  833): {MM_HDLR}: DRIVER SEND SM_EVN_VS_VIDEO_PLAY_DONE
D/MTK_MW  (  833): [inps_client][_inps_svctx_nfy][456] 
D/MTK_MW  (  833): TV_WIN_ID_MAIN[e_code:54]
D/MTK_MW  (  833): Receive Notify e_code= 54 @Func = _ctrl_handle_svctx_event, @Line = 662
D/MTK_MW  (  833): {MM_HDLR}: DRIVER SEND SVCTX_NTFY_CODE_VIDEO_FMT_UPDATE 
I/Cmpb_MW (  849): cmpb rece SVCTX_NTFY_CODE_VIDEO_FMT_UPDATE at [1442287195.445 S]
D/MTK_MW  (  833): [inps_client][_inps_svctx_nfy][456] 
D/MTK_MW  (  833): TV_WIN_ID_MAIN[e_code:36]
D/MTK_MW  (  833): {_inps_signal_status_nfy_fct_wrapper 113}
D/MTK_MW  (  833): {_inps_signal_status_nfy_fct_wrapper 124}
I/System.out( 1556): [J]TVCallBack {onOutputSignalStatus} output: 0, signalStatus: 3
I/[J]ScanService( 2410): com.mediatek.tv.service.InputService.onOutputSignalStatus [216] :--> notifyOutputEvent(main, InputEventVideoUpdate)
I/[J]ScanService( 1778): com.mediatek.tv.service.InputService.onOutputSignalStatus [216] :--> notifyOutputEvent(main, InputEventVideoUpdate)
I/@TVServer( 1778): com.mediatek.tvcommon.TVInputCommon$InputListenerDelegate.notifyOutputEvent [198] :---> main: InputEventVideoUpdate
D/MTK_MW  (  833): Receive Notify e_code= 36 @Func = _ctrl_handle_svctx_event, @Line = 662
D/MTK_MW  (  833): [inps_client][_inps_svctx_nfy][456] 
D/MTK_MW  (  833): TV_WIN_ID_MAIN[e_code:21]
D/MTK_MW  (  833): {unknown_app_tv.c} 
D/MTK_MW  (  833): {a_tv_get_isl_rec_by_snk_name 1955}
D/MTK_MW  (  833): {unknown_acfg_video.c} 
D/MTK_MW  (  833): <ACFG acfg_custom_get_elem_index GET>ui1_ipt_src = 4, ui2_elem_idx = 6
D/MTK_MW  (  833): {unknown_acfg_video.c} 
D/MTK_MW  (  833): 
D/MTK_MW  (  833): <ACFG>e_screen_mode --------------= 1
D/MTK_MW  (  833): {unknown_app_tv.c} 
D/MTK_MW  (  833): {a_tv_get_isl_rec_by_snk_name 1955}
D/MTK_MW  (  833): {unknown_acfg_video.c} 
D/MTK_MW  (  833): {acfg_video_get 4311} get screen mode: i2_val=1, s_disp_name=snk_MainDisp
D/MTK_MW  (  833): {unknown_acfg_video.c} 
D/MTK_MW  (  833): <ACFG>Overscan: Match index=30
D/MTK_MW  (  833): {unknown_acfg_video.c} 
D/MTK_MW  (  833): <ACFG acfg_custom_get_elem_index GET>ui1_ipt_src = 4, ui2_elem_idx = 0
D/MTK_MW  (  833): Receive Notify e_code= 21 @Func = _ctrl_handle_svctx_event, @Line = 662
I/Cmpb_MW (  849):  t_resolution.b_resized = 0 !!!
I/Cmpb_MW (  849):  t_resolution.ui4_width = 1470 !!!
I/Cmpb_MW (  849):  t_resolution.ui4_height = 498 !!!
I/Cmpb_MW (  849):  t_resolution.ui2_orig_height = 0 !!!
I/Cmpb_MW (  849):  t_resolution.ui2_orig_width = 0 !!!
I/Cmpb_MW (  849):  t_resolution.ui4_orig_aspect_ratio_w = 0 !!!
I/Cmpb_MW (  849):  t_resolution.ui4_orig_aspect_ratio_h = 0 !!!
I/Cmpb_MW (  849):  t_resolution.b_is_orig_display_aspect_ratio = 0 !!!
I/Cmpb_MW (  849):  t_resolution.b_is_display_aspect_ratio = 1 !!!
I/Cmpb_MW (  849):  t_resolution.ui4_aspect_ratio_w = 16 !!!
I/Cmpb_MW (  849):  t_resolution.ui4_aspect_ratio_h = 9 !!!
I/CmpbPlayer(  849): CmpbPlayer::media_pb_cb, event = 43 
I/Cmpb_MW (  849): IMTK_PB_CTRL_EVENT_VID_INFO(1470,498,96338418)
I/CmpbPlayer(  849): CmpbPlayer::normal media_pb_cb, event = 43 
I/CmpbPlayer(  849): CmpbPlayer::NormalCBThread() received IMTK_PB_CTRL_EVENT_VID_INFO
I/CmpbPlayer(  849): NormalCBThread() get video width and height 1470, 498 !
W/MediaPlayer( 3449): info/warning (1004, 96338418)
I/Cmpb_MW (  849): b_src_asp is TRUE: need convert-par_w = 7968,par_h = 13230 !!!
I/CmpbPlayer(  849): CmpbPlayer::media_pb_cb, event = 42 
D/MTK_MW  (  833): {unknown_acfg_video.c} 
D/MTK_MW  (  833): <ACFG acfg_custom_get_elem_index GET>ui1_ipt_src = 4, ui2_elem_idx = 1
I/Cmpb_MW (  849): IMTK_PB_CTRL_EVENT_PIXEL_INFO(7968,13230,522204078)
I/CmpbPlayer(  849): CmpbPlayer::normal media_pb_cb, event = 42 
I/CmpbPlayer(  849): CmpbPlayer::NormalCBThread() received IMTK_PB_CTRL_EVENT_PIXEL_INFO
I/CmpbPlayer(  849): NormalCBThread() get pixel width and height 7968, 13230 !
W/MediaPlayer( 3449): info/warning (1005, 522204078)
I/Cmpb_MW (  849): cmpb send IMTK_PB_CTRL_EVENT_PLAY_DONE at [1442287195.461 S]
I/CmpbPlayer(  849): CmpbPlayer::media_pb_cb, event = 28 
D/MTK_MW  (  833): {unknown_acfg_video.c} 
D/MTK_MW  (  833): <ACFG acfg_custom_get_elem_index GET>ui1_ipt_src = 4, ui2_elem_idx = 1
I/CmpbPlayer(  849): CmpbPlayer::normal media_pb_cb, event = 28 
I/CmpbPlayer(  849): CmpbPlayer::NormalCBThread() default case 
D/MTK_MW  (  833): {MM_HDLR}: Disp region call for video ready
I/CmpbPlayer(  849): CmpbPlayer::media_pb_cb, event = 9 
I/CmpbPlayer(  849): CmpbPlayer::normal media_pb_cb, event = 9 
I/CmpbPlayer(  849): CmpbPlayer::NormalCBThread() received IMTK_PB_CTRL_EVENT_PLAY_DONE
D/Cmpb_MW (  849): [API:IMtkPb_Ctrl_GetMediaInfo-15407] -->
D/Cmpb_MW (  849): Begine with handle(65431000)!!!
D/MTK_MW  (  833): {unknown_acfg_video.c} 
D/MTK_MW  (  833): <ACFG acfg_custom_get_elem_index GET>ui1_ipt_src = 4, ui2_elem_idx = 1
D/Cmpb_MW (  849): [API:IMtkPb_Ctrl_GetMediaInfo-15428] -->
D/Cmpb_MW (  849): End with handle(65431000) with e_ret = 0!!!
I/CmpbPlayer(  849): NormalCBThread() : file format = 11 !
I/Cmpb_MW (  849): The audio_num = 1 and video_num= 1 and subtitle_num = 0!!
E/CmpbPlayer(  849): IMtkPb_Ctrl_Get(IMTK_PB_CTRL_GET_TYPE_MEDIA_INFO) ret=0, subtitle cnt=0 !!!
D/Cmpb_MW (  849): [API:IMtkPb_Ctrl_Pause-14615] -->
D/Cmpb_MW (  849): Begine with handle(65431000) !!!
D/MTK_MW  (  833): {MM_HDLR}: _mm_hdlr_set line 8739 DO TRICK OPERATION
D/MTK_MW  (  833): {MM_HDLR}: mm_hdlr_set_trick line 7263 set speed = 24
D/MTK_MW  (  833): {MM_HDLR}: main_svctx mm_hdlr_set_trick line 7522 stop stc
D/MTK_MW  (  833): {unknown_acfg_video.c} 
D/MTK_MW  (  833): <ACFG acfg_custom_get_elem_index GET>ui1_ipt_src = 4, ui2_elem_idx = 1
D/MTK_MW  (  833): {unknown_acfg_video.c} 
D/MTK_MW  (  833): <ACFG acfg_custom_get_elem_index GET>ui1_ipt_src = 4, ui2_elem_idx = 1
D/MTK_MW  (  833): {unknown_acfg_video.c} 
D/MTK_MW  (  833): <ACFG acfg_custom_get_elem_index GET>ui1_ipt_src = 4, ui2_elem_idx = 1
D/MTK_MW  (  833): {unknown_acfg_video.c} 
D/MTK_MW  (  833): <ACFG acfg_custom_get_elem_index GET>ui1_ipt_src = 4, ui2_elem_idx = 0
D/MTK_MW  (  833): {unknown_acfg_video.c} 
D/MTK_MW  (  833): <ACFG acfg_custom_get_elem_index GET>ui1_ipt_src = 4, ui2_elem_idx = 0
D/MTK_MW  (  833): {unknown_acfg_video.c} 
D/MTK_MW  (  833): <ACFG acfg_custom_get_elem_index GET>ui1_ipt_src = 4, ui2_elem_idx = 0
D/MTK_MW  (  833): {unknown_acfg_video.c} 
D/MTK_MW  (  833): <ACFG acfg_custom_get_elem_index GET>ui1_ipt_src = 4, ui2_elem_idx = 0
D/MTK_MW  (  833): {unknown_acfg_video.c} 
D/MTK_MW  (  833): <ACFG acfg_custom_get_elem_index GET>ui1_ipt_src = 4, ui2_elem_idx = 0
D/MTK_MW  (  833): {unknown_acfg_video.c} 
D/MTK_MW  (  833): <ACFG acfg_custom_get_elem_index GET>ui1_ipt_src = 4, ui2_elem_idx = 0
D/MTK_MW  (  833): {unknown_acfg_video.c} 
D/MTK_MW  (  833): <ACFG acfg_custom_get_elem_index GET>ui1_ipt_src = 4, ui2_elem_idx = 1
D/MTK_MW  (  833): [inps_client][_inps_svctx_nfy][456] 
D/MTK_MW  (  833): TV_WIN_ID_MAIN[e_code:89]
D/Cmpb_MW (  849): [API:IMtkPb_Ctrl_Pause-14669] -->
D/Cmpb_MW (  849): End with handle(65431000) successfully!!!
I/CmpbPlayer(  849): NormalCBThread() auto pause ok !
I/CmpbPlayer(  849): CmpbPlayer::media_pb_cb, event = 30 
I/CmpbPlayer(  849): NormalCBThread() send MEDIA_PREPARED event to ap ok !
D/MTK_MW  (  833): Receive Notify e_code= 89 @Func = _ctrl_handle_svctx_event, @Line = 662
E/MediaPlayer( 3449): Should have subtitle controller already set
D/MTK_MW  (  833): {unknown_acfg_video.c} 
D/MTK_MW  (  833): <ACFG acfg_custom_get_elem_index GET>ui1_ipt_src = 4, ui2_elem_idx = 1
I/CmpbPlayer(  849): CmpbPlayer::normal media_pb_cb, event = 30 
I/CmpbPlayer(  849): cmpb_setLooping = 0, ProtocolPlayer=0, streamPlayer=0
I/CmpbPlayer(  849): CmpbPlayer::NormalCBThread() default case 
D/MTK_MW  (  833): {unknown_acfg_video.c} 
D/MTK_MW  (  833): <ACFG acfg_custom_get_elem_index GET>ui1_ipt_src = 4, ui2_elem_idx = 1
I/CmpbPlayer(  849): CmpbPlayer::setLooping(): ret = 0 
I/CmpbPlayer(  849): cmpb_setLooping = 0, ProtocolPlayer=0, streamPlayer=0
I/CmpbPlayer(  849): CmpbPlayer::setLooping(): ret = 0 
I/CmpbPlayer(  849): cmpb_start
I/CmpbPlayer(  849): StartPlayer
D/Cmpb_MW (  849): [API:IMtkPb_Ctrl_Play-14510] -->
D/Cmpb_MW (  849): Begine with handle(65431000) and time = 0 !!!
I/Cmpb_MW (  849): cmpb do IMtkPb_Ctrl_Play at [1442287195.508 S]
D/MTK_MW  (  833): {MM_HDLR}: _mm_hdlr_set line 8739 DO TRICK OPERATION
D/MTK_MW  (  833): {MM_HDLR}: mm_hdlr_set_trick line 7263 set speed = 36
D/MTK_MW  (  833): {unknown_acfg_video.c} 
D/MTK_MW  (  833): <ACFG acfg_custom_get_elem_index GET>ui1_ipt_src = 4, ui2_elem_idx = 1
D/MTK_MW  (  833): {unknown_acfg_video.c} 
D/MTK_MW  (  833): <ACFG acfg_custom_get_elem_index GET>ui1_ipt_src = 4, ui2_elem_idx = 1
D/MTK_MW  (  833): {unknown_acfg_video.c} 
D/MTK_MW  (  833): <ACFG acfg_custom_get_elem_index GET>ui1_ipt_src = 4, ui2_elem_idx = 1
D/MTK_MW  (  833): {unknown_acfg_video.c} 
D/MTK_MW  (  833): <ACFG acfg_custom_get_elem_index GET>ui1_ipt_src = 4, ui2_elem_idx = 1
D/MTK_MW  (  833): {unknown_acfg_video.c} 
D/MTK_MW  (  833): <ACFG acfg_custom_get_elem_index GET>ui1_ipt_src = 4, ui2_elem_idx = 1
D/MTK_MW  (  833): {unknown_acfg_video.c} 
D/MTK_MW  (  833): <ACFG acfg_custom_get_elem_index GET>ui1_ipt_src = 4, ui2_elem_idx = 6
D/MTK_MW  (  833): {unknown_acfg_video.c} 
D/MTK_MW  (  833): 
D/MTK_MW  (  833): <ACFG>e_screen_mode --------------= 1
D/MTK_MW  (  833): [inps_client][_inps_svctx_nfy][456] 
D/MTK_MW  (  833): TV_WIN_ID_MAIN[e_code:89]
D/MTK_MW  (  833): {unknown_app_tv.c} 
D/MTK_MW  (  833): {a_tv_get_isl_rec_by_snk_name 1955}
D/MTK_MW  (  833): {unknown_acfg_video.c} 
D/MTK_MW  (  833): {acfg_video_get 4311} get screen mode: i2_val=1, s_disp_name=snk_MainDisp
D/MTK_MW  (  833): {unknown_acfg_video.c} 
D/MTK_MW  (  833): _acfg_video_update_check_scr_mode, i2_app_val=1
D/MTK_MW  (  833): {unknown_acfg_video.c} 
D/MTK_MW  (  833): <ACFG acfg_custom_get_elem_index GET>ui1_ipt_src = 4, ui2_elem_idx = 6
D/MTK_MW  (  833): {unknown_acfg_video.c} 
D/MTK_MW  (  833): 
D/MTK_MW  (  833): <ACFG>e_screen_mode --------------= 1
D/MTK_MW  (  833): {unknown_app_tv.c} 
D/MTK_MW  (  833): {a_tv_get_isl_rec_by_snk_name 1955}
D/MTK_MW  (  833): {unknown_acfg_video.c} 
D/MTK_MW  (  833): {acfg_video_get 4311} get screen mode: i2_val=1, s_disp_name=snk_MainDisp
D/MTK_MW  (  833): {unknown_acfg_video.c} 
D/MTK_MW  (  833): <ACFG>Overscan: Match index=30
D/MTK_MW  (  833): {unknown_acfg_video.c} 
D/MTK_MW  (  833): {acfg_video_update 6004} update screen mode: e_scr_mode=1, s_disp_name=snk_MainDisp
D/MTK_MW  (  833): Screen_Mode_is_set_success
D/MTK_MW  (  833): {unknown_acfg_video.c} 
D/MTK_MW  (  833): <ACFG> QUERY 3D Mode Format capablity is :(51) 
D/MTK_MW  (  833): {unknown_acfg_video.c} 
D/MTK_MW  (  833): <ACFG>acfg_video_set,ui2_cfg_grp = 13, ui2_cfg_rec = 64
D/MTK_MW  (  833): {unknown_acfg_video.c} 
D/MTK_MW  (  833): <ACFG acfg_custom_get_elem_index GET>ui1_ipt_src = 4, ui2_elem_idx = 0
D/MTK_MW  (  833): {MM_HDLR}: Screen mode call for video ready
I/Cmpb_MW (  849): cmpb finish IMtkPb_Ctrl_Play at [1442287195.529 S]
D/Cmpb_MW (  849): [API:IMtkPb_Ctrl_Play-14596] -->
D/Cmpb_MW (  849): End with handle(65431000) and e_ret_code = 0 !!!
I/CmpbPlayer(  849): IMtkPb_Ctrl_Play() ok !
I/CmpbPlayer(  849): resume play now!
E/CmpbPlayer(  849): CmpbPlayer::start() wait for started timeout = 100... 
I/CmpbPlayer(  849): CmpbPlayer::start() send MEDIA_INFO_VIDEO_RENDERING_START to ap ok 
W/MediaPlayer( 3449): info/warning (3, 0)
D/MTK_MW  (  833): {unknown_app_tv.c} 
D/MTK_MW  (  833): {a_tv_get_isl_rec_by_snk_name 1955}
D/MTK_MW  (  833): {unknown_acfg_video.c} 
D/MTK_MW  (  833): <ACFG acfg_custom_get_elem_index GET>ui1_ipt_src = 4, ui2_elem_idx = 12
D/MTK_MW  (  833): {unknown_acfg_video.c} 
D/MTK_MW  (  833): <ACFG acfg_custom_get_elem_index GET>ui1_ipt_src = 4, ui2_elem_idx = 12
D/MTK_MW  (  833): {unknown_acfg_video.c} 
D/MTK_MW  (  833): <ACFG acfg_custom_get_elem_index GET>ui1_ipt_src = 4, ui2_elem_idx = 0
D/MTK_MW  (  833): {unknown_acfg_video.c} 
D/MTK_MW  (  833): <ACFG acfg_custom_get_elem_index GET>ui1_ipt_src = 4, ui2_elem_idx = 0
D/MTK_MW  (  833): {unknown_acfg_video.c} 
D/MTK_MW  (  833): <ACFG acfg_custom_get_elem_index GET>ui1_ipt_src = 4, ui2_elem_idx = 0
D/MTK_MW  (  833): {unknown_acfg_video.c} 
D/MTK_MW  (  833): <ACFG acfg_custom_get_elem_index GET>ui1_ipt_src = 4, ui2_elem_idx = 0
D/MTK_MW  (  833): {unknown_acfg_video.c} 
D/MTK_MW  (  833): <ACFG acfg_custom_get_elem_index GET>ui1_ipt_src = 4, ui2_elem_idx = 0
D/MTK_MW  (  833): {unknown_acfg_video.c} 
D/MTK_MW  (  833): <ACFG acfg_custom_get_elem_index GET>ui1_ipt_src = 4, ui2_elem_idx = 0
D/MTK_MW  (  833): {unknown_acfg_video.c} 
D/MTK_MW  (  833): <ACFG acfg_custom_get_elem_index GET>ui1_ipt_src = 4, ui2_elem_idx = 0
D/MTK_MW  (  833): {unknown_acfg_video.c} 
D/MTK_MW  (  833): {acfg_video_update,6519} __ x_scc_vid_get_asp_ratio_enable__ enable = 1. 
D/MTK_MW  (  833): {unknown_acfg_video.c} 
D/MTK_MW  (  833): <ACFG> Return fail:acfg_video.c:6526:-14
D/MTK_MW  (  833): {unknown_acfg_custom.c} 
D/MTK_MW  (  833): <ACFG> Return fail:acfg_custom.c:3423:-5
D/MTK_MW  (  833): Receive Notify e_code= 89 @Func = _ctrl_handle_svctx_event, @Line = 662
I/CmpbPlayer(  849): CmpbPlayer::media_pb_cb, event = 30 
I/CmpbPlayer(  849): CmpbPlayer::normal media_pb_cb, event = 30 
I/CmpbPlayer(  849): CmpbPlayer::NormalCBThread() default case 
E/PowerManagerService( 1556): (yjdbg) PARTIAL_WAKE_LOCK PARTIAL_WAKE_LOCK              'AudioMix' (uid=1000, pid=849, ws=null)
E/PowerManagerService( 1556): (yjdbg) SCREEN_BRIGHT_WAKE_LOCK SCREEN_BRIGHT_WAKE_LOCK        'WindowManager' ON_AFTER_RELEASE (uid=1000, pid=1556, ws=WorkSource{10063})
D/MTK_MW  (  833): {MM_HDLR}: DRIVER SEND SVCTX_NTFY_CODE_AUDIO_FMT_UPDATE
I/Cmpb_MW (  849): cmpb rece SVCTX_NTFY_CODE_AUDIO_FMT_UPDATE at [1442287195.759 S]
D/MTK_MW  (  833): [inps_client][_inps_svctx_nfy][456] 
D/MTK_MW  (  833): TV_WIN_ID_MAIN[e_code:37]
D/MTK_MW  (  833): Receive Notify e_code= 37 @Func = _ctrl_handle_svctx_event, @Line = 662
D/MTK_MW  (  833): {MM_HDLR}: Get Type SVCTX_MM_GET_TYPE_AUD_INFO
W/AppOps  ( 1556): Bad call: specified package media under uid 1000 but it is really 1013
E/PowerManagerService( 1556): (yjdbg) SCREEN_BRIGHT_WAKE_LOCK SCREEN_BRIGHT_WAKE_LOCK        'WindowManager' ON_AFTER_RELEASE (uid=1000, pid=1556, ws=WorkSource{10063})
E/PowerManagerService( 1556): (yjdbg) SCREEN_BRIGHT_WAKE_LOCK SCREEN_BRIGHT_WAKE_LOCK        'WindowManager' ON_AFTER_RELEASE (uid=1000, pid=1556, ws=WorkSource{10063})
E/PowerManagerService( 1556): (yjdbg) PARTIAL_WAKE_LOCK PARTIAL_WAKE_LOCK              'AlarmManager' (uid=1000, pid=1556, ws=WorkSource{1000})
E/PowerManagerService( 1556): (yjdbg) SCREEN_BRIGHT_WAKE_LOCK SCREEN_BRIGHT_WAKE_LOCK        'WindowManager' ON_AFTER_RELEASE (uid=1000, pid=1556, ws=WorkSource{10063})
I/Launcher( 1778): |INFO|year2015|com.lenovo.dll.nebula.launcher.GL.GLWorkSpace$7|
W/Launcher( 1778): |WARN|screen_stateAPP|com.lenovo.dll.nebula.launcher.GL.GLWorkSpace|
I/Launcher( 1778): |INFO|星期二,2015,11:20,上午,乙未年,八月初三|com.lenovo.dll.nebula.launcher.DateManager|
I/CmpbPlayer(  849): CmpbPlayer_Play_To_Time_5000_MS, Get file name failed
I/CmpbPlayer(  849): CmpbPlayer_Play_To_Time_5000_MS, Get file name failed
I/qazwsx  ( 3449): queue is no elements
D/MTK_MW  (  833): {MM_HDLR}: _mm_hdlr_handle_player_nty line 19916 SVCTX_NTFY_CODE_MEDIA_EOF 
I/CmpbPlayer(  849): CmpbPlayer::media_pb_cb, event = 8 
D/MTK_MW  (  833): [inps_client][_inps_svctx_nfy][456] 
D/MTK_MW  (  833): TV_WIN_ID_MAIN[e_code:168]
D/MTK_MW  (  833): Receive Notify e_code= 168 @Func = _ctrl_handle_svctx_event, @Line = 662
I/CmpbPlayer(  849): CmpbPlayer::normal media_pb_cb, event = 8 
I/CmpbPlayer(  849): CmpbPlayer::NormalCBThread() received IMTK_PB_CTRL_EVENT_EOF
I/MediaPlayerService(  849): mediaplayerservice:callback application, event=buf update, progress=100
I/MediaPlayerService(  849): mediaplayerservice:after send msg, event=buf update, progress=100
I/MediaPlayer( 3449): callback application, event=buf update, progress=100
I/MediaPlayer-JNI( 3449): mediaplayerJNI: callback application, event=buf update1, progress=100
I/MediaPlayer-JNI( 3449): mediaplayerJNI: after callback, event=buf update1, progress=100
I/MediaPlayer( 3449): back from callback, event=buf update, progress=100
D/MediaPlayer( 3449): mediaplayer.java: before callback, event=buf update, progress=100
D/MediaPlayer( 3449): mediaplayer.java: after callback, event=buf update, progress=100
D/LeApp   ( 2464): wait to kill:2
E/lrcd    ( 1944): Hidraw try enable rc touch time =580669 
D/lrcd    ( 1944): Hidraw enable remote ok
D/InputReader( 1556):  Absolute cursor move deltaX = -153 deltaY = 152 dl = 215
E/bt-btif ( 1756): bta_hh_le_write_rpt: ReportID: 0x07 Data Len: 6
D/lrcd    ( 1944): Event report info remote id = 0 
D/lrcd    ( 1944): Event report remote level model : = S
D/lrcd    ( 1944): Event report info remote model = RCS520 
D/lrcd    ( 1944): Event report remote version =0113
D/lrcd    ( 1944): Event report remote battery =2304
D/Hillcrest( 1944): Received sleep status = On Table
D/lrcd    ( 1944): Hidraw set rc sensor to sleep useTime = 583049 ms count =0 
E/PowerManagerService( 1556): (yjdbg) SCREEN_BRIGHT_WAKE_LOCK SCREEN_BRIGHT_WAKE_LOCK        'WindowManager' ON_AFTER_RELEASE (uid=1000, pid=1556, ws=WorkSource{10063})
E/PowerManagerService( 1556): (yjdbg) PARTIAL_WAKE_LOCK PARTIAL_WAKE_LOCK              'AlarmManager' (uid=1000, pid=1556, ws=WorkSource{1000})
D/ConnectivityService( 1556): Sampling interval elapsed, updating statistics ..
E/PowerManagerService( 1556): (yjdbg) SCREEN_BRIGHT_WAKE_LOCK SCREEN_BRIGHT_WAKE_LOCK        'WindowManager' ON_AFTER_RELEASE (uid=1000, pid=1556, ws=WorkSource{10063})
D/ConnectivityService( 1556): Done.
D/ConnectivityService( 1556): Setting timer for 30seconds
D/Hillcrest( 1944): Received sleep status = On Table
D/lrcd    ( 1944): Hidraw set rc sensor to sleep useTime = 340 ms count =1 
D/Hillcrest( 1944): Received sleep status = On Table
D/lrcd    ( 1944): Hidraw set rc sensor to sleep useTime = 349 ms count =2 
D/Hillcrest( 1944): Received sleep status = On Table
D/lrcd    ( 1944): Hidraw set rc sensor to sleep useTime = 331 ms count =3 
D/MTK_MW  (  833): {MM_HDLR}: range_gen = start 2500000
D/MTK_MW  (  833): 
D/MTK_MW  (  833): {MM_HDLR}: range_gen = end 4300000
D/MTK_MW  (  833): 
D/MTK_MW  (  833): =====start pts: 2500000, end: 5310000, file_start:0 , dur: 5310000=====
D/MTK_MW  (  833): mem indexing ui4_number_of_entry = 562 
D/MTK_MW  (  833): ***************** range info start*********************
D/MTK_MW  (  833): start    pts: 0x  2625a0
D/MTK_MW  (  833): end      pts: 0xffffffff
D/MTK_MW  (  833): start tbl pts: 0x  264cb0
D/MTK_MW  (  833): end  tbl pts: 0x  5119b8
D/MTK_MW  (  833): start sample: 0x     1f5
D/MTK_MW  (  833): end   sample: 0x     426
D/MTK_MW  (  833): start offset: 0x  3c8734
D/MTK_MW  (  833): end   offset: 0x  86e148
D/MTK_MW  (  833): ***************** range info end*********************
D/MTK_MW  (  833): ---------ui4_pts: 0x264cb0, ofst: 0x3c8734, size: 0x12de3  --------
D/MTK_MW  (  833): ---------ui4_pts: 0x269ad0, ofst: 0x3db729, size: 0x29a0  --------
D/MTK_MW  (  833): ---------ui4_pts: 0x2673c0, ofst: 0x3de3c0, size: 0xc52  --------
D/MTK_MW  (  833): ---------ui4_pts: 0x266038, ofst: 0x3df29e, size: 0x605  --------
D/MTK_MW  (  833): ---------ui4_pts: 0x268748, ofst: 0x3dfc53, size: 0x4ff  --------
D/MTK_MW  (  833): ---------ui4_pts: 0x510630, ofst: 0x86cffc, size: 0x341  --------
D/MTK_MW  (  833): ---------ui4_pts: 0x50df20, ofst: 0x86d570, size: 0x150  --------
D/MTK_MW  (  833): ---------ui4_pts: 0x50cb98, ofst: 0x86d93d, size: 0x112  --------
D/MTK_MW  (  833): ---------ui4_pts: 0x50f2a8, ofst: 0x86dddb, size: 0x124  --------
D/MTK_MW  (  833): ---------ui4_pts: 0x5119b8, ofst: 0x86e148, size: 0x96  --------
