W/ContextImpl( 2464): Calling a method in the system process without a qualified user: android.app.ContextImpl.sendBroadcast:1182 android.content.ContextWrapper.sendBroadcast:377 com.lenovo.leos.appstore.utils.NotificationUtil.sendAppsUpdateMessage:231 com.lenovo.leos.appstore.utils.NotificationUtil.refreshSuccessNotify:600 com.lenovo.leos.download.DownloadHelpers$8.run:1569 
W/ContextImpl( 2464): Calling a method in the system process without a qualified user: android.app.ContextImpl.sendBroadcast:1182 android.content.ContextWrapper.sendBroadcast:377 com.lenovo.leos.appstore.utils.NotificationUtil.sendAppsUpdateMessage:241 com.lenovo.leos.appstore.utils.NotificationUtil.refreshSuccessNotify:600 com.lenovo.leos.download.DownloadHelpers$8.run:1569 
V/Downloads( 2464): starting query, database is not null; projection is null; selection is handpause<> 1 and status<> ?  and wifistatus<> ?; selectionArgs[0] is 200; selectionArgs[1] is 3; sort is null.
V/Downloads( 2464): starting query, database is not null; projection is null; selection is handpause<> 1 and status<> ?  and wifistatus= ?; selectionArgs[0] is 200; selectionArgs[1] is 3; sort is null.
E/PowerManagerService( 1556): (yjdbg) PARTIAL_WAKE_LOCK PARTIAL_WAKE_LOCK              'AlarmManager' (uid=1000, pid=1556, ws=WorkSource{1000})
I/Launcher( 1778): |INFO|year2015|com.lenovo.dll.nebula.launcher.GL.GLWorkSpace$7|
W/Launcher( 1778): |WARN|screen_stateAPP|com.lenovo.dll.nebula.launcher.GL.GLWorkSpace|
I/Launcher( 1778): |INFO|星期二,2015,11:21,上午,乙未年,八月初三|com.lenovo.dll.nebula.launcher.DateManager|
D/DBUtil  ( 2464): db.close()
D/LeApp   ( 2464): wait to kill:2
D/AndroidRuntime( 3655): 
D/AndroidRuntime( 3655): >>>>>> AndroidRuntime START com.android.internal.os.RuntimeInit <<<<<<
D/AndroidRuntime( 3655): CheckJNI is ON
I/AndroidRuntime( 3655): JNI options: '-Xjniopts:warnonly'
I/dalvikvm( 3655): DexOpt: mismatch dep name: '/data/dalvik-cache/system@framework@core.jar@classes.dex' vs. '/system/framework/core.odex'
E/dalvikvm( 3655): /system/framework/com.mediatek.util.jar odex has stale dependencies
I/dalvikvm( 3655): DexOpt: mismatch dep name: '/data/dalvik-cache/system@framework@core.jar@classes.dex' vs. '/system/framework/core.odex'
E/dalvikvm( 3655): /system/framework/com.mediatek.record.jar odex has stale dependencies
D/dalvikvm( 3655): Trying to load lib libjavacore.so 0x0
D/dalvikvm( 3655): Added shared lib libjavacore.so 0x0
D/dalvikvm( 3655): Trying to load lib libnativehelper.so 0x0
D/dalvikvm( 3655): Added shared lib libnativehelper.so 0x0
D/dalvikvm( 3655): No JNI_OnLoad found in libnativehelper.so 0x0, skipping init
D/dalvikvm( 3655): Note: class Landroid/app/ActivityManagerNative; has 183 unimplemented (abstract) methods
E/memtrack( 3655): Couldn't load memtrack module (No such file or directory)
E/android.os.Debug( 3655): failed to load memtrack module: -2
I/ethernet( 3655): Loading ethernet jni class
D/AndroidRuntime( 3655): Calling main entry com.android.commands.am.Am
D/AndroidRuntime( 3655): Shutting down VM
D/dalvikvm( 3655): Debugger has detached; object registry had 1 entries
D/ConnectivityService( 1556): Sampling interval elapsed, updating statistics ..
E/PowerManagerService( 1556): (yjdbg) PARTIAL_WAKE_LOCK PARTIAL_WAKE_LOCK              'AlarmManager' (uid=1000, pid=1556, ws=WorkSource{1000})
D/ConnectivityService( 1556): Done.
D/ConnectivityService( 1556): Setting timer for 30seconds
D/dalvikvm( 2753): GC_FOR_ALLOC freed 1486K, 43% free 6315K/11072K, paused 33ms, total 35ms
D/LeApp   ( 2464): wait to kill:2
D/LeApp   ( 2464): wait to kill:2
D/AndroidRuntime( 3671): 
D/AndroidRuntime( 3671): >>>>>> AndroidRuntime START com.android.internal.os.RuntimeInit <<<<<<
D/AndroidRuntime( 3671): CheckJNI is ON
I/AndroidRuntime( 3671): JNI options: '-Xjniopts:warnonly'
I/dalvikvm( 3671): DexOpt: mismatch dep name: '/data/dalvik-cache/system@framework@core.jar@classes.dex' vs. '/system/framework/core.odex'
E/dalvikvm( 3671): /system/framework/com.mediatek.util.jar odex has stale dependencies
I/dalvikvm( 3671): DexOpt: mismatch dep name: '/data/dalvik-cache/system@framework@core.jar@classes.dex' vs. '/system/framework/core.odex'
E/dalvikvm( 3671): /system/framework/com.mediatek.record.jar odex has stale dependencies
D/dalvikvm( 3671): Trying to load lib libjavacore.so 0x0
D/dalvikvm( 3671): Added shared lib libjavacore.so 0x0
D/dalvikvm( 3671): Trying to load lib libnativehelper.so 0x0
D/dalvikvm( 3671): Added shared lib libnativehelper.so 0x0
D/dalvikvm( 3671): No JNI_OnLoad found in libnativehelper.so 0x0, skipping init
D/ConnectivityService( 1556): Sampling interval elapsed, updating statistics ..
E/PowerManagerService( 1556): (yjdbg) PARTIAL_WAKE_LOCK PARTIAL_WAKE_LOCK              'AlarmManager' (uid=1000, pid=1556, ws=WorkSource{1000})
D/ConnectivityService( 1556): Done.
D/ConnectivityService( 1556): Setting timer for 30seconds
D/dalvikvm( 3671): Note: class Landroid/app/ActivityManagerNative; has 183 unimplemented (abstract) methods
E/memtrack( 3671): Couldn't load memtrack module (No such file or directory)
E/android.os.Debug( 3671): failed to load memtrack module: -2
I/ethernet( 3671): Loading ethernet jni class
D/AndroidRuntime( 3671): Calling main entry com.android.commands.am.Am
I/ActivityManager( 1556): START u0 {act=tv.ismar.daisy.EntertainmentItem flg=0x10000000 cmp=tv.ismar.daisy/.EntertainmentDetailActivity} from pid 3671
I/Launcher( 1778): |INFO|onPause|com.lenovo.dll.nebula.launcher.MyLauncher|
E/PowerManagerService( 1556): (yjdbg) PARTIAL_WAKE_LOCK PARTIAL_WAKE_LOCK              'ActivityManager-Launch' (uid=1000, pid=1556, ws=null)
D/AndroidRuntime( 3671): Shutting down VM
D/jdwp    ( 3671): Got wake-up signal, bailing out of select
D/dalvikvm( 3671): Debugger has detached; object registry had 1 entries
D/dalvikvm( 3683): Not late-enabling CheckJNI (already on)
I/ActivityManager( 1556): Start proc tv.ismar.daisy for activity tv.ismar.daisy/.EntertainmentDetailActivity: pid=3683 uid=10064 gids={50064, 3003, 1028, 1015, 1023, 3002, 3001}
D/Application( 1778): [T:1] [L:52] MyApplication.addSelfToFSM: addSelfToFSM: com.lenovo.dll.nebula.launcher.MyLauncher@41c2e210 ==> true
I/LeTvManager( 1778): [T:1] [L:598] 8.isEmpty: Get Z-Order from FSM, Is Launcher Top ? false
I/NoSignalBanner( 1778): [T:1] [L:437] NoSignalBanner.resetScreenSaverToNosignal: reset ScreenSaver To Nosignal!
I/Launcher( 1778): |INFO|onStop|com.lenovo.dll.nebula.launcher.MyLauncher|
I/Launcher( 1778): |INFO|Vod screen showVisibility:false|com.lenovo.dll.nebula.launcher.vod.VodScreen$5|
D/Proxy   ( 3683): setHttpProxySystemProperty :null:null - null
I/Launcher( 1778): |INFO|surfaceDestroyed|com.lenovo.dll.nebula.launcher.GL.GLWorkSpace|
W/dalvikvm( 3683): Unable to resolve superclass of Landroid/support/v4/app/ActivityCompat21$SharedElementCallbackImpl; (52)
W/dalvikvm( 3683): Link of class 'Landroid/support/v4/app/ActivityCompat21$SharedElementCallbackImpl;' failed
W/dalvikvm( 3683): Unable to resolve superclass of Landroid/support/v4/app/FragmentTransitionCompat21$1; (1266)
W/dalvikvm( 3683): Link of class 'Landroid/support/v4/app/FragmentTransitionCompat21$1;' failed
W/dalvikvm( 3683): Unable to resolve superclass of Landroid/support/v4/app/FragmentTransitionCompat21$3; (1266)
W/dalvikvm( 3683): Link of class 'Landroid/support/v4/app/FragmentTransitionCompat21$3;' failed
W/dalvikvm( 3683): Unable to resolve superclass of Landroid/support/v4/media/VolumeProviderCompatApi21$1; (208)
W/dalvikvm( 3683): Link of class 'Landroid/support/v4/media/VolumeProviderCompatApi21$1;' failed
W/dalvikvm( 3683): Unable to resolve superclass of Landroid/support/v4/media/session/MediaControllerCompatApi21$CallbackProxy; (209)
W/dalvikvm( 3683): Link of class 'Landroid/support/v4/media/session/MediaControllerCompatApi21$CallbackProxy;' failed
W/dalvikvm( 3683): Unable to resolve superclass of Landroid/support/v4/media/session/MediaSessionCompatApi21$CallbackProxy; (213)
W/dalvikvm( 3683): Link of class 'Landroid/support/v4/media/session/MediaSessionCompatApi21$CallbackProxy;' failed
I/dalvikvm( 3683): Failed resolving Landroid/support/v4/view/ViewCompatLollipop$1; interface 1317 'Landroid/view/View$OnApplyWindowInsetsListener;'
W/dalvikvm( 3683): Link of class 'Landroid/support/v4/view/ViewCompatLollipop$1;' failed
I/dalvikvm( 3683): Failed resolving Landroid/support/v4/widget/DrawerLayoutCompatApi21$InsetsListener; interface 1317 'Landroid/view/View$OnApplyWindowInsetsListener;'
W/dalvikvm( 3683): Link of class 'Landroid/support/v4/widget/DrawerLayoutCompatApi21$InsetsListener;' failed
W/dalvikvm( 3683): method Lorg/sakuratya/horizontal/ui/HGridView;.checkSelectionChanged incorrectly overrides package-private method with same name in Landroid/widget/AdapterView;
W/dalvikvm( 3683): method Lorg/sakuratya/horizontal/ui/HGridView;.handleDataChanged incorrectly overrides package-private method with same name in Landroid/widget/AdapterView;
W/dalvikvm( 3683): method Lorg/sakuratya/horizontal/ui/HGridView;.rememberSyncState incorrectly overrides package-private method with same name in Landroid/widget/AdapterView;
W/dalvikvm( 3683): method Lorg/sakuratya/horizontal/ui/HGridView;.selectionChanged incorrectly overrides package-private method with same name in Landroid/widget/AdapterView;
W/dalvikvm( 3683): method Lorg/sakuratya/horizontal/ui/ZGridView;.checkSelectionChanged incorrectly overrides package-private method with same name in Landroid/widget/AdapterView;
W/dalvikvm( 3683): method Lorg/sakuratya/horizontal/ui/ZGridView;.findSyncPosition incorrectly overrides package-private method with same name in Landroid/widget/AdapterView;
W/dalvikvm( 3683): method Lorg/sakuratya/horizontal/ui/ZGridView;.handleDataChanged incorrectly overrides package-private method with same name in Landroid/widget/AdapterView;
W/dalvikvm( 3683): method Lorg/sakuratya/horizontal/ui/ZGridView;.lookForSelectablePosition incorrectly overrides package-private method with same name in Landroid/widget/AdapterView;
W/dalvikvm( 3683): method Lorg/sakuratya/horizontal/ui/ZGridView;.rememberSyncState incorrectly overrides package-private method with same name in Landroid/widget/AdapterView;
W/dalvikvm( 3683): method Lorg/sakuratya/horizontal/ui/ZGridView;.selectionChanged incorrectly overrides package-private method with same name in Landroid/widget/AdapterView;
W/dalvikvm( 3683): method Lorg/sakuratya/horizontal/ui/ZGridView;.setNextSelectedPositionInt incorrectly overrides package-private method with same name in Landroid/widget/AdapterView;
W/dalvikvm( 3683): method Lorg/sakuratya/horizontal/ui/ZGridView;.setSelectedPositionInt incorrectly overrides package-private method with same name in Landroid/widget/AdapterView;
I/dalvikvm( 3683): Failed resolving Lretrofit/RxSupport$1; interface 4567 'Lrx/Observable$OnSubscribe;'
W/dalvikvm( 3683): Link of class 'Lretrofit/RxSupport$1;' failed
W/dalvikvm( 3683): method Ltv/ismar/daisy/views/MyHorizontalScrollView;.getPaddingLeftWithForeground incorrectly overrides package-private method with same name in Landroid/widget/FrameLayout;
W/dalvikvm( 3683): method Ltv/ismar/daisy/views/MyHorizontalScrollView;.getPaddingRightWithForeground incorrectly overrides package-private method with same name in Landroid/widget/FrameLayout;
W/dalvikvm( 3683): method Ltv/ismar/daisy/views/MyHorizontalScrollView;.layoutChildren incorrectly overrides package-private method with same name in Landroid/widget/FrameLayout;
I/DatabaseHelper( 3683): onCreate ---> name: /data/data/tv.ismar.daisy/databases/sakura.db | version: 0
I/DatabaseHelper( 3683): onOpen ---> name: /data/data/tv.ismar.daisy/databases/sakura.db | version: 13
V/ActiveAndroid( 3683): ActiveAndroid already initialized.
D/skia    ( 3683): sk_use_hw_decoder width:12, height:12, bdpt:8, color_type:6, interlace:0
D/skia    ( 3683): On decode: hw=0 size=304
D/skia    ( 3683): PNG sw Decode 0
D/skia_jpeg( 3683): 
D/skia_jpeg( 3683): *******jpeg_start_decompress*******,out_color_space = 6
D/skia_jpeg( 3683): 2.1 image_width = 1920, image_height = 1080
D/skia_jpeg( 3683): 
D/skia_jpeg( 3683): ****-->SW MODE
D/dalvikvm( 3683): GC_FOR_ALLOC freed 5970K, 65% free 3894K/11072K, paused 30ms, total 31ms
I/dalvikvm-heap( 3683): Grow heap (frag case) to 12.278MB for 8294416-byte allocation
D/skia    ( 3683): sk_use_hw_decoder width:280, height:77, bdpt:8, color_type:3, interlace:0
D/skia    ( 3683): On decode: hw=0 size=615
D/skia    ( 3683): PNG sw Decode 0
D/skia    ( 3683): sk_use_hw_decoder width:280, height:77, bdpt:8, color_type:3, interlace:0
D/skia    ( 3683): On decode: hw=0 size=1523
D/skia    ( 3683): PNG sw Decode 0
D/skia    ( 3683): sk_use_hw_decoder width:280, height:77, bdpt:8, color_type:3, interlace:0
D/skia    ( 3683): On decode: hw=0 size=392
D/skia    ( 3683): PNG sw Decode 1
D/skia    ( 3683): sk_use_hw_decoder width:188, height:66, bdpt:8, color_type:3, interlace:0
D/skia    ( 3683): On decode: hw=0 size=163
D/skia    ( 3683): PNG sw Decode 0
E/openSDK_LOG( 3683): tv.ismar.daisy SDK_VERSION:2.9.3
I/openSDK_LOG.Tencent( 3683): createInstance()  -- start
I/openSDK_LOG.QQAuth( 3683): QQAuth -- createInstance() --start
I/openSDK_LOG.QQAuth( 3683): new QQAuth() --start
I/openSDK_LOG.AuthAgent( 3683): is not x86(default arm) architecture
I/openSDK_LOG.OpenConfig( 3683): getInstance begin
I/openSDK_LOG.OpenConfig( 3683): getInstance end
D/dalvikvm( 3683): GC_FOR_ALLOC freed 107K, 36% free 12394K/19176K, paused 13ms, total 13ms
I/openSDK_LOG.OpenConfig( 3683): getInstance begin
I/openSDK_LOG.OpenConfig( 3683): getInstance end
D/WifiService( 1556): New client listening to asynchronous messages
W/MtaSDK  ( 3683): [main(1): null:-1] - MTA SDK AutoExceptionCaught is disable
I/openSDK_LOG.QQAuth( 3683): new QQAuth() --end
I/openSDK_LOG.QQAuth( 3683): QQAuth -- createInstance()  --end
I/openSDK_LOG.Tencent( 3683): createInstance()  -- end
D/skia    ( 3683): sk_use_hw_decoder width:102, height:4, bdpt:8, color_type:3, interlace:0
D/skia    ( 3683): On decode: hw=0 size=987
D/skia    ( 3683): PNG sw Decode 1
V/ActiveAndroid( 3683): SELECT * FROM app_city WHERE city = ? LIMIT 1 
D/skia    ( 3683): sk_use_hw_decoder width:1476, height:1, bdpt:8, color_type:3, interlace:0
D/skia    ( 3683): On decode: hw=0 size=115
D/skia    ( 3683): PNG sw Decode 0
D/skia    ( 3683): sk_use_hw_decoder width:24, height:48, bdpt:8, color_type:6, interlace:0
D/skia    ( 3683): On decode: hw=0 size=697
D/skia    ( 3683): PNG sw Decode 1
D/skia    ( 3683): sk_use_hw_decoder width:24, height:48, bdpt:8, color_type:6, interlace:0
D/skia    ( 3683): On decode: hw=0 size=669
D/skia    ( 3683): PNG sw Decode 0
D/skia    ( 3683): sk_use_hw_decoder width:24, height:48, bdpt:8, color_type:6, interlace:0
D/skia    ( 3683): On decode: hw=0 size=716
D/skia    ( 3683): PNG sw Decode 1
D/skia    ( 3683): sk_use_hw_decoder width:24, height:48, bdpt:8, color_type:6, interlace:0
D/skia    ( 3683): On decode: hw=0 size=527
D/skia    ( 3683): PNG sw Decode 0
D/skia    ( 3683): sk_use_hw_decoder width:24, height:48, bdpt:8, color_type:6, interlace:0
D/skia    ( 3683): On decode: hw=0 size=740
D/skia    ( 3683): PNG sw Decode 0
D/skia    ( 3683): sk_use_hw_decoder width:123, height:189, bdpt:8, color_type:3, interlace:0
D/skia    ( 3683): On decode: hw=0 size=117
D/skia    ( 3683): PNG sw Decode 0
D/skia_jpeg( 3683): $$$onDecode cinfo.fgforceswmode = TRUE
D/skia_jpeg( 3683): 
D/skia_jpeg( 3683): *******jpeg_start_decompress*******,out_color_space = 6
D/skia_jpeg( 3683): 2.1 image_width = 1920, image_height = 1080
D/skia_jpeg( 3683): 
D/skia_jpeg( 3683): ****-->SW MODE
D/skia    ( 3683): sk_use_hw_decoder width:372, height:132, bdpt:8, color_type:3, interlace:0
D/skia    ( 3683): On decode: hw=0 size=1768
D/skia    ( 3683): PNG sw Decode 1
D/skia    ( 3683): sk_use_hw_decoder width:66, height:66, bdpt:8, color_type:6, interlace:0
D/skia    ( 3683): On decode: hw=0 size=3505
D/skia    ( 3683): PNG sw Decode 1
D/skia    ( 3683): sk_use_hw_decoder width:66, height:66, bdpt:8, color_type:6, interlace:0
D/skia    ( 3683): On decode: hw=0 size=3465
D/skia    ( 3683): PNG sw Decode 1
D/skia    ( 3683): sk_use_hw_decoder width:66, height:66, bdpt:8, color_type:6, interlace:0
D/skia    ( 3683): On decode: hw=0 size=3474
D/skia    ( 3683): PNG sw Decode 1
D/skia    ( 3683): sk_use_hw_decoder width:66, height:66, bdpt:8, color_type:6, interlace:0
D/skia    ( 3683): On decode: hw=0 size=3421
D/skia    ( 3683): PNG sw Decode 1
D/VodApplication( 3683): add activity: tv.ismar.daisy.EntertainmentDetailActivity@422f15e8
D/Activity( 3683): Activity Remote Controller rcMode =  88 tv.ismar.daisy.EntertainmentDetailActivity
I/1       ( 3683): 2
D/RemoteController( 3683): SetRemoteControllerMode mode = 88
D/RemoteControllerService( 1556): Send To Handler Remote Controller Mode = 88, Old Mode= 88 Don't Update RcMode
D/OpenGLRenderer( 3683): Enabling debug mode 0
D/    SogouIME( 1741): ==========configKeyboard===========mIsNullInputtrue  nullInputType:true
D/IMEStatus( 1741): cannadebug--keyboard mode glance---------------------------------------------------
D/ThemeManager( 1741): cannadebug--keyboardType=2 imeType=0
D/ThemeManager( 1741): cannadebug--keyboard array glance ---------------------
D/ThemeManager( 1741): cannadebug--keyboardArray[0] = en_9_multi.ini
D/ThemeManager( 1741): cannadebug--keyboardArray[1] = en_26.ini
D/ThemeManager( 1741): cannadebug--keyboard array glance ---------------------
I/ActivityManager( 1556): Displayed tv.ismar.daisy/.EntertainmentDetailActivity: +1s600ms
D/dalvikvm( 1741): GC_EXPLICIT freed 5K, 44% free 6276K/11072K, paused 1ms+2ms, total 23ms
E/lrcd    ( 1944): Hidraw try enable rc touch time =66730 
D/lrcd    ( 1944): Hidraw enable remote ok
D/InputReader( 1556):  Absolute cursor move deltaX = 11 deltaY = 31 dl = 32
E/bt-btif ( 1756): bta_hh_le_write_rpt: ReportID: 0x07 Data Len: 6
D/InputReader( 1556):  Absolute cursor move deltaX = 9 deltaY = 43 dl = 43
D/lrcd    ( 1944): Event report info remote id = 0 
D/lrcd    ( 1944): Event report remote level model : = S
D/lrcd    ( 1944): Event report info remote model = RCS520 
D/lrcd    ( 1944): Event report remote version =0113
D/lrcd    ( 1944): Event report remote battery =2305
D/InputReader( 1556):  Absolute cursor move deltaX = -100 deltaY = 136 dl = 168
D/InputReader( 1556):  Absolute cursor move deltaX = -110 deltaY = 118 dl = 161
D/InputReader( 1556):  Absolute cursor move deltaX = -116 deltaY = 100 dl = 153
D/InputReader( 1556):  Absolute cursor move deltaX = -131 deltaY = 77 dl = 151
D/InputReader( 1556):  Absolute cursor move deltaX = -143 deltaY = 59 dl = 154
D/InputReader( 1556):  Absolute cursor move deltaX = -147 deltaY = 48 dl = 154
D/InputReader( 1556):  Absolute cursor move deltaX = -142 deltaY = 31 dl = 145
D/InputReader( 1556):  Absolute cursor move deltaX = -128 deltaY = 20 dl = 129
D/InputReader( 1556):  Absolute cursor move deltaX = -45 deltaY = 12 dl = 46
D/InputReader( 1556):  Absolute cursor move deltaX = 0 deltaY = 14 dl = 14
D/InputReader( 1556):  Absolute cursor move deltaX = 0 deltaY = 13 dl = 13
D/InputReader( 1556):  Absolute cursor move deltaX = 0 deltaY = 18 dl = 18
D/InputReader( 1556):  Absolute cursor move deltaX = 0 deltaY = 16 dl = 16
D/InputReader( 1556):  Absolute cursor move deltaX = 3 deltaY = -3 dl = 4
D/InputReader( 1556):  Absolute cursor move deltaX = 16 deltaY = -18 dl = 24
D/InputReader( 1556):  Absolute cursor move deltaX = 18 deltaY = -20 dl = 26
D/InputReader( 1556):  Absolute cursor move deltaX = 49 deltaY = -28 dl = 56
D/InputReader( 1556):  Absolute cursor move deltaX = 62 deltaY = -32 dl = 69
D/InputReader( 1556):  Absolute cursor move deltaX = 66 deltaY = -52 dl = 84
D/InputReader( 1556):  Absolute cursor move deltaX = 48 deltaY = -42 dl = 63
D/InputReader( 1556):  Absolute cursor move deltaX = 32 deltaY = -22 dl = 38
D/InputReader( 1556):  Absolute cursor move deltaX = 17 deltaY = 0 dl = 17
D/InputReader( 1556):  Absolute cursor move deltaX = 12 deltaY = 15 dl = 19
D/InputReader( 1556):  Absolute cursor move deltaX = 10 deltaY = 23 dl = 25
D/InputReader( 1556):  Absolute cursor move deltaX = 5 deltaY = 40 dl = 40
D/InputReader( 1556):  Absolute cursor move deltaX = 1 deltaY = 35 dl = 35
D/InputReader( 1556):  Absolute cursor move deltaX = 2 deltaY = 11 dl = 11
D/InputReader( 1556):  Absolute cursor move deltaX = 3 deltaY = 0 dl = 3
D/InputReader( 1556):  Absolute cursor move deltaX = 4 deltaY = 0 dl = 4
D/InputReader( 1556):  Absolute cursor move deltaX = 9 deltaY = -1 dl = 9
D/InputReader( 1556):  Absolute cursor move deltaX = 7 deltaY = 0 dl = 7
D/InputReader( 1556):  Absolute cursor move deltaX = 7 deltaY = 1 dl = 7
D/InputReader( 1556):  Absolute cursor move deltaX = 21 deltaY = 4 dl = 21
D/InputReader( 1556):  Absolute cursor move deltaX = 33 deltaY = 2 dl = 33
D/InputReader( 1556):  Absolute cursor move deltaX = 54 deltaY = 1 dl = 54
D/InputReader( 1556):  Absolute cursor move deltaX = 79 deltaY = 2 dl = 79
D/InputReader( 1556):  Absolute cursor move deltaX = 85 deltaY = 0 dl = 85
D/InputReader( 1556):  Absolute cursor move deltaX = 69 deltaY = -10 dl = 69
D/InputReader( 1556):  Absolute cursor move deltaX = 43 deltaY = -8 dl = 43
D/InputReader( 1556):  Absolute cursor move deltaX = 12 deltaY = -7 dl = 13
D/InputReader( 1556):  Absolute cursor move deltaX = 0 deltaY = -7 dl = 7
D/InputReader( 1556):  Absolute cursor move deltaX = -2 deltaY = -9 dl = 9
D/InputReader( 1556):  Absolute cursor move deltaX = -10 deltaY = -9 dl = 13
D/InputReader( 1556):  Absolute cursor move deltaX = -13 deltaY = -12 dl = 17
D/InputReader( 1556):  Absolute cursor move deltaX = -32 deltaY = -12 dl = 34
D/InputReader( 1556):  Absolute cursor move deltaX = -46 deltaY = 1 dl = 46
D/InputReader( 1556):  Absolute cursor move deltaX = -91 deltaY = 53 dl = 105
D/InputReader( 1556):  Absolute cursor move deltaX = -78 deltaY = 82 dl = 113
D/InputReader( 1556):  Absolute cursor move deltaX = -71 deltaY = 26 dl = 75
D/InputReader( 1556):  Absolute cursor move deltaX = -105 deltaY = 0 dl = 105
D/InputReader( 1556):  Absolute cursor move deltaX = -114 deltaY = 0 dl = 114
D/InputReader( 1556):  Absolute cursor move deltaX = -131 deltaY = 0 dl = 131
D/InputReader( 1556):  Absolute cursor move deltaX = -89 deltaY = 0 dl = 89
D/InputReader( 1556):  Absolute cursor move deltaX = 1 deltaY = 0 dl = 1
D/InputReader( 1556):  Absolute cursor move deltaX = 34 deltaY = 0 dl = 34
D/InputReader( 1556):  Absolute cursor move deltaX = 54 deltaY = 0 dl = 54
D/InputReader( 1556):  Absolute cursor move deltaX = 60 deltaY = 0 dl = 60
D/InputReader( 1556):  Absolute cursor move deltaX = 59 deltaY = 0 dl = 59
D/InputReader( 1556):  Absolute cursor move deltaX = 65 deltaY = 0 dl = 65
D/InputReader( 1556):  Absolute cursor move deltaX = 69 deltaY = 0 dl = 69
D/InputReader( 1556):  Absolute cursor move deltaX = 77 deltaY = 0 dl = 77
D/InputReader( 1556):  Absolute cursor move deltaX = 83 deltaY = 0 dl = 83
D/InputReader( 1556):  Absolute cursor move deltaX = 88 deltaY = 0 dl = 88
D/InputReader( 1556):  Absolute cursor move deltaX = 85 deltaY = 0 dl = 85
D/InputReader( 1556):  Absolute cursor move deltaX = 79 deltaY = 0 dl = 79
D/InputReader( 1556):  Absolute cursor move deltaX = 66 deltaY = 0 dl = 66
D/InputReader( 1556):  Absolute cursor move deltaX = 60 deltaY = 0 dl = 60
D/InputReader( 1556):  Absolute cursor move deltaX = 46 deltaY = 0 dl = 46
D/InputReader( 1556):  Absolute cursor move deltaX = 43 deltaY = 0 dl = 43
D/InputReader( 1556):  Absolute cursor move deltaX = 29 deltaY = 0 dl = 29
D/InputReader( 1556):  Absolute cursor move deltaX = 18 deltaY = 0 dl = 18
D/InputReader( 1556):  Absolute cursor move deltaX = 14 deltaY = 0 dl = 14
D/InputReader( 1556):  Absolute cursor move deltaX = 5 deltaY = 0 dl = 5
D/InputReader( 1556):  Absolute cursor move deltaX = -1 deltaY = 0 dl = 1
D/InputReader( 1556):  Absolute cursor move deltaX = -1 deltaY = -1 dl = 1
D/InputReader( 1556):  Absolute cursor move deltaX = -4 deltaY = -9 dl = 9
D/InputReader( 1556):  Absolute cursor move deltaX = -5 deltaY = -11 dl = 12
D/InputReader( 1556):  Absolute cursor move deltaX = -9 deltaY = -17 dl = 19
D/InputReader( 1556):  Absolute cursor move deltaX = -21 deltaY = -23 dl = 31
D/InputReader( 1556):  Absolute cursor move deltaX = -34 deltaY = -27 dl = 43
D/InputReader( 1556):  Absolute cursor move deltaX = -52 deltaY = -32 dl = 61
D/InputReader( 1556):  Absolute cursor move deltaX = -57 deltaY = -33 dl = 65
D/InputReader( 1556):  Absolute cursor move deltaX = -55 deltaY = -32 dl = 63
D/InputReader( 1556):  Absolute cursor move deltaX = -48 deltaY = -31 dl = 57
D/InputReader( 1556):  Absolute cursor move deltaX = -46 deltaY = -28 dl = 53
D/InputReader( 1556):  Absolute cursor move deltaX = -34 deltaY = -23 dl = 41
D/InputReader( 1556):  Absolute cursor move deltaX = -22 deltaY = -22 dl = 31
D/InputReader( 1556):  Absolute cursor move deltaX = -19 deltaY = -19 dl = 26
D/InputReader( 1556):  Absolute cursor move deltaX = -10 deltaY = 0 dl = 10
D/InputReader( 1556):  Absolute cursor move deltaX = -5 deltaY = 21 dl = 21
D/InputReader( 1556):  Absolute cursor move deltaX = 0 deltaY = 18 dl = 18
D/InputReader( 1556):  Absolute cursor move deltaX = 9 deltaY = 30 dl = 31
D/InputReader( 1556):  Absolute cursor move deltaX = 14 deltaY = 24 dl = 27
D/InputReader( 1556):  Absolute cursor move deltaX = 13 deltaY = 11 dl = 17
D/InputReader( 1556):  Absolute cursor move deltaX = 6 deltaY = 2 dl = 6
D/InputReader( 1556):  Absolute cursor move deltaX = 4 deltaY = -1 dl = 4
D/InputReader( 1556):  Absolute cursor move deltaX = 3 deltaY = -3 dl = 4
D/InputReader( 1556):  Absolute cursor move deltaX = 2 deltaY = -3 dl = 3
D/InputReader( 1556):  Absolute cursor move deltaX = 0 deltaY = -4 dl = 4
D/InputReader( 1556):  Absolute cursor move deltaX = 3 deltaY = -4 dl = 5
D/InputReader( 1556):  Absolute cursor move deltaX = 6 deltaY = -4 dl = 7
D/InputReader( 1556):  Absolute cursor move deltaX = 8 deltaY = -1 dl = 8
D/InputReader( 1556):  Absolute cursor move deltaX = 7 deltaY = 0 dl = 7
D/InputReader( 1556):  Absolute cursor move deltaX = 2 deltaY = 3 dl = 3
D/InputReader( 1556):  Absolute cursor move deltaX = 0 deltaY = 0 dl = 0
D/InputReader( 1556):  Absolute cursor move deltaX = 0 deltaY = 0 dl = 0
D/InputReader( 1556):  Absolute cursor move deltaX = 1 deltaY = 0 dl = 1
D/InputReader( 1556):  Absolute cursor move deltaX = 4 deltaY = -5 dl = 6
D/InputReader( 1556):  Absolute cursor move deltaX = 5 deltaY = -1 dl = 5
D/InputReader( 1556):  Absolute cursor move deltaX = 2 deltaY = -1 dl = 2
D/InputReader( 1556):  Absolute cursor move deltaX = 0 deltaY = -2 dl = 2
D/InputReader( 1556):  Absolute cursor move deltaX = 0 deltaY = -7 dl = 7
D/InputReader( 1556):  Absolute cursor move deltaX = -2 deltaY = -7 dl = 7
D/InputReader( 1556):  Absolute cursor move deltaX = -1 deltaY = -13 dl = 13
D/InputReader( 1556):  Absolute cursor move deltaX = -1 deltaY = -13 dl = 13
D/InputReader( 1556):  Absolute cursor move deltaX = 0 deltaY = -12 dl = 12
D/InputReader( 1556):  Absolute cursor move deltaX = 0 deltaY = -7 dl = 7
D/InputReader( 1556):  Absolute cursor move deltaX = 0 deltaY = -7 dl = 7
D/InputReader( 1556):  Absolute cursor move deltaX = 0 deltaY = -5 dl = 5
D/InputReader( 1556):  Absolute cursor move deltaX = 1 deltaY = -6 dl = 6
D/InputReader( 1556):  Absolute cursor move deltaX = 3 deltaY = -4 dl = 5
D/InputReader( 1556):  Absolute cursor move deltaX = 3 deltaY = -4 dl = 5
D/InputReader( 1556):  Absolute cursor move deltaX = 0 deltaY = -2 dl = 2
D/InputReader( 1556):  Absolute cursor move deltaX = 2 deltaY = -4 dl = 4
D/InputReader( 1556):  Absolute cursor move deltaX = 2 deltaY = -4 dl = 4
D/InputReader( 1556):  Absolute cursor move deltaX = 7 deltaY = -6 dl = 9
D/InputReader( 1556):  Absolute cursor move deltaX = 7 deltaY = -7 dl = 9
D/InputReader( 1556):  Absolute cursor move deltaX = 8 deltaY = -8 dl = 11
D/InputReader( 1556):  Absolute cursor move deltaX = 7 deltaY = -5 dl = 8
D/InputReader( 1556):  Absolute cursor move deltaX = 5 deltaY = -1 dl = 5
D/InputReader( 1556):  Absolute cursor move deltaX = 6 deltaY = 0 dl = 6
D/InputReader( 1556):  Absolute cursor move deltaX = 6 deltaY = 2 dl = 6
D/InputReader( 1556):  Absolute cursor move deltaX = 7 deltaY = 3 dl = 7
D/WindowManager( 1556): interceptKeyTq keycode=4 screenIsOn=true keyguardActive=false policyFlags=2000000 isWakeKey=false
D/InputReader( 1556):  Absolute cursor move deltaX = 7 deltaY = 6 dl = 9
D/InputReader( 1556):  Absolute cursor move deltaX = 9 deltaY = 6 dl = 10
D/WindowManager( 1556): interceptKeyTi keyCode=4 down=true repeatCount=0 keyguardOn=false mHomePressed=false canceled=false
D/InputReader( 1556):  Absolute cursor move deltaX = 7 deltaY = 6 dl = 9
D/InputReader( 1556):  Absolute cursor move deltaX = 4 deltaY = 7 dl = 8
D/InputReader( 1556):  Absolute cursor move deltaX = 2 deltaY = 6 dl = 6
D/InputReader( 1556):  Absolute cursor move deltaX = 0 deltaY = 0 dl = 0
D/InputReader( 1556):  Absolute cursor move deltaX = 0 deltaY = 0 dl = 0
D/InputReader( 1556):  Absolute cursor move deltaX = -1 deltaY = -2 dl = 2
D/InputReader( 1556):  Absolute cursor move deltaX = -1 deltaY = -1 dl = 1
D/InputReader( 1556):  Absolute cursor move deltaX = 0 deltaY = -1 dl = 1
D/InputReader( 1556):  Absolute cursor move deltaX = 0 deltaY = 0 dl = 0
D/WindowManager( 1556): interceptKeyTq keycode=4 screenIsOn=true keyguardActive=false policyFlags=2000000 isWakeKey=false
D/WindowManager( 1556): interceptKeyTi keyCode=4 down=false repeatCount=0 keyguardOn=false mHomePressed=false canceled=false
D/StatisticService( 1556): addMessage messages:{"event":"controller_oper","properties":{"source"
D/InputReader( 1556):  Absolute cursor move deltaX = 0 deltaY = 0 dl = 0
D/StatisticService( 1556): addMessage messages::1,"context":"system","key":4,"time":1442287308}
D/InputReader( 1556):  Absolute cursor move deltaX = 0 deltaY = 0 dl = 0
W/InputEventReceiver( 3683): Attempted to finish an input event but the input event receiver has already been disposed.
E/PowerManagerService( 1556): (yjdbg) PARTIAL_WAKE_LOCK PARTIAL_WAKE_LOCK              'ActivityManager-Launch' (uid=1000, pid=1556, ws=null)
D/InputReader( 1556):  Absolute cursor move deltaX = 0 deltaY = 0 dl = 0
D/InputReader( 1556):  Absolute cursor move deltaX = 0 deltaY = 0 dl = 0
W/InputMethodManagerService( 1556): Focus gain on non-focused client com.android.internal.view.IInputMethodClient$Stub$Proxy@42011478 (uid=10064 pid=3683)
I/Launcher( 1778): |INFO|onRestart|com.lenovo.dll.nebula.launcher.MyLauncher|
I/Launcher( 1778): |INFO|onResume|com.lenovo.dll.nebula.launcher.MyLauncher|
I/Launcher( 1778): |INFO|launch time spends 1153018|com.lenovo.dll.nebula.launcher.MyLauncher|
W/Launcher( 1778): |WARN|screen_stateAPP|com.lenovo.dll.nebula.launcher.GL.GLWorkSpace|
I/Launcher( 1778): |INFO|startPlayPreview|com.lenovo.dll.nebula.launcher.GL.GLWorkSpace|
D/RemoteController( 1778): SetRemoteControllerMode mode = 88
D/RemoteControllerService( 1556): Send To Handler Remote Controller Mode = 88, Old Mode= 88 Don't Update RcMode
D/Activity( 1778): Activity Remote Controller rcMode =  88 com.lenovo.dll.nebula.launcher.MyLauncher
D/RemoteController( 1778): SetRemoteControllerMode mode = 88
D/RemoteControllerService( 1556): Send To Handler Remote Controller Mode = 88, Old Mode= 88 Don't Update RcMode
D/InputReader( 1556):  Absolute cursor move deltaX = 0 deltaY = -1 dl = 1
I/Launcher( 1778): |INFO|surfaceCreated|com.lenovo.dll.nebula.launcher.GL.GLWorkSpace|
I/Launcher( 1778): |INFO|anti-alias is not supported|com.lenovo.dll.nebula.launcher.GL.ShapeRenderer|
I/Launcher( 1778): |INFO|3d to 2d unit = 135.0|com.lenovo.dll.nebula.launcher.GL.ShapeRenderer|
D/InputReader( 1556):  Absolute cursor move deltaX = 0 deltaY = 0 dl = 0
D/InputReader( 1556):  Absolute cursor move deltaX = 0 deltaY = -1 dl = 1
D/InputReader( 1556):  Absolute cursor move deltaX = 0 deltaY = 0 dl = 0
D/InputReader( 1556):  Absolute cursor move deltaX = 0 deltaY = 0 dl = 0
D/InputReader( 1556):  Absolute cursor move deltaX = 0 deltaY = 0 dl = 0
D/InputReader( 1556):  Absolute cursor move deltaX = 1 deltaY = 0 dl = 1
D/InputReader( 1556):  Absolute cursor move deltaX = 0 deltaY = 0 dl = 0
I/Launcher( 1778): |INFO|3d to 2d unit = 135.0|com.lenovo.dll.nebula.launcher.GL.ShapeRenderer|
D/InputReader( 1556):  Absolute cursor move deltaX = 0 deltaY = 0 dl = 0
D/Application( 1778): [T:1] [L:68] MyApplication.removeSelfFromFSM: removeSelfFromFSM: com.lenovo.dll.nebula.launcher.MyLauncher@41c2e210 ==> true
I/LeTvManager( 1778): [T:1] [L:598] 8.isEmpty: Get Z-Order from FSM, Is Launcher Top ? true
I/LeTvManager( 1778): [T:1] [L:1615] LeTvManager.refreshSystemStandbySchedule: Current Source has Signal or Current Screen is Not Tv Screen or NoSignal Auto Shutdown is Off, so cancel power off
D/InputReader( 1556):  Absolute cursor move deltaX = 0 deltaY = 0 dl = 0
D/    SogouIME( 1741): ==========configKeyboard===========mIsNullInputtrue  nullInputType:true
D/IMEStatus( 1741): cannadebug--keyboard mode glance---------------------------------------------------
D/ThemeManager( 1741): cannadebug--keyboardType=2 imeType=0
D/ThemeManager( 1741): cannadebug--keyboard array glance ---------------------
D/ThemeManager( 1741): cannadebug--keyboardArray[0] = en_9_multi.ini
D/ThemeManager( 1741): cannadebug--keyboardArray[1] = en_26.ini
D/ThemeManager( 1741): cannadebug--keyboard array glance ---------------------
D/InputReader( 1556):  Absolute cursor move deltaX = 1 deltaY = 0 dl = 1
D/LeApp   ( 2464): wait to kill:2
D/InputReader( 1556):  Absolute cursor move deltaX = 0 deltaY = 0 dl = 0
D/InputReader( 1556):  Absolute cursor move deltaX = 0 deltaY = 0 dl = 0
D/InputReader( 1556):  Absolute cursor move deltaX = 0 deltaY = 0 dl = 0
D/InputReader( 1556):  Absolute cursor move deltaX = 0 deltaY = 0 dl = 0
D/InputReader( 1556):  Absolute cursor move deltaX = 0 deltaY = 0 dl = 0
D/InputReader( 1556):  Absolute cursor move deltaX = 0 deltaY = 0 dl = 0
I/ActivityManager( 1556): Killing 3381:com.android.keychain/1000 (adj 15): empty #9
D/InputReader( 1556):  Absolute cursor move deltaX = 1 deltaY = 0 dl = 1
D/InputReader( 1556):  Absolute cursor move deltaX = 0 deltaY = 0 dl = 0
D/VodApplication( 3683): remove activity: tv.ismar.daisy.EntertainmentDetailActivity@422f15e8
D/InputReader( 1556):  Absolute cursor move deltaX = 0 deltaY = 1 dl = 1
D/InputReader( 1556):  Absolute cursor move deltaX = 1 deltaY = 0 dl = 1
D/WindowManager( 1556): interceptKeyTq keycode=4 screenIsOn=true keyguardActive=false policyFlags=2000000 isWakeKey=false
D/WindowManager( 1556): interceptKeyTi keyCode=4 down=true repeatCount=0 keyguardOn=false mHomePressed=false canceled=false
D/InputReader( 1556):  Absolute cursor move deltaX = 1 deltaY = 0 dl = 1
D/InputReader( 1556):  Absolute cursor move deltaX = 1 deltaY = 0 dl = 1
D/LeTvManager( 1778): [T:1] [L:1977] LeTvManager.isDisplayActionbar: isDisplayChannelActionbar: false
I/Launcher( 1778): |INFO|key down 4|com.lenovo.dll.nebula.launcher.GL.GLWorkSpace|
D/WindowManager( 1556): Unhandled key: win=Window{41de1690 u0 com.lenovo.dll.nebula.launcher/com.lenovo.dll.nebula.launcher.MyLauncher}, action=0, flags=8, keyCode=4, scanCode=1, metaState=0, repeatCount=0, policyFlags=1107296256
D/WindowManager( 1556): No fallback.
D/InputReader( 1556):  Absolute cursor move deltaX = 0 deltaY = 0 dl = 0
D/InputReader( 1556):  Absolute cursor move deltaX = 0 deltaY = 0 dl = 0
D/InputReader( 1556):  Absolute cursor move deltaX = 1 deltaY = 0 dl = 1
D/InputReader( 1556):  Absolute cursor move deltaX = 0 deltaY = 0 dl = 0
D/InputReader( 1556):  Absolute cursor move deltaX = 0 deltaY = 0 dl = 0
D/WindowManager( 1556): interceptKeyTq keycode=4 screenIsOn=true keyguardActive=false policyFlags=2000000 isWakeKey=false
D/WindowManager( 1556): interceptKeyTi keyCode=4 down=false repeatCount=0 keyguardOn=false mHomePressed=false canceled=false
D/StatisticService( 1556): addMessage messages:{"event":"controller_oper","properties":{"source"
D/StatisticService( 1556): addMessage messages::1,"context":"system","key":4,"time":1442287309}
D/InputReader( 1556):  Absolute cursor move deltaX = 0 deltaY = 0 dl = 0
D/dalvikvm( 1741): GC_EXPLICIT freed 6K, 44% free 6276K/11072K, paused 1ms+2ms, total 32ms
D/LeTvManager( 1778): [T:1] [L:1977] LeTvManager.isDisplayActionbar: isDisplayChannelActionbar: false
I/Launcher( 1778): |INFO|isBootCompleted = 1|com.lenovo.dll.nebula.launcher.SystemUtil|
I/LeTvManager( 1778): [T:1] [L:1615] LeTvManager.refreshSystemStandbySchedule: Current Source has Signal or Current Screen is Not Tv Screen or NoSignal Auto Shutdown is Off, so cancel power off
D/WindowManager( 1556): Unhandled key: win=Window{41de1690 u0 com.lenovo.dll.nebula.launcher/com.lenovo.dll.nebula.launcher.MyLauncher}, action=1, flags=8, keyCode=4, scanCode=1, metaState=0, repeatCount=0, policyFlags=1107296256
D/WindowManager( 1556): No fallback.
D/InputReader( 1556):  Absolute cursor move deltaX = 0 deltaY = 0 dl = 0
D/InputReader( 1556):  Absolute cursor move deltaX = 1 deltaY = 0 dl = 1
D/InputReader( 1556):  Absolute cursor move deltaX = 0 deltaY = 0 dl = 0
D/InputReader( 1556):  Absolute cursor move deltaX = 0 deltaY = 0 dl = 0
D/InputReader( 1556):  Absolute cursor move deltaX = 0 deltaY = 0 dl = 0
D/InputReader( 1556):  Absolute cursor move deltaX = 1 deltaY = 0 dl = 1
D/InputReader( 1556):  Absolute cursor move deltaX = 0 deltaY = 0 dl = 0
D/InputReader( 1556):  Absolute cursor move deltaX = 0 deltaY = 0 dl = 0
D/InputReader( 1556):  Absolute cursor move deltaX = 0 deltaY = 0 dl = 0
D/InputReader( 1556):  Absolute cursor move deltaX = 0 deltaY = 0 dl = 0
D/InputReader( 1556):  Absolute cursor move deltaX = 0 deltaY = 0 dl = 0
D/InputReader( 1556):  Absolute cursor move deltaX = 1 deltaY = 0 dl = 1
D/InputReader( 1556):  Absolute cursor move deltaX = 0 deltaY = 0 dl = 0
D/InputReader( 1556):  Absolute cursor move deltaX = 1 deltaY = -2 dl = 2
D/InputReader( 1556):  Absolute cursor move deltaX = 4 deltaY = -2 dl = 4
D/InputReader( 1556):  Absolute cursor move deltaX = 9 deltaY = -10 dl = 13
D/InputReader( 1556):  Absolute cursor move deltaX = 13 deltaY = -12 dl = 17
D/InputReader( 1556):  Absolute cursor move deltaX = 18 deltaY = -19 dl = 26
D/InputReader( 1556):  Absolute cursor move deltaX = 16 deltaY = -17 dl = 23
D/InputReader( 1556):  Absolute cursor move deltaX = 16 deltaY = -16 dl = 22
D/InputReader( 1556):  Absolute cursor move deltaX = 9 deltaY = -7 dl = 11
D/InputReader( 1556):  Absolute cursor move deltaX = 3 deltaY = 4 dl = 5
D/InputReader( 1556):  Absolute cursor move deltaX = 3 deltaY = 50 dl = 50
D/InputReader( 1556):  Absolute cursor move deltaX = 0 deltaY = 39 dl = 39
D/InputReader( 1556):  Absolute cursor move deltaX = 0 deltaY = 12 dl = 12
D/InputReader( 1556):  Absolute cursor move deltaX = 0 deltaY = -1 dl = 1
D/InputReader( 1556):  Absolute cursor move deltaX = 1 deltaY = -21 dl = 21
D/InputReader( 1556):  Absolute cursor move deltaX = 8 deltaY = -27 dl = 28
D/InputReader( 1556):  Absolute cursor move deltaX = 14 deltaY = -17 dl = 22
D/InputReader( 1556):  Absolute cursor move deltaX = 16 deltaY = -11 dl = 19
D/InputReader( 1556):  Absolute cursor move deltaX = 23 deltaY = -1 dl = 23
D/InputReader( 1556):  Absolute cursor move deltaX = 28 deltaY = 2 dl = 28
D/InputReader( 1556):  Absolute cursor move deltaX = 28 deltaY = 7 dl = 28
D/InputReader( 1556):  Absolute cursor move deltaX = 28 deltaY = 21 dl = 35
D/InputReader( 1556):  Absolute cursor move deltaX = 20 deltaY = 27 dl = 33
D/InputReader( 1556):  Absolute cursor move deltaX = -10 deltaY = -34 dl = 35
D/InputReader( 1556):  Absolute cursor move deltaX = -14 deltaY = -61 dl = 62
D/InputReader( 1556):  Absolute cursor move deltaX = -18 deltaY = -108 dl = 109
D/InputReader( 1556):  Absolute cursor move deltaX = -16 deltaY = -142 dl = 142
D/InputReader( 1556):  Absolute cursor move deltaX = -35 deltaY = -172 dl = 175
D/InputReader( 1556):  Absolute cursor move deltaX = -39 deltaY = -174 dl = 178
D/InputReader( 1556):  Absolute cursor move deltaX = -52 deltaY = 0 dl = 52
D/InputReader( 1556):  Absolute cursor move deltaX = -35 deltaY = 0 dl = 35
D/InputReader( 1556):  Absolute cursor move deltaX = 23 deltaY = 0 dl = 23
D/InputReader( 1556):  Absolute cursor move deltaX = 64 deltaY = 0 dl = 64
D/InputReader( 1556):  Absolute cursor move deltaX = 137 deltaY = 0 dl = 137
D/InputReader( 1556):  Absolute cursor move deltaX = 171 deltaY = 0 dl = 171
D/InputReader( 1556):  Absolute cursor move deltaX = 242 deltaY = 0 dl = 242
I/Launcher( 1778): |INFO|mAdvertise蜀攻三国false|com.lenovo.dll.nebula.launcher.app.AppElementShape|
I/Launcher( 1778): |INFO|mAdvertise芒果TV，呈现精彩true|com.lenovo.dll.nebula.launcher.app.AppElementShape|
I/Launcher( 1778): |INFO|mAdvertise芒果TV，呈现精彩false|com.lenovo.dll.nebula.launcher.app.AppElementShape|
I/Launcher( 1778): |INFO|mAdvertiseTV应用商店true|com.lenovo.dll.nebula.launcher.app.AppElementShape|
D/Hillcrest( 1944): Received sleep status = On Table
D/lrcd    ( 1944): Hidraw set rc sensor to sleep useTime = 71259 ms count =0 
D/dalvikvm( 1778): GC_FOR_ALLOC freed 8161K, 9% free 97026K/106104K, paused 50ms, total 50ms
D/Hillcrest( 1944): Received sleep status = On Table
D/lrcd    ( 1944): Hidraw set rc sensor to sleep useTime = 1070 ms count =1 
D/Hillcrest( 1944): Received sleep status = On Table
D/lrcd    ( 1944): Hidraw set rc sensor to sleep useTime = 1121 ms count =2 
D/Hillcrest( 1944): Received sleep status = On Table
D/lrcd    ( 1944): Hidraw set rc sensor to sleep useTime = 349 ms count =3 
D/LeApp   ( 2464): wait to kill:2
D/Hillcrest( 1944): Received sleep status = On Table
D/lrcd    ( 1944): Hidraw set rc sensor to sleep useTime = 340 ms count =4 
D/Hillcrest( 1944): Received sleep status = On Table
D/lrcd    ( 1944): Hidraw set rc sensor to sleep useTime = 360 ms count =5 
D/Hillcrest( 1944): Received sleep status = On Table
D/lrcd    ( 1944): Hidraw set rc sensor to sleep useTime = 360 ms count =6 
D/Hillcrest( 1944): Received sleep status = On Table
D/lrcd    ( 1944): Hidraw set rc sensor to sleep useTime = 340 ms count =7 
D/Hillcrest( 1944): Received sleep status = On Table
D/lrcd    ( 1944): Hidraw set rc sensor to sleep useTime = 340 ms count =8 
D/Hillcrest( 1944): Received sleep status = On Table
D/lrcd    ( 1944): Hidraw set rc sensor to sleep useTime = 340 ms count =9 
D/Hillcrest( 1944): Received sleep status = On Table
D/lrcd    ( 1944): Hidraw set rc sensor to sleep useTime = 340 ms count =10 
D/Hillcrest( 1944): Received sleep status = On Table
D/lrcd    ( 1944): Hidraw set rc sensor to sleep useTime = 340 ms count =11 
D/Hillcrest( 1944): Received sleep status = On Table
D/lrcd    ( 1944): Hidraw set rc sensor to sleep useTime = 340 ms count =12 
D/Hillcrest( 1944): Received sleep status = On Table
D/lrcd    ( 1944): Hidraw set rc sensor to sleep useTime = 351 ms count =13 
D/Hillcrest( 1944): Received sleep status = On Table
D/lrcd    ( 1944): Hidraw set rc sensor to sleep useTime = 329 ms count =14 
D/Hillcrest( 1944): Received sleep status = On Table
D/lrcd    ( 1944): Hidraw set rc sensor to sleep useTime = 710 ms count =15 
D/lrcd    ( 1944): Hidraw disable remote touch
E/bt-btif ( 1756): bta_hh_le_write_rpt: ReportID: 0x07 Data Len: 6
E/lrcd    ( 1944): Hidraw try enable rc touch time =10 
D/lrcd    ( 1944): Event report info remote id = 0 
D/lrcd    ( 1944): Event report remote level model : = S
D/lrcd    ( 1944): Event report info remote model = RCS520 
D/lrcd    ( 1944): Event report remote version =0113
D/lrcd    ( 1944): Event report remote battery =2057
E/lrcd    ( 1944): Hidraw try enable rc touch time =120 
E/lrcd    ( 1944): Hidraw try enable rc touch time =130 
E/lrcd    ( 1944): Hidraw try enable rc touch time =150 
E/lrcd    ( 1944): Hidraw try enable rc touch time =150 
E/lrcd    ( 1944): Hidraw try enable rc touch time =160 
E/lrcd    ( 1944): Hidraw try enable rc touch time =180 
E/lrcd    ( 1944): Hidraw try enable rc touch time =180 
E/lrcd    ( 1944): Hidraw try enable rc touch time =200 
E/lrcd    ( 1944): Hidraw try enable rc touch time =200 
E/lrcd    ( 1944): Hidraw try enable rc touch time =210 
E/lrcd    ( 1944): Hidraw try enable rc touch time =230 
E/lrcd    ( 1944): Hidraw try enable rc touch time =230 
E/lrcd    ( 1944): Hidraw try enable rc touch time =240 
E/lrcd    ( 1944): Hidraw try enable rc touch time =250 
E/lrcd    ( 1944): Hidraw try enable rc touch time =260 
E/lrcd    ( 1944): Hidraw try enable rc touch time =280 
E/lrcd    ( 1944): Hidraw try enable rc touch time =280 
E/lrcd    ( 1944): Hidraw try enable rc touch time =290 
E/lrcd    ( 1944): Hidraw try enable rc touch time =310 
E/lrcd    ( 1944): Hidraw try enable rc touch time =310 
E/lrcd    ( 1944): Hidraw try enable rc touch time =320 
E/lrcd    ( 1944): Hidraw try enable rc touch time =330 
E/lrcd    ( 1944): Hidraw try enable rc touch time =340 
E/lrcd    ( 1944): Hidraw try enable rc touch time =360 
E/lrcd    ( 1944): Hidraw try enable rc touch time =360 
E/lrcd    ( 1944): Hidraw try enable rc touch time =370 
E/lrcd    ( 1944): Hidraw try enable rc touch time =380 
E/lrcd    ( 1944): Hidraw try enable rc touch time =390 
E/lrcd    ( 1944): Hidraw try enable rc touch time =410 
E/lrcd    ( 1944): Hidraw try enable rc touch time =410 
E/lrcd    ( 1944): Hidraw try enable rc touch time =420 
E/lrcd    ( 1944): Hidraw try enable rc touch time =440 
E/lrcd    ( 1944): Hidraw try enable rc touch time =440 
D/Hillcrest( 1944): Received sleep status = On Table
D/lrcd    ( 1944): Hidraw set rc sensor to sleep useTime = 440 ms count =16 
D/lrcd    ( 1944): Hidraw enable remote sensor sleep
E/bt-btif ( 1756): bta_hh_le_write_rpt: ReportID: 0x07 Data Len: 6
E/lrcd    ( 1944): Hidraw try enable rc touch time =450 
E/PowerManagerService( 1556): (yjdbg) PARTIAL_WAKE_LOCK PARTIAL_WAKE_LOCK              'AlarmManager' (uid=1000, pid=1556, ws=WorkSource{1000})
I/Launcher( 1778): |INFO|year2015|com.lenovo.dll.nebula.launcher.GL.GLWorkSpace$7|
W/Launcher( 1778): |WARN|screen_stateAPP|com.lenovo.dll.nebula.launcher.GL.GLWorkSpace|
I/Launcher( 1778): |INFO|星期二,2015,11:22,上午,乙未年,八月初三|com.lenovo.dll.nebula.launcher.DateManager|
D/LeApp   ( 2464): wait to kill:2
D/AndroidRuntime( 3727): 
D/AndroidRuntime( 3727): >>>>>> AndroidRuntime START com.android.internal.os.RuntimeInit <<<<<<
D/AndroidRuntime( 3727): CheckJNI is ON
I/AndroidRuntime( 3727): JNI options: '-Xjniopts:warnonly'
I/dalvikvm( 3727): DexOpt: mismatch dep name: '/data/dalvik-cache/system@framework@core.jar@classes.dex' vs. '/system/framework/core.odex'
E/dalvikvm( 3727): /system/framework/com.mediatek.util.jar odex has stale dependencies
I/dalvikvm( 3727): DexOpt: mismatch dep name: '/data/dalvik-cache/system@framework@core.jar@classes.dex' vs. '/system/framework/core.odex'
E/dalvikvm( 3727): /system/framework/com.mediatek.record.jar odex has stale dependencies
D/dalvikvm( 3727): Trying to load lib libjavacore.so 0x0
D/dalvikvm( 3727): Added shared lib libjavacore.so 0x0
D/dalvikvm( 3727): Trying to load lib libnativehelper.so 0x0
D/dalvikvm( 3727): Added shared lib libnativehelper.so 0x0
D/dalvikvm( 3727): No JNI_OnLoad found in libnativehelper.so 0x0, skipping init
D/dalvikvm( 3727): Note: class Landroid/app/ActivityManagerNative; has 183 unimplemented (abstract) methods
E/memtrack( 3727): Couldn't load memtrack module (No such file or directory)
E/android.os.Debug( 3727): failed to load memtrack module: -2
I/ethernet( 3727): Loading ethernet jni class
D/AndroidRuntime( 3727): Calling main entry com.android.commands.am.Am
D/AndroidRuntime( 3727): Shutting down VM
D/dalvikvm( 3683): Trying to load lib /data/app-lib/tv.ismar.daisy-1/libactivator.so 0x41c21768
D/jdwp    ( 3727): Got wake-up signal, bailing out of select
D/dalvikvm( 3727): Debugger has detached; object registry had 1 entries
D/dalvikvm( 3683): Added shared lib /data/app-lib/tv.ismar.daisy-1/libactivator.so 0x41c21768
D/dalvikvm( 3683): No JNI_OnLoad found in /data/app-lib/tv.ismar.daisy-1/libactivator.so 0x41c21768, skipping init
D/dalvikvm( 3683): Trying to load lib /data/app-lib/tv.ismar.daisy-1/libactivator.so 0x41c21768
D/dalvikvm( 3683): Shared lib '/data/app-lib/tv.ismar.daisy-1/libactivator.so' already loaded in same CL 0x41c21768
V/fingerprintutil( 3683): macaddress = 00:12:fe:04:da:16
I/zjqtestismartv( 3683): sn==fba406388104fb2ef15780f9f2988dfb
D/MD5Utils( 3683): not md5 ---> fba406388104fb2ef15780f9f2988dfb
D/MD5Utils( 3683): md5 ---> 127aeba684876f883b512be2612fe827
V/InitService( 3683): InitService started
V/ActiveAndroid( 3683): SELECT * FROM app_district LIMIT 1 
V/ActiveAndroid( 3683): SELECT * FROM app_province LIMIT 1 
V/ActiveAndroid( 3683): SELECT * FROM app_city LIMIT 1 
D/HttpClient( 3683): header is  ---> 
D/Activator( 3683): fingerprint : 127aeba684876f883b512be2612fe827sn : fba406388104fb2ef15780f9f2988dfb
D/Activator( 3683): key is :fba406388104fb2ef15780f9f2988dfb
D/Nativt_Activator( 3683): 111key is ---> fba406388104fb2ef15780f9f2988dfb
D/Nativt_Activator( 3683): paht is --->/data/data/tv.ismar.daisy/files/sign1
D/Nativt_Activator( 3683): open file success
D/Nativt_Activator( 3683): file length is 256, count is 16
D/Nativt_Activator( 3683): fba406388104fb2ef15780f9f2988dfb$$$
D/Nativt_Activator( 3683): MIGfMA0GCSqGSIb3DQEBAQUAA4GNADCBiQKBgQDlMQcF6Ik8p5Pqz9TeI9WzNRhq
D/Nativt_Activator( 3683): IZMihNZopvppIO09WI06T/+any7rbqI8jvM+zUPup3kSiMQALIz2WwmH4pt5Hjir
D/Nativt_Activator( 3683): atrbRa6Y0fBNH3OEL6ErbqpQlHOz9OHP6PPwNuS9HP8MWnhtaqNp94Dj3De5PCWS
D/Nativt_Activator( 3683): 9l76DhubkHSV8yWjfQIDAQAB
D/Nativt_Activator( 3683): 
D/Activator( 3683): native result is ---> fba406388104fb2ef15780f9f2988dfb$$$
D/Activator( 3683): MIGfMA0GCSqGSIb3DQEBAQUAA4GNADCBiQKBgQDlMQcF6Ik8p5Pqz9TeI9WzNRhq
D/Activator( 3683): IZMihNZopvppIO09WI06T/+any7rbqI8jvM+zUPup3kSiMQALIz2WwmH4pt5Hjir
D/Activator( 3683): atrbRa6Y0fBNH3OEL6ErbqpQlHOz9OHP6PPwNuS9HP8MWnhtaqNp94Dj3De5PCWS
D/Activator( 3683): 9l76DhubkHSV8yWjfQIDAQAB
