D/1105    ( 1314): LimitterHandle ecooflrate===1.0
I/WindowManager( 1314): interceptKeyBeforeDispatching event = KeyEvent { action=ACTION_DOWN, keyCode=KEYCODE_DPAD_DOWN, scanCode=108, metaState=0, flags=0x8, repeatCount=0, eventTime=14138520, downTime=14138520, deviceId=3, source=0x101 }
I/WindowManager( 1314): ,mKeyBootEnable = true,mKeyEnable = true,ENABLE_IR_KEY_FOR_INPUT = true,ENABLE_IR_KEY = true,ENABLE_KEYPAD_KEY = true
I/PhoneWindowManager( 1314): interceptKeyBeforeDispatching in queryHomeStore() = 0
I/PhoneWindowManager( 1314): interceptKeyBeforeDispatching not in condition
V/PinyinIME( 1536): onKeyDown:20
I/PinyinIME( 1536): onKeyDown:System handler the keyevent
I/tanweiwei( 1552): ************************************************
I/tanweiwei( 1552): mAttachInfo.mHasWindowFocus = true  q.mEvent.isFromSource(InputDevice.SOURCE_CLASS_POINTER) = false  isTerminalInputEvent(q.mEvent) = false
D/1105    ( 1314): LimitterHandle ecooflrate===1.0
I/WindowManager( 1314): interceptKeyBeforeDispatching event = KeyEvent { action=ACTION_UP, keyCode=KEYCODE_DPAD_DOWN, scanCode=108, metaState=0, flags=0x8, repeatCount=0, eventTime=14138672, downTime=14138520, deviceId=3, source=0x101 }
I/WindowManager( 1314): ,mKeyBootEnable = true,mKeyEnable = true,ENABLE_IR_KEY_FOR_INPUT = true,ENABLE_IR_KEY = true,ENABLE_KEYPAD_KEY = true
I/PhoneWindowManager( 1314): interceptKeyBeforeDispatching in queryHomeStore() = 0
I/PhoneWindowManager( 1314): interceptKeyBeforeDispatching not in condition
I/PinyinIME( 1536): onKeyUp:20
I/PinyinIME( 1536): onKeyUp:System handler the keyevent
I/tanweiwei( 1552): ************************************************
I/tanweiwei( 1552): mAttachInfo.mHasWindowFocus = true  q.mEvent.isFromSource(InputDevice.SOURCE_CLASS_POINTER) = false  isTerminalInputEvent(q.mEvent) = true
D/1105    ( 1314): LimitterHandle ecooflrate===1.0
I/PlayerImpl_JNI( 1314): isSignalStable
D/1105    ( 1314): LimitterHandle ecooflrate===1.0
I/AblHandler( 1314): bLunch: false bUnderTvApp: false bLunchTVUI:false bFactoryMode:false bKMode:false
D/1105    ( 1314): AblHandler  modeValue:0
D/EcoThread( 1314): not standard of AV mode
D/1105    ( 1314): ++timerdiff >= mTimerDiffTh/POLLING_INTERVAL_MS; 11111
I/EcoThread( 1314): EcoModeFlag == false
D/1105    ( 1314): EcoThread,checkOflMode(); 11111
D/1105    ( 1314): EcoThread,while....
I/PlayerImpl_JNI( 1478): isSignalStable
I/PlayerImpl_JNI( 1478): getVideoInfo
I/pack    ( 1478): taskList.size() = 3
I/pack    ( 1478): y:0  , packageName_2 = com.sharp.myapps
I/pack    ( 1478): y:1  , packageName_2 = com.sharp.launcher
I/pack    ( 1478): y:2  , packageName_2 = com.android.settings
I/pack    ( 1478): ***top activity package=com.sharp.myapps
I/pack    ( 1478): ***top activity class=com.sharp.myapps.activity.MainActivity
D/1105    ( 1314): LimitterHandle ecooflrate===1.0
D/1105    ( 1314): LimitterHandle ecooflrate===1.0
D/1105    ( 1314): LimitterHandle ecooflrate===1.0
D/1105    ( 1314): LimitterHandle ecooflrate===1.0
I/PlayerImpl_JNI( 1314): isSignalStable
D/1105    ( 1314): LimitterHandle ecooflrate===1.0
I/AblHandler( 1314): bLunch: false bUnderTvApp: false bLunchTVUI:false bFactoryMode:false bKMode:false
D/1105    ( 1314): AblHandler  modeValue:0
I/WindowManager( 1314): interceptKeyBeforeDispatching event = KeyEvent { action=ACTION_DOWN, keyCode=KEYCODE_ENTER, scanCode=28, metaState=0, flags=0x8, repeatCount=0, eventTime=14139332, downTime=14139332, deviceId=3, source=0x101 }
I/WindowManager( 1314): ,mKeyBootEnable = true,mKeyEnable = true,ENABLE_IR_KEY_FOR_INPUT = true,ENABLE_IR_KEY = true,ENABLE_KEYPAD_KEY = true
I/PhoneWindowManager( 1314): interceptKeyBeforeDispatching in queryHomeStore() = 0
I/PhoneWindowManager( 1314): interceptKeyBeforeDispatching not in condition
V/PinyinIME( 1536): onKeyDown:66
I/PinyinIME( 1536): onKeyDown:System handler the keyevent
I/tanweiwei( 1552): ************************************************
I/tanweiwei( 1552): mAttachInfo.mHasWindowFocus = true  q.mEvent.isFromSource(InputDevice.SOURCE_CLASS_POINTER) = false  isTerminalInputEvent(q.mEvent) = false
D/EcoThread( 1314): not standard of AV mode
D/1105    ( 1314): EcoThread,while....
I/PlayerImpl_JNI( 1478): isSignalStable
I/PlayerImpl_JNI( 1478): getVideoInfo
I/pack    ( 1478): taskList.size() = 3
I/pack    ( 1478): y:0  , packageName_2 = com.sharp.myapps
I/pack    ( 1478): y:1  , packageName_2 = com.sharp.launcher
I/pack    ( 1478): y:2  , packageName_2 = com.android.settings
I/pack    ( 1478): ***top activity package=com.sharp.myapps
I/pack    ( 1478): ***top activity class=com.sharp.myapps.activity.MainActivity
D/1105    ( 1314): LimitterHandle ecooflrate===1.0
I/WindowManager( 1314): interceptKeyBeforeDispatching event = KeyEvent { action=ACTION_UP, keyCode=KEYCODE_ENTER, scanCode=28, metaState=0, flags=0x8, repeatCount=0, eventTime=14139484, downTime=14139332, deviceId=3, source=0x101 }
I/WindowManager( 1314): ,mKeyBootEnable = true,mKeyEnable = true,ENABLE_IR_KEY_FOR_INPUT = true,ENABLE_IR_KEY = true,ENABLE_KEYPAD_KEY = true
I/PhoneWindowManager( 1314): interceptKeyBeforeDispatching in queryHomeStore() = 0
I/PhoneWindowManager( 1314): interceptKeyBeforeDispatching not in condition
I/PinyinIME( 1536): onKeyUp:66
I/PinyinIME( 1536): onKeyUp:System handler the keyevent
D/1105    ( 1314): LimitterHandle ecooflrate===1.0
I/tanweiwei( 1552): ************************************************
I/tanweiwei( 1552): mAttachInfo.mHasWindowFocus = true  q.mEvent.isFromSource(InputDevice.SOURCE_CLASS_POINTER) = false  isTerminalInputEvent(q.mEvent) = true
I/ActivityManager( 1314): START u0 {flg=0x10000000 cmp=tv.ismar.daisy/.ui.activity.AdvertisementActivity} from pid 1552
D/SurfaceFlinger(  976): mGlobalTransform change successfully has4k2kLayer= 1
D/SurfaceFlinger(  976): mGlobalTransform change successfully has4k2kLayer= 0
D/dalvikvm( 1314): GC_FOR_ALLOC freed 856K, 35% free 7815K/11900K, paused 38ms, total 38ms
V/ActivityManager( 1314): r3) packageName=tv.ismar.daisy finishing=false
V/ActivityManager( 1314): r2) packageName=com.sharp.myapps finishing=false
V/ActivityManager( 1314): add to pkglist=com.antutu.ABenchMark
V/ActivityManager( 1314): add to pkglist=com.android.browser
D/1105    ( 1314): LimitterHandle ecooflrate===1.0
I/ActivityManager( 1314): /system/bin/sh /system/etc/specify_mem_location.sh falseset memory location done
V/ActivityManager( 1314): add to pkglist=com.antutu.ABenchMark
V/ActivityManager( 1314): add to pkglist=com.android.browser
V/ActiveAndroid( 3178): SELECT * FROM advertisement WHERE start_date < ? AND end_date > ? AND everyday_time_from < ? AND everyday_time_to > ? 1442294798088,1442294798088,19598000,19598000
D/AdvertisementActivity( 3178): fetch advertisement path: file:///android_asset/poster.png
V/ActiveAndroid( 3178): SELECT * FROM app_district LIMIT 1 
V/ActiveAndroid( 3178): SELECT * FROM app_province LIMIT 1 
V/ActiveAndroid( 3178): SELECT * FROM app_city LIMIT 1 
I/ActivityManager( 1314): /system/bin/sh /system/etc/specify_mem_location.sh falseset memory location done
I/tanweiwei( 1552): windowFocusChanged has been called hasFocus = false
I/tanweiwei( 1552): MSG_WINDOW_FOCUS_CHANGED has been received
D/dalvikvm( 3178): GC_FOR_ALLOC freed 1399K, 9% free 18267K/19996K, paused 40ms, total 40ms
D/1105    ( 1314): LimitterHandle ecooflrate===1.0
I/dalvikvm-heap( 3178): Grow heap (frag case) to 26.066MB for 8294416-byte allocation
D/dalvikvm( 3178): GC_FOR_ALLOC freed 18K, 7% free 26348K/28100K, paused 32ms, total 32ms
V/ActiveAndroid( 3178): SELECT * FROM app_isp LIMIT 1 
I/PlayerImpl_JNI( 1314): isSignalStable
D/1105    ( 1314): LimitterHandle ecooflrate===1.0
I/AblHandler( 1314): bLunch: false bUnderTvApp: false bLunchTVUI:false bFactoryMode:false bKMode:false
I/tanweiwei( 3178): windowFocusChanged has been called hasFocus = true
D/1105    ( 1314): AblHandler  modeValue:0
I/PlayerImpl_JNI( 1478): isSignalStable
D/EcoThread( 1314): not standard of AV mode
D/1105    ( 1314): ++timerdiff >= mTimerDiffTh/POLLING_INTERVAL_MS; 11111
I/EcoThread( 1314): EcoModeFlag == false
D/1105    ( 1314): EcoThread,checkOflMode(); 11111
D/1105    ( 1314): EcoThread,while....
I/PlayerImpl_JNI( 1478): getVideoInfo
I/pack    ( 1478): taskList.size() = 4
I/pack    ( 1478): y:0  , packageName_2 = tv.ismar.daisy
I/pack    ( 1478): y:1  , packageName_2 = com.sharp.myapps
I/pack    ( 1478): y:2  , packageName_2 = com.sharp.launcher
I/pack    ( 1478): y:3  , packageName_2 = com.android.settings
I/pack    ( 1478): ***top activity package=tv.ismar.daisy
I/pack    ( 1478): ***top activity class=tv.ismar.daisy.ui.activity.AdvertisementActivity
D/1105    ( 1314): LimitterHandle ecooflrate===1.0
I/tanweiwei( 3178): MSG_WINDOW_FOCUS_CHANGED has been received
W/InputMethodManagerService( 1314): Window already focused, ignoring focus gain of: com.android.internal.view.IInputMethodClient$Stub$Proxy@424ccb10 attribute=null, token = android.os.BinderProxy@4259dc38
I/ActivityManager( 1314): Displayed tv.ismar.daisy/.ui.activity.AdvertisementActivity: +390ms
D/1105    ( 1314): LimitterHandle ecooflrate===1.0
D/1105    ( 1314): LimitterHandle ecooflrate===1.0
D/1105    ( 1314): LimitterHandle ecooflrate===1.0
I/PlayerImpl_JNI( 1314): isSignalStable
D/1105    ( 1314): LimitterHandle ecooflrate===1.0
I/AblHandler( 1314): bLunch: false bUnderTvApp: false bLunchTVUI:false bFactoryMode:false bKMode:false
D/1105    ( 1314): AblHandler  modeValue:0
I/PlayerImpl_JNI( 1478): isSignalStable
I/PlayerImpl_JNI( 1478): getVideoInfo
D/EcoThread( 1314): not standard of AV mode
D/1105    ( 1314): EcoThread,while....
I/pack    ( 1478): taskList.size() = 4
I/pack    ( 1478): y:0  , packageName_2 = tv.ismar.daisy
I/pack    ( 1478): y:1  , packageName_2 = com.sharp.myapps
I/pack    ( 1478): y:2  , packageName_2 = com.sharp.launcher
I/pack    ( 1478): y:3  , packageName_2 = com.android.settings
I/pack    ( 1478): ***top activity package=tv.ismar.daisy
I/pack    ( 1478): ***top activity class=tv.ismar.daisy.ui.activity.AdvertisementActivity
D/1105    ( 1314): LimitterHandle ecooflrate===1.0
D/1105    ( 1314): LimitterHandle ecooflrate===1.0
D/1105    ( 1314): LimitterHandle ecooflrate===1.0
D/1105    ( 1314): LimitterHandle ecooflrate===1.0
I/JavaHttpClient( 3178): ---> BEGIN
I/JavaHttpClient( 3178): 	<--- Request URL: 	http://wx.api.tvxio.com/shipinkefu/getCdninfo?actiontype=getcdnlist
I/JavaHttpClient( 3178): 	<--- Request Method: 	GET
I/JavaHttpClient( 3178): 	<--- Response Code: 	200
I/JavaHttpClient( 3178): 	<--- Response Result: 	{"cdn_list":[{"cdnID":15,"flag":4,"name":"帝联CDN|第三方15","route_trace":17,"url":"jq.dnion.tvxio.com|live.dn.tvxio.com|"},{"cdnID":17,"flag":0,"name":"北京长宽|华北长宽17","route_trace":48,"url":"124.193.205.206|124.193.205.206|"},{"cdnID":21,"flag":0,"name":"广州长城|华南长宽21","route_trace":48,"url":"211.162.59.69|211.162.59.69|"},{"cdnID":22,"flag":0,"name":"福州电信|华南电信22","route_trace":48,"url":"117.27.153.146|117.27.153.153|117.27.153.147|117.27.153.146|"},{"cdnID":24,"flag":0,"name":"宜昌电信|华中电信24","route_trace":48,"url":"61.183.52.26|61.183.52.60|61.183.52.112|61.183.52.26|"},{"cdnID":28,"flag":0,"name":"太仓电信|华东电信28","route_trace":48,"url":"180.97.81.107|180.97.81.168|180.97.81.59|180.97.80.2|180.97.81.37|180.97.81.107|180.97.81.168|180.97.81.59|"},{"cdnID":31,"flag":0,"name":"上海长宽|华东长宽31","route_trace":48,"url":"124.14.8.177|124.14.8.178|124.14.8.177|"},{"cdnID":34,"flag":0,"name":"济宁联通|华北联通34","route_trace":48,"url":"218.59.145.20|218.59.145.21|218.59.145.22|218.59.145.24|218.59.145.27|218.59.145.22|218.59.145.24|"},{"cdnID":35,"flag":0,"name":"德阳电信|西南电信35","route_trace":48,"url":"220.167.104.130|220.167.101.30|220.167.104.130|"},{"cdnID":36,"flag":0,"name":"西安电信|华北电信36","route_trace":48,"url":"117.34.39.194|117.34.39.197|117.34.39.194|"},{"cdnID":37,"flag":0,"name":"中山电信|华南电信37","route_trace":48,"url":"14.17.126.54|14.17.126.55|14.17.126.57|14.17.126.56|14.17.126.54|14.17.126.55|"},{"cdnID":38,"flag":0,"name":"鲁谷多线|华北多线38","route_trace":48,"url":"124.202.157.13|124.202.157.13|"},{"cdnID":46,"flag":0,"name":"武汉长宽|华中长宽46","route_trace":48,"url":"211.161.152.126|211.161.152.126|"},{"cdnID":52,"flag":0,"name":"嘉兴电信|华东电信52","route_trace":48,"url":"122.225.36.19|122.225.36.20|122.225.36.19|122.225.36.20|"},{"cdnID":56,"flag":0,"name":"天津电信|华北电信56","route_trace":48,"url":"123.150.198.187|123.150.198.189|123.150.198.187|"},{"cdnID":58,"flag":0,"name":"长沙电信|华中电信58","route_trace":48,"url":"175.6.4.173|175.6.4.186|175.6.4.179|175.6.4.173|"},{"cdnID":59,"flag":0,"name":"南昌电信|华中电信59","route_trace":48,"url":"117.41.176.68|117.41.176.69|117.41.176.68|"},{"cdnID":72,"flag":0,"name":"郑州联通|华中联通72","route_trace":48,"url":"182.118.62.245|182.118.62.246|182.118.62.247|182.118.62.245|"},{"cdnID":74,"flag":0,"name":"沈阳电信|东北电信74","route_trace":48,"url":"59.46.13.33|59.46.13.38|59.46.13.33|"},{"cdnID":75,"flag":0,"name":"杭州移动|华东移动75","route_trace":48,"url":"211.138.121.20|211.138.121.19|211.138.121.20|"},{"cdnID":76,"flag":0,"name":"北京长宽2|华北长宽76","route_trace":48,"url":"124.207.119.45|124.207.119.45|"},{"cdnID":77,"flag":0,"name":"长春联通|东北联通77","route_trace":48,"url":"222.161.212.183|222.161.212.188|222.161.212.183|"},{"cdnID":78,"flag":0,"name":"福建移动|华南移动78","route_trace":48,"url":"112.5.254.45|112.5.254.45|"},{"cdnID":79,"flag":0,"name":"南宁电信|华南电信79","route_trace":48,"url":"171.107.82.2|171.107.82.2|"},{"cdnID":80,"flag":0,"name":"绍兴电信|华东电信80","route_trace":48,"url":"115.239.229.131|115.239.229.132|115.239.229.133|115.239.229.134|115.239.229.131|"},{"cdnID":85,"flag":0,"name":"宜宾电信|西南电信85","route_trace":48,"url":"125.64.133.114|125.64.133.117|125.64.133.114|"},{"cdnID":86,"flag":0,"name":"佛山电信|华南电信","route_trace":48,"url":"14.17.101.130|14.17.101.131|14.17.101.133|"},{"cdnID":87,"flag":0,"name":"南京移动|华东移动87","route_trace":48,"url":"112.25.11.29|112.25.11.29|"},{"cdnID":91,"flag":0,"name":"合肥电信二|华中电信91","route_trace":48,"url":"61.191.52.10|61.191.52.12|61.191.52.10|"},{"cdnID":95,"flag":0,"name":"
V/ActiveAndroid( 3178): DELETE FROM app_cdn 
D/UpdateCheckService( 2006): alive
I/PlayerImpl_JNI( 1314): isSignalStable
D/1105    ( 1314): LimitterHandle ecooflrate===1.0
I/AblHandler( 1314): bLunch: false bUnderTvApp: false bLunchTVUI:false bFactoryMode:false bKMode:false
I/tvos    (  983): [0;45m [WDT_CLR][./src/MSrv_Control_common.cpp] [HeartBeatMonitor] [4102][0m 
D/1105    ( 1314): AblHandler  modeValue:0
I/PlayerImpl_JNI( 1478): isSignalStable
D/EcoThread( 1314): not standard of AV mode
D/1105    ( 1314): ++timerdiff >= mTimerDiffTh/POLLING_INTERVAL_MS; 11111
I/EcoThread( 1314): EcoModeFlag == false
D/1105    ( 1314): EcoThread,checkOflMode(); 11111
D/1105    ( 1314): EcoThread,while....
I/PlayerImpl_JNI( 1478): getVideoInfo
I/pack    ( 1478): taskList.size() = 4
I/pack    ( 1478): y:0  , packageName_2 = tv.ismar.daisy
I/pack    ( 1478): y:1  , packageName_2 = com.sharp.myapps
I/pack    ( 1478): y:2  , packageName_2 = com.sharp.launcher
I/pack    ( 1478): y:3  , packageName_2 = com.android.settings
I/pack    ( 1478): ***top activity package=tv.ismar.daisy
I/pack    ( 1478): ***top activity class=tv.ismar.daisy.ui.activity.AdvertisementActivity
D/1105    ( 1314): LimitterHandle ecooflrate===1.0
D/1105    ( 1314): LimitterHandle ecooflrate===1.0
D/1105    ( 1314): LimitterHandle ecooflrate===1.0
D/1105    ( 1314): LimitterHandle ecooflrate===1.0
I/PlayerImpl_JNI( 1314): isSignalStable
D/1105    ( 1314): LimitterHandle ecooflrate===1.0
I/AblHandler( 1314): bLunch: false bUnderTvApp: false bLunchTVUI:false bFactoryMode:false bKMode:false
D/1105    ( 1314): AblHandler  modeValue:0
D/EcoThread( 1314): not standard of AV mode
D/1105    ( 1314): EcoThread,while....
I/PlayerImpl_JNI( 1478): isSignalStable
I/PlayerImpl_JNI( 1478): getVideoInfo
I/pack    ( 1478): taskList.size() = 4
I/pack    ( 1478): y:0  , packageName_2 = tv.ismar.daisy
I/pack    ( 1478): y:1  , packageName_2 = com.sharp.myapps
I/pack    ( 1478): y:2  , packageName_2 = com.sharp.launcher
I/pack    ( 1478): y:3  , packageName_2 = com.android.settings
I/pack    ( 1478): ***top activity package=tv.ismar.daisy
I/pack    ( 1478): ***top activity class=tv.ismar.daisy.ui.activity.AdvertisementActivity
D/1105    ( 1314): LimitterHandle ecooflrate===1.0
D/1105    ( 1314): LimitterHandle ecooflrate===1.0
D/1105    ( 1314): LimitterHandle ecooflrate===1.0
D/1105    ( 1314): LimitterHandle ecooflrate===1.0
I/PlayerImpl_JNI( 1314): isSignalStable
D/1105    ( 1314): LimitterHandle ecooflrate===1.0
I/AblHandler( 1314): bLunch: false bUnderTvApp: false bLunchTVUI:false bFactoryMode:false bKMode:false
D/1105    ( 1314): AblHandler  modeValue:0
I/PlayerImpl_JNI( 1478): isSignalStable
I/PlayerImpl_JNI( 1478): getVideoInfo
I/pack    ( 1478): taskList.size() = 4
I/pack    ( 1478): y:0  , packageName_2 = tv.ismar.daisy
I/pack    ( 1478): y:1  , packageName_2 = com.sharp.myapps
I/pack    ( 1478): y:2  , packageName_2 = com.sharp.launcher
I/pack    ( 1478): y:3  , packageName_2 = com.android.settings
I/pack    ( 1478): ***top activity package=tv.ismar.daisy
I/pack    ( 1478): ***top activity class=tv.ismar.daisy.ui.activity.AdvertisementActivity
D/EcoThread( 1314): not standard of AV mode
D/1105    ( 1314): ++timerdiff >= mTimerDiffTh/POLLING_INTERVAL_MS; 11111
I/EcoThread( 1314): EcoModeFlag == false
D/1105    ( 1314): EcoThread,checkOflMode(); 11111
D/1105    ( 1314): EcoThread,while....
D/1105    ( 1314): LimitterHandle ecooflrate===1.0
D/1105    ( 1314): LimitterHandle ecooflrate===1.0
D/1105    ( 1314): LimitterHandle ecooflrate===1.0
D/1105    ( 1314): LimitterHandle ecooflrate===1.0
I/PlayerImpl_JNI( 1314): isSignalStable
D/1105    ( 1314): LimitterHandle ecooflrate===1.0
I/AblHandler( 1314): bLunch: false bUnderTvApp: false bLunchTVUI:false bFactoryMode:false bKMode:false
D/1105    ( 1314): AblHandler  modeValue:0
I/PlayerImpl_JNI( 1478): isSignalStable
I/PlayerImpl_JNI( 1478): getVideoInfo
I/pack    ( 1478): taskList.size() = 4
I/pack    ( 1478): y:0  , packageName_2 = tv.ismar.daisy
I/pack    ( 1478): y:1  , packageName_2 = com.sharp.myapps
I/pack    ( 1478): y:2  , packageName_2 = com.sharp.launcher
I/pack    ( 1478): y:3  , packageName_2 = com.android.settings
I/pack    ( 1478): ***top activity package=tv.ismar.daisy
I/pack    ( 1478): ***top activity class=tv.ismar.daisy.ui.activity.AdvertisementActivity
D/EcoThread( 1314): not standard of AV mode
D/1105    ( 1314): EcoThread,while....
D/1105    ( 1314): LimitterHandle ecooflrate===1.0
D/1105    ( 1314): LimitterHandle ecooflrate===1.0
D/1105    ( 1314): LimitterHandle ecooflrate===1.0
D/1105    ( 1314): LimitterHandle ecooflrate===1.0
I/PlayerImpl_JNI( 1314): isSignalStable
D/1105    ( 1314): LimitterHandle ecooflrate===1.0
I/AblHandler( 1314): bLunch: false bUnderTvApp: false bLunchTVUI:false bFactoryMode:false bKMode:false
D/1105    ( 1314): AblHandler  modeValue:0
I/PlayerImpl_JNI( 1478): isSignalStable
I/PlayerImpl_JNI( 1478): getVideoInfo
I/pack    ( 1478): taskList.size() = 4
I/pack    ( 1478): y:0  , packageName_2 = tv.ismar.daisy
I/pack    ( 1478): y:1  , packageName_2 = com.sharp.myapps
I/pack    ( 1478): y:2  , packageName_2 = com.sharp.launcher
I/pack    ( 1478): y:3  , packageName_2 = com.android.settings
I/pack    ( 1478): ***top activity package=tv.ismar.daisy
I/pack    ( 1478): ***top activity class=tv.ismar.daisy.ui.activity.AdvertisementActivity
D/1105    ( 1314): LimitterHandle ecooflrate===1.0
D/EcoThread( 1314): not standard of AV mode
D/1105    ( 1314): ++timerdiff >= mTimerDiffTh/POLLING_INTERVAL_MS; 11111
I/EcoThread( 1314): EcoModeFlag == false
D/1105    ( 1314): EcoThread,checkOflMode(); 11111
D/1105    ( 1314): EcoThread,while....
D/1105    ( 1314): LimitterHandle ecooflrate===1.0
D/1105    ( 1314): LimitterHandle ecooflrate===1.0
D/1105    ( 1314): LimitterHandle ecooflrate===1.0
I/PlayerImpl_JNI( 1314): isSignalStable
D/1105    ( 1314): LimitterHandle ecooflrate===1.0
I/AblHandler( 1314): bLunch: false bUnderTvApp: false bLunchTVUI:false bFactoryMode:false bKMode:false
D/1105    ( 1314): AblHandler  modeValue:0
I/PlayerImpl_JNI( 1478): isSignalStable
I/PlayerImpl_JNI( 1478): getVideoInfo
I/pack    ( 1478): taskList.size() = 4
I/pack    ( 1478): y:0  , packageName_2 = tv.ismar.daisy
I/pack    ( 1478): y:1  , packageName_2 = com.sharp.myapps
I/pack    ( 1478): y:2  , packageName_2 = com.sharp.launcher
I/pack    ( 1478): y:3  , packageName_2 = com.android.settings
I/pack    ( 1478): ***top activity package=tv.ismar.daisy
I/pack    ( 1478): ***top activity class=tv.ismar.daisy.ui.activity.AdvertisementActivity
D/1105    ( 1314): LimitterHandle ecooflrate===1.0
D/EcoThread( 1314): not standard of AV mode
D/1105    ( 1314): EcoThread,while....
D/1105    ( 1314): LimitterHandle ecooflrate===1.0
D/1105    ( 1314): LimitterHandle ecooflrate===1.0
D/1105    ( 1314): LimitterHandle ecooflrate===1.0
D/UpdateCheckService( 2006): alive
I/PlayerImpl_JNI( 1314): isSignalStable
D/1105    ( 1314): LimitterHandle ecooflrate===1.0
I/AblHandler( 1314): bLunch: false bUnderTvApp: false bLunchTVUI:false bFactoryMode:false bKMode:false
D/1105    ( 1314): AblHandler  modeValue:0
I/PlayerImpl_JNI( 1478): isSignalStable
I/PlayerImpl_JNI( 1478): getVideoInfo
I/pack    ( 1478): taskList.size() = 4
I/pack    ( 1478): y:0  , packageName_2 = tv.ismar.daisy
I/pack    ( 1478): y:1  , packageName_2 = com.sharp.myapps
I/pack    ( 1478): y:2  , packageName_2 = com.sharp.launcher
I/pack    ( 1478): y:3  , packageName_2 = com.android.settings
I/pack    ( 1478): ***top activity package=tv.ismar.daisy
I/pack    ( 1478): ***top activity class=tv.ismar.daisy.ui.activity.AdvertisementActivity
D/1105    ( 1314): LimitterHandle ecooflrate===1.0
D/EcoThread( 1314): not standard of AV mode
D/1105    ( 1314): ++timerdiff >= mTimerDiffTh/POLLING_INTERVAL_MS; 11111
I/EcoThread( 1314): EcoModeFlag == false
D/1105    ( 1314): EcoThread,checkOflMode(); 11111
D/1105    ( 1314): EcoThread,while....
D/1105    ( 1314): LimitterHandle ecooflrate===1.0
D/1105    ( 1314): LimitterHandle ecooflrate===1.0
D/1105    ( 1314): LimitterHandle ecooflrate===1.0
I/PlayerImpl_JNI( 1314): isSignalStable
D/1105    ( 1314): LimitterHandle ecooflrate===1.0
I/AblHandler( 1314): bLunch: false bUnderTvApp: false bLunchTVUI:false bFactoryMode:false bKMode:false
D/1105    ( 1314): AblHandler  modeValue:0
I/PlayerImpl_JNI( 1478): isSignalStable
I/PlayerImpl_JNI( 1478): getVideoInfo
I/pack    ( 1478): taskList.size() = 4
I/pack    ( 1478): y:0  , packageName_2 = tv.ismar.daisy
I/pack    ( 1478): y:1  , packageName_2 = com.sharp.myapps
I/pack    ( 1478): y:2  , packageName_2 = com.sharp.launcher
I/pack    ( 1478): y:3  , packageName_2 = com.android.settings
I/pack    ( 1478): ***top activity package=tv.ismar.daisy
I/pack    ( 1478): ***top activity class=tv.ismar.daisy.ui.activity.AdvertisementActivity
D/1105    ( 1314): LimitterHandle ecooflrate===1.0
D/EcoThread( 1314): not standard of AV mode
D/1105    ( 1314): EcoThread,while....
D/1105    ( 1314): LimitterHandle ecooflrate===1.0
D/1105    ( 1314): LimitterHandle ecooflrate===1.0
D/1105    ( 1314): LimitterHandle ecooflrate===1.0
I/PlayerImpl_JNI( 1314): isSignalStable
D/1105    ( 1314): LimitterHandle ecooflrate===1.0
I/AblHandler( 1314): bLunch: false bUnderTvApp: false bLunchTVUI:false bFactoryMode:false bKMode:false
D/1105    ( 1314): AblHandler  modeValue:0
I/ActivityManager( 1314): START u0 {flg=0x4000000 cmp=tv.ismar.daisy/.ui.activity.TVGuideActivity} from pid 3178
D/SurfaceFlinger(  976): mGlobalTransform change successfully has4k2kLayer= 1
D/SurfaceFlinger(  976): mGlobalTransform change successfully has4k2kLayer= 0
I/PlayerImpl_JNI( 1478): isSignalStable
D/dalvikvm( 1314): GC_FOR_ALLOC freed 1225K, 37% free 7529K/11900K, paused 39ms, total 39ms
D/1105    ( 1314): LimitterHandle ecooflrate===1.0
I/PlayerImpl_JNI( 1478): getVideoInfo
I/pack    ( 1478): taskList.size() = 4
I/tanweiwei( 3178): windowFocusChanged has been called hasFocus = false
I/pack    ( 1478): y:0  , packageName_2 = tv.ismar.daisy
I/pack    ( 1478): y:1  , packageName_2 = com.sharp.myapps
I/pack    ( 1478): y:2  , packageName_2 = com.sharp.launcher
I/pack    ( 1478): y:3  , packageName_2 = com.android.settings
I/pack    ( 1478): ***top activity package=tv.ismar.daisy
I/pack    ( 1478): ***top activity class=tv.ismar.daisy.ui.activity.AdvertisementActivity
D/EcoThread( 1314): not standard of AV mode
D/1105    ( 1314): ++timerdiff >= mTimerDiffTh/POLLING_INTERVAL_MS; 11111
I/EcoThread( 1314): EcoModeFlag == false
D/1105    ( 1314): EcoThread,checkOflMode(); 11111
D/1105    ( 1314): EcoThread,while....
V/ActivityManager( 1314): r4) packageName=tv.ismar.daisy finishing=false
V/ActivityManager( 1314): r3) packageName=tv.ismar.daisy finishing=true
V/ActivityManager( 1314): add to pkglist=com.antutu.ABenchMark
V/ActivityManager( 1314): add to pkglist=com.android.browser
I/ActivityManager( 1314): /system/bin/sh /system/etc/specify_mem_location.sh falseset memory location done
V/ActivityManager( 1314): add to pkglist=com.antutu.ABenchMark
V/ActivityManager( 1314): add to pkglist=com.android.browser
I/ActivityManager( 1314): /system/bin/sh /system/etc/specify_mem_location.sh falseset memory location done
I/tanweiwei( 3178): MSG_WINDOW_FOCUS_CHANGED has been received
I/openSDK_LOG.Tencent( 3178): createInstance()  -- start
I/openSDK_LOG.Tencent( 3178): createInstance()  -- end
D/1105    ( 1314): LimitterHandle ecooflrate===1.0
V/ActiveAndroid( 3178): SELECT * FROM app_city WHERE city = ? LIMIT 1 上海
I/IsmartvClient:( 3178): ---> BEGIN
I/IsmartvClient:( 3178): 	<--- Request URL: 	http://media.lily.tvxio.com/101020100.json?device_token=4H_7SommuBxjC48mlo0wQE1YB67BxHPL1G5VC2qhAWc=&access_token=
I/IsmartvClient:( 3178): 	<--- Request Method: 	GET
I/IsmartvClient:( 3178): 	<--- Response Code: 	200
I/IsmartvClient:( 3178): 	<--- Response Result: 	{"name_en": "Shanghai", "tomorrow": {"date": "2015-09-10", "wind_direction": "微风", "phenomenon": "多云", "wind_power": "小于3", "temperature": 29}, "name": "上海", "today": {"date": "2015-09-09", "wind_direction": "东北风", "phenomenon": "晴转多云", "wind_power": "小于3", "temperature": "22~29"}, "geoid": "101020100"}
I/IsmartvClient:( 3178): 	---> END
D/1105    ( 1314): LimitterHandle ecooflrate===1.0
W/ActivityManager( 1314): Unable to start service Intent { cmp=tv.ismar.daisy/.core.service.PosterUpdateService } U=0: not found
V/fingerprintutil( 3178): macaddress = 00:30:1b:ba:02:db
I/zjqtestismartv( 3178): sn==12c3dc85bf7b872d92646c22ffbb70f6sonic
D/MD5Utils( 3178): not md5 ---> 12c3dc85bf7b872d92646c22ffbb70f6sonic
D/MD5Utils( 3178): md5 ---> c20fd6cf8ac3b9b54189f89c490e9bb9
D/MD5Utils( 3178): not md5 ---> 12c3dc85bf7b872d92646c22ffbb70f6
D/MD5Utils( 3178): md5 ---> 9da7bf6a03be68366b1b67a675e845da
I/qazwsx  ( 3178): sn==12c3dc85bf7b872d92646c22ffbb70f6//fingerprint==9da7bf6a03be68366b1b67a675e845da
D/Activator( 3178): key is :12c3dc85bf7b872d92646c22ffbb70f6
D/Nativt_Activator( 3178): 111key is ---> 12c3dc85bf7b872d92646c22ffbb70f6
D/Nativt_Activator( 3178): paht is --->/data/data/tv.ismar.daisy/files/sign1
D/Nativt_Activator( 3178): open file success
D/Nativt_Activator( 3178): file length is 256, count is 16
D/Nativt_Activator( 3178): 12c3dc85bf7b872d92646c22ffbb70f6$$$
D/Nativt_Activator( 3178): MIGfMA0GCSqGSIb3DQEBAQUAA4GNADCBiQKBgQCPyK8QIAZj/JNGVLYKGxFbUuBO
D/Nativt_Activator( 3178): 0Lvfgi+dsQ5dcbbQqNwFb1VwcWjvddCvILY+RM5Lq4mAWJxf0QSsLsFMhy3znhsI
D/Nativt_Activator( 3178): TQsQUQ1EMYVDV5zhSKIHQDgbczGqi9aGSPnpO9vfNRAB2CGoU1S8jCD/cbn+nrXF
D/Nativt_Activator( 3178): oFC8IwUk3NJp/SR9nwIDAQAB
D/Nativt_Activator( 3178): 
D/Activator( 3178): native result is ---> 12c3dc85bf7b872d92646c22ffbb70f6$$$
D/Activator( 3178): MIGfMA0GCSqGSIb3DQEBAQUAA4GNADCBiQKBgQCPyK8QIAZj/JNGVLYKGxFbUuBO
D/Activator( 3178): 0Lvfgi+dsQ5dcbbQqNwFb1VwcWjvddCvILY+RM5Lq4mAWJxf0QSsLsFMhy3znhsI
D/Activator( 3178): TQsQUQ1EMYVDV5zhSKIHQDgbczGqi9aGSPnpO9vfNRAB2CGoU1S8jCD/cbn+nrXF
D/Activator( 3178): oFC8IwUk3NJp/SR9nwIDAQAB
D/Activator( 3178): public key is ---> 
D/Activator( 3178): MIGfMA0GCSqGSIb3DQEBAQUAA4GNADCBiQKBgQCPyK8QIAZj/JNGVLYKGxFbUuBO
D/Activator( 3178): 0Lvfgi+dsQ5dcbbQqNwFb1VwcWjvddCvILY+RM5Lq4mAWJxf0QSsLsFMhy3znhsI
D/Activator( 3178): TQsQUQ1EMYVDV5zhSKIHQDgbczGqi9aGSPnpO9vfNRAB2CGoU1S8jCD/cbn+nrXF
D/Activator( 3178): oFC8IwUk3NJp/SR9nwIDAQAB
D/Activator( 3178): RSA 签名ismartv=201415&kind=sky&sn=12c3dc85bf7b872d92646c22ffbb70f6
V/rsa_edcrypt( 3178): online md5content==1fb7084823085d89856d910d62376925
D/Activator( 3178): RSA 加密hldkFdCeFkASLrNF4aX+FMVG9Z30feimLFiQFTYAn96fdPbJVjiVee8FZC5KOSZ8
D/Activator( 3178): lFmq8xaVnfzKrvOmynRBADsw9/lmtnDaTdM1Yj5H1/tEwUirOrHAZwC5u0tpCTz+
D/Activator( 3178): 2GwyGpsboZ2w5ISMB/yoZOEvh4rU2kwhU4bvkhjB810=
I/zjqtestismartv( 3178): hh
D/MD5Utils( 3178): not md5 ---> unknownJLS36G
D/MD5Utils( 3178): md5 ---> aa9a897ef0881555d6203c2032cf3c2f
D/MD5Utils( 3178): not md5 ---> unknownJLS36G
D/MD5Utils( 3178): md5 ---> aa9a897ef0881555d6203c2032cf3c2f
I/zjqtestismartv( 3178): hh
D/MD5Utils( 3178): not md5 ---> unknownJLS36G
D/MD5Utils( 3178): md5 ---> aa9a897ef0881555d6203c2032cf3c2f
D/MD5Utils( 3178): not md5 ---> unknownJLS36G
D/MD5Utils( 3178): md5 ---> aa9a897ef0881555d6203c2032cf3c2f
D/1105    ( 1314): LimitterHandle ecooflrate===1.0
D/Retrofit( 3178): ---> HTTP POST http://sky.tvxio.com/trust/security/active/
D/Retrofit( 3178): Pragma: no-cache
D/Retrofit( 3178): Cache-Control: no-cache
D/Retrofit( 3178): Content-Type: application/x-www-form-urlencoded; charset=UTF-8
D/Retrofit( 3178): Content-Length: 531
D/Retrofit( 3178): sn=12c3dc85bf7b872d92646c22ffbb70f6&manufacture=sky&kind=sky&version=110&sign=hldkFdCeFkASLrNF4aX%2BFMVG9Z30feimLFiQFTYAn96fdPbJVjiVee8FZC5KOSZ8%0AlFmq8xaVnfzKrvOmynRBADsw9%2FlmtnDaTdM1Yj5H1%2FtEwUirOrHAZwC5u0tpCTz%2B%0A2GwyGpsboZ2w5ISMB%2FyoZOEvh4rU2kwhU4bvkhjB810%3D%0A&fingerprint=9da7bf6a03be68366b1b67a675e845da&api_version=v2_0&info=%7B%22serial%22%3A%22unknown%22%2C%22fingerprintE%22%3A%22aa9a897ef0881555d6203c2032cf3c2f%22%2C%22versionName%22%3A%22110%22%2C%22fingerprintD%22%3A%22JLS36G%5C%2F%5C%2Funknown%22%7D%2F%2F%2F
D/Retrofit( 3178): ---> END HTTP (531-byte body)
I/tanweiwei( 3178): windowFocusChanged has been called hasFocus = true
I/PlayerImpl_JNI( 1314): isSignalStable
D/1105    ( 1314): LimitterHandle ecooflrate===1.0
I/AblHandler( 1314): bLunch: false bUnderTvApp: false bLunchTVUI:false bFactoryMode:false bKMode:false
D/Retrofit( 3178): <--- HTTP 400 http://sky.tvxio.com/trust/security/active/ (94ms)
D/Retrofit( 3178): Server: nginx
D/Retrofit( 3178): Date: Tue, 15 Sep 2015 05:26:39 GMT
D/Retrofit( 3178): Content-Type: application/json; charset=utf-8
D/Retrofit( 3178): Transfer-Encoding: chunked
D/Retrofit( 3178): Connection: keep-alive
D/Retrofit( 3178): Expires: Tue, 15 Sep 2015 05:26:39 GMT
D/Retrofit( 3178): Vary: Accept, Cookie
D/Retrofit( 3178): Last-Modified: Tue, 15 Sep 2015 05:26:39 GMT
D/Retrofit( 3178): Allow: POST, OPTIONS
D/Retrofit( 3178): Cache-Control: max-age=0
D/Retrofit( 3178): X-Frame-Options: SAMEORIGIN
D/Retrofit( 3178): OkHttp-Selected-Protocol: http/1.1
D/Retrofit( 3178): OkHttp-Sent-Millis: 1442294803746
D/Retrofit( 3178): OkHttp-Received-Millis: 1442294803790
D/Retrofit( 3178): {"msg": "\u5b58\u5728\u65e0\u6548\u7684\u5b57\u7b26"}
I/tanweiwei( 3178): MSG_WINDOW_FOCUS_CHANGED has been received
D/1105    ( 1314): AblHandler  modeValue:0
W/InputMethodManagerService( 1314): Window already focused, ignoring focus gain of: com.android.internal.view.IInputMethodClient$Stub$Proxy@4250d348 attribute=null, token = android.os.BinderProxy@4255c940
D/Retrofit( 3178): <--- END HTTP (53-byte body)
D/1105    ( 1314): LimitterHandle ecooflrate===1.0
I/PlayerImpl_JNI( 1478): isSignalStable
I/PlayerImpl_JNI( 1478): getVideoInfo
I/pack    ( 1478): taskList.size() = 4
I/pack    ( 1478): y:0  , packageName_2 = tv.ismar.daisy
I/pack    ( 1478): y:1  , packageName_2 = com.sharp.myapps
I/pack    ( 1478): y:2  , packageName_2 = com.sharp.launcher
I/pack    ( 1478): y:3  , packageName_2 = com.android.settings
I/pack    ( 1478): ***top activity package=tv.ismar.daisy
I/pack    ( 1478): ***top activity class=tv.ismar.daisy.ui.activity.TVGuideActivity
D/EcoThread( 1314): not standard of AV mode
D/1105    ( 1314): EcoThread,while....
E/TVGuideActivity( 3178): active error: 激活失败
I/ActivityManager( 1314): Displayed tv.ismar.daisy/.ui.activity.TVGuideActivity: +517ms
D/1105    ( 1314): LimitterHandle ecooflrate===1.0
I/tanweiwei( 3178): windowFocusChanged has been called hasFocus = true
I/tanweiwei( 3178): MSG_WINDOW_FOCUS_CHANGED has been received
W/InputMethodManagerService( 1314): Window already focused, ignoring focus gain of: com.android.internal.view.IInputMethodClient$Stub$Proxy@4255f308 attribute=null, token = android.os.BinderProxy@424bcf78
D/1105    ( 1314): LimitterHandle ecooflrate===1.0
I/tanweiwei( 3178): windowFocusChanged has been called hasFocus = false
I/tanweiwei( 3178): MSG_WINDOW_FOCUS_CHANGED has been received
D/1105    ( 1314): LimitterHandle ecooflrate===1.0
I/PlayerImpl_JNI( 1314): isSignalStable
D/1105    ( 1314): LimitterHandle ecooflrate===1.0
I/AblHandler( 1314): bLunch: false bUnderTvApp: false bLunchTVUI:false bFactoryMode:false bKMode:false
D/1105    ( 1314): AblHandler  modeValue:0
D/1105    ( 1314): LimitterHandle ecooflrate===1.0
I/PlayerImpl_JNI( 1478): isSignalStable
I/PlayerImpl_JNI( 1478): getVideoInfo
I/pack    ( 1478): taskList.size() = 4
I/pack    ( 1478): y:0  , packageName_2 = tv.ismar.daisy
I/pack    ( 1478): y:1  , packageName_2 = com.sharp.myapps
I/pack    ( 1478): y:2  , packageName_2 = com.sharp.launcher
I/pack    ( 1478): y:3  , packageName_2 = com.android.settings
I/pack    ( 1478): ***top activity package=tv.ismar.daisy
I/pack    ( 1478): ***top activity class=tv.ismar.daisy.ui.activity.TVGuideActivity
D/EcoThread( 1314): not standard of AV mode
D/1105    ( 1314): ++timerdiff >= mTimerDiffTh/POLLING_INTERVAL_MS; 11111
I/EcoThread( 1314): EcoModeFlag == false
D/1105    ( 1314): EcoThread,checkOflMode(); 11111
D/1105    ( 1314): EcoThread,while....
D/1105    ( 1314): LimitterHandle ecooflrate===1.0
D/1105    ( 1314): LimitterHandle ecooflrate===1.0
D/1105    ( 1314): LimitterHandle ecooflrate===1.0
I/tvos    (  983): [0;45m [WDT_CLR][./src/MSrv_Control_common.cpp] [HeartBeatMonitor] [4102][0m 
I/PlayerImpl_JNI( 1314): isSignalStable
D/1105    ( 1314): LimitterHandle ecooflrate===1.0
I/AblHandler( 1314): bLunch: false bUnderTvApp: false bLunchTVUI:false bFactoryMode:false bKMode:false
D/1105    ( 1314): AblHandler  modeValue:0
D/1105    ( 1314): LimitterHandle ecooflrate===1.0
I/PlayerImpl_JNI( 1478): isSignalStable
I/PlayerImpl_JNI( 1478): getVideoInfo
I/pack    ( 1478): taskList.size() = 4
I/pack    ( 1478): y:0  , packageName_2 = tv.ismar.daisy
I/pack    ( 1478): y:1  , packageName_2 = com.sharp.myapps
I/pack    ( 1478): y:2  , packageName_2 = com.sharp.launcher
I/pack    ( 1478): y:3  , packageName_2 = com.android.settings
I/pack    ( 1478): ***top activity package=tv.ismar.daisy
I/pack    ( 1478): ***top activity class=tv.ismar.daisy.ui.activity.TVGuideActivity
D/EcoThread( 1314): not standard of AV mode
D/1105    ( 1314): EcoThread,while....
D/1105    ( 1314): LimitterHandle ecooflrate===1.0
D/1105    ( 1314): LimitterHandle ecooflrate===1.0
D/1105    ( 1314): LimitterHandle ecooflrate===1.0
D/UpdateCheckService( 2006): alive
I/PlayerImpl_JNI( 1314): isSignalStable
D/1105    ( 1314): LimitterHandle ecooflrate===1.0
I/AblHandler( 1314): bLunch: false bUnderTvApp: false bLunchTVUI:false bFactoryMode:false bKMode:false
D/dalvikvm( 1492): GC_EXPLICIT freed 151K, 25% free 2712K/3592K, paused 2ms+2ms, total 19ms
D/1105    ( 1314): AblHandler  modeValue:0
D/1105    ( 1314): LimitterHandle ecooflrate===1.0
I/PlayerImpl_JNI( 1478): isSignalStable
I/PlayerImpl_JNI( 1478): getVideoInfo
I/pack    ( 1478): taskList.size() = 4
I/pack    ( 1478): y:0  , packageName_2 = tv.ismar.daisy
I/pack    ( 1478): y:1  , packageName_2 = com.sharp.myapps
I/pack    ( 1478): y:2  , packageName_2 = com.sharp.launcher
I/pack    ( 1478): y:3  , packageName_2 = com.android.settings
I/pack    ( 1478): ***top activity package=tv.ismar.daisy
I/pack    ( 1478): ***top activity class=tv.ismar.daisy.ui.activity.TVGuideActivity
D/EcoThread( 1314): not standard of AV mode
D/1105    ( 1314): ++timerdiff >= mTimerDiffTh/POLLING_INTERVAL_MS; 11111
I/EcoThread( 1314): EcoModeFlag == false
D/1105    ( 1314): EcoThread,checkOflMode(); 11111
D/1105    ( 1314): EcoThread,while....
D/1105    ( 1314): LimitterHandle ecooflrate===1.0
D/1105    ( 1314): LimitterHandle ecooflrate===1.0
D/1105    ( 1314): LimitterHandle ecooflrate===1.0
I/PlayerImpl_JNI( 1314): isSignalStable
D/1105    ( 1314): LimitterHandle ecooflrate===1.0
I/AblHandler( 1314): bLunch: false bUnderTvApp: false bLunchTVUI:false bFactoryMode:false bKMode:false
D/1105    ( 1314): AblHandler  modeValue:0
D/1105    ( 1314): LimitterHandle ecooflrate===1.0
I/PlayerImpl_JNI( 1478): isSignalStable
I/PlayerImpl_JNI( 1478): getVideoInfo
I/pack    ( 1478): taskList.size() = 4
I/pack    ( 1478): y:0  , packageName_2 = tv.ismar.daisy
I/pack    ( 1478): y:1  , packageName_2 = com.sharp.myapps
I/pack    ( 1478): y:2  , packageName_2 = com.sharp.launcher
I/pack    ( 1478): y:3  , packageName_2 = com.android.settings
I/pack    ( 1478): ***top activity package=tv.ismar.daisy
I/pack    ( 1478): ***top activity class=tv.ismar.daisy.ui.activity.TVGuideActivity
D/EcoThread( 1314): not standard of AV mode
D/1105    ( 1314): EcoThread,while....
D/1105    ( 1314): LimitterHandle ecooflrate===1.0
D/1105    ( 1314): LimitterHandle ecooflrate===1.0
D/1105    ( 1314): LimitterHandle ecooflrate===1.0
I/PlayerImpl_JNI( 1314): isSignalStable
D/1105    ( 1314): LimitterHandle ecooflrate===1.0
I/AblHandler( 1314): bLunch: false bUnderTvApp: false bLunchTVUI:false bFactoryMode:false bKMode:false
D/1105    ( 1314): AblHandler  modeValue:0
D/1105    ( 1314): LimitterHandle ecooflrate===1.0
I/PlayerImpl_JNI( 1478): isSignalStable
I/PlayerImpl_JNI( 1478): getVideoInfo
I/pack    ( 1478): taskList.size() = 4
I/pack    ( 1478): y:0  , packageName_2 = tv.ismar.daisy
I/pack    ( 1478): y:1  , packageName_2 = com.sharp.myapps
I/pack    ( 1478): y:2  , packageName_2 = com.sharp.launcher
I/pack    ( 1478): y:3  , packageName_2 = com.android.settings
I/pack    ( 1478): ***top activity package=tv.ismar.daisy
I/pack    ( 1478): ***top activity class=tv.ismar.daisy.ui.activity.TVGuideActivity
D/EcoThread( 1314): not standard of AV mode
D/1105    ( 1314): ++timerdiff >= mTimerDiffTh/POLLING_INTERVAL_MS; 11111
I/EcoThread( 1314): EcoModeFlag == false
D/1105    ( 1314): EcoThread,checkOflMode(); 11111
D/1105    ( 1314): EcoThread,while....
D/1105    ( 1314): LimitterHandle ecooflrate===1.0
D/1105    ( 1314): LimitterHandle ecooflrate===1.0
D/1105    ( 1314): LimitterHandle ecooflrate===1.0
I/PlayerImpl_JNI( 1314): isSignalStable
D/1105    ( 1314): LimitterHandle ecooflrate===1.0
I/AblHandler( 1314): bLunch: false bUnderTvApp: false bLunchTVUI:false bFactoryMode:false bKMode:false
D/1105    ( 1314): AblHandler  modeValue:0
D/1105    ( 1314): LimitterHandle ecooflrate===1.0
I/PlayerImpl_JNI( 1478): isSignalStable
I/PlayerImpl_JNI( 1478): getVideoInfo
I/pack    ( 1478): taskList.size() = 4
I/pack    ( 1478): y:0  , packageName_2 = tv.ismar.daisy
I/pack    ( 1478): y:1  , packageName_2 = com.sharp.myapps
I/pack    ( 1478): y:2  , packageName_2 = com.sharp.launcher
I/pack    ( 1478): y:3  , packageName_2 = com.android.settings
I/pack    ( 1478): ***top activity package=tv.ismar.daisy
I/pack    ( 1478): ***top activity class=tv.ismar.daisy.ui.activity.TVGuideActivity
D/EcoThread( 1314): not standard of AV mode
D/1105    ( 1314): EcoThread,while....
D/1105    ( 1314): LimitterHandle ecooflrate===1.0
D/1105    ( 1314): LimitterHandle ecooflrate===1.0
D/1105    ( 1314): LimitterHandle ecooflrate===1.0
I/PlayerImpl_JNI( 1314): isSignalStable
D/1105    ( 1314): LimitterHandle ecooflrate===1.0
I/AblHandler( 1314): bLunch: false bUnderTvApp: false bLunchTVUI:false bFactoryMode:false bKMode:false
D/1105    ( 1314): AblHandler  modeValue:0
D/1105    ( 1314): LimitterHandle ecooflrate===1.0
I/PlayerImpl_JNI( 1478): isSignalStable
I/PlayerImpl_JNI( 1478): getVideoInfo
I/pack    ( 1478): taskList.size() = 4
I/pack    ( 1478): y:0  , packageName_2 = tv.ismar.daisy
I/pack    ( 1478): y:1  , packageName_2 = com.sharp.myapps
I/pack    ( 1478): y:2  , packageName_2 = com.sharp.launcher
I/pack    ( 1478): y:3  , packageName_2 = com.android.settings
I/pack    ( 1478): ***top activity package=tv.ismar.daisy
I/pack    ( 1478): ***top activity class=tv.ismar.daisy.ui.activity.TVGuideActivity
D/EcoThread( 1314): not standard of AV mode
D/1105    ( 1314): ++timerdiff >= mTimerDiffTh/POLLING_INTERVAL_MS; 11111
I/EcoThread( 1314): EcoModeFlag == false
D/1105    ( 1314): EcoThread,checkOflMode(); 11111
D/1105    ( 1314): EcoThread,while....
D/1105    ( 1314): LimitterHandle ecooflrate===1.0
D/1105    ( 1314): LimitterHandle ecooflrate===1.0
D/1105    ( 1314): LimitterHandle ecooflrate===1.0
I/PlayerImpl_JNI( 1314): isSignalStable
D/1105    ( 1314): LimitterHandle ecooflrate===1.0
I/AblHandler( 1314): bLunch: false bUnderTvApp: false bLunchTVUI:false bFactoryMode:false bKMode:false
D/1105    ( 1314): AblHandler  modeValue:0
D/1105    ( 1314): LimitterHandle ecooflrate===1.0
I/PlayerImpl_JNI( 1478): isSignalStable
I/PlayerImpl_JNI( 1478): getVideoInfo
I/pack    ( 1478): taskList.size() = 4
I/pack    ( 1478): y:0  , packageName_2 = tv.ismar.daisy
I/pack    ( 1478): y:1  , packageName_2 = com.sharp.myapps
I/pack    ( 1478): y:2  , packageName_2 = com.sharp.launcher
I/pack    ( 1478): y:3  , packageName_2 = com.android.settings
I/pack    ( 1478): ***top activity package=tv.ismar.daisy
I/pack    ( 1478): ***top activity class=tv.ismar.daisy.ui.activity.TVGuideActivity
D/EcoThread( 1314): not standard of AV mode
D/1105    ( 1314): EcoThread,while....
D/1105    ( 1314): LimitterHandle ecooflrate===1.0
D/1105    ( 1314): LimitterHandle ecooflrate===1.0
D/1105    ( 1314): LimitterHandle ecooflrate===1.0
D/UpdateCheckService( 2006): alive
D/1105    ( 1314): LimitterHandle ecooflrate===1.0
I/PlayerImpl_JNI( 1314): isSignalStable
D/dalvikvm( 1314): GC_CONCURRENT freed 885K, 35% free 7787K/11900K, paused 3ms+4ms, total 46ms
I/AblHandler( 1314): bLunch: false bUnderTvApp: false bLunchTVUI:false bFactoryMode:false bKMode:false
D/1105    ( 1314): AblHandler  modeValue:0
D/1105    ( 1314): LimitterHandle ecooflrate===1.0
I/PlayerImpl_JNI( 1478): isSignalStable
I/PlayerImpl_JNI( 1478): getVideoInfo
I/pack    ( 1478): taskList.size() = 4
I/pack    ( 1478): y:0  , packageName_2 = tv.ismar.daisy
I/pack    ( 1478): y:1  , packageName_2 = com.sharp.myapps
I/pack    ( 1478): y:2  , packageName_2 = com.sharp.launcher
I/pack    ( 1478): y:3  , packageName_2 = com.android.settings
I/pack    ( 1478): ***top activity package=tv.ismar.daisy
I/pack    ( 1478): ***top activity class=tv.ismar.daisy.ui.activity.TVGuideActivity
D/EcoThread( 1314): not standard of AV mode
D/1105    ( 1314): ++timerdiff >= mTimerDiffTh/POLLING_INTERVAL_MS; 11111
I/EcoThread( 1314): EcoModeFlag == false
D/1105    ( 1314): EcoThread,checkOflMode(); 11111
D/1105    ( 1314): EcoThread,while....
D/1105    ( 1314): LimitterHandle ecooflrate===1.0
D/1105    ( 1314): LimitterHandle ecooflrate===1.0
D/1105    ( 1314): LimitterHandle ecooflrate===1.0
I/PlayerImpl_JNI( 1314): isSignalStable
D/1105    ( 1314): LimitterHandle ecooflrate===1.0
I/AblHandler( 1314): bLunch: false bUnderTvApp: false bLunchTVUI:false bFactoryMode:false bKMode:false
D/1105    ( 1314): AblHandler  modeValue:0
D/1105    ( 1314): LimitterHandle ecooflrate===1.0
I/PlayerImpl_JNI( 1478): isSignalStable
I/PlayerImpl_JNI( 1478): getVideoInfo
I/pack    ( 1478): taskList.size() = 4
I/pack    ( 1478): y:0  , packageName_2 = tv.ismar.daisy
I/pack    ( 1478): y:1  , packageName_2 = com.sharp.myapps
I/pack    ( 1478): y:2  , packageName_2 = com.sharp.launcher
I/pack    ( 1478): y:3  , packageName_2 = com.android.settings
I/pack    ( 1478): ***top activity package=tv.ismar.daisy
I/pack    ( 1478): ***top activity class=tv.ismar.daisy.ui.activity.TVGuideActivity
D/EcoThread( 1314): not standard of AV mode
D/1105    ( 1314): EcoThread,while....
D/1105    ( 1314): LimitterHandle ecooflrate===1.0
D/1105    ( 1314): LimitterHandle ecooflrate===1.0
D/1105    ( 1314): LimitterHandle ecooflrate===1.0
