D/1105    ( 1314): LimitterHandle ecooflrate===1.0
I/AblHandler( 1314): bLunch: true bUnderTvApp: false bLunchTVUI:false bFactoryMode:false bKMode:false
D/1105    ( 1314): AblHandler  modeValue:27
I/TvManager_JNI( 1314): getEnvironment
D/MBX     (  988): sendMsg mID:9999 with mbxCmd:0x47 param:0xb
I/1105    ( 1314): setSourceSignalControlMode() --> 27
D/1105    ( 1314): LimitterHandle ecooflrate===1.0
D/1105    ( 1314): LimitterHandle ecooflrate===1.0
D/1105    ( 1314): LimitterHandle ecooflrate===1.0
I/PlayerImpl_JNI( 1478): isSignalStable
I/PlayerImpl_JNI( 1478): getVideoInfo
I/pack    ( 1478): taskList.size() = 2
I/pack    ( 1478): y:0  , packageName_2 = com.sharp.launcher
I/pack    ( 1478): y:1  , packageName_2 = com.android.settings
I/pack    ( 1478): ***top activity package=com.sharp.launcher
I/pack    ( 1478): ***top activity class=com.sharp.launcher.activity.MainActivity
D/1105    ( 1314): LimitterHandle ecooflrate===1.0
D/EcoThread( 1314): not standard of AV mode
D/1105    ( 1314): ++timerdiff >= mTimerDiffTh/POLLING_INTERVAL_MS; 11111
I/EcoThread( 1314): EcoModeFlag == false
D/1105    ( 1314): EcoThread,checkOflMode(); 11111
D/1105    ( 1314): EcoThread,while....
I/PlayerImpl_JNI( 1314): isSignalStable
D/1105    ( 1314): LimitterHandle ecooflrate===1.0
I/AblHandler( 1314): bLunch: true bUnderTvApp: false bLunchTVUI:false bFactoryMode:false bKMode:false
D/1105    ( 1314): AblHandler  modeValue:27
I/TvManager_JNI( 1314): getEnvironment
D/MBX     (  988): sendMsg mID:9999 with mbxCmd:0x47 param:0xb
I/1105    ( 1314): setSourceSignalControlMode() --> 27
I/tvos    (  983): [0;45m [WDT_CLR][./src/MSrv_Control_common.cpp] [HeartBeatMonitor] [4102][0m 
D/1105    ( 1314): LimitterHandle ecooflrate===1.0
D/1105    ( 1314): LimitterHandle ecooflrate===1.0
D/1105    ( 1314): LimitterHandle ecooflrate===1.0
I/PlayerImpl_JNI( 1478): isSignalStable
I/PlayerImpl_JNI( 1478): getVideoInfo
I/pack    ( 1478): taskList.size() = 2
I/pack    ( 1478): y:0  , packageName_2 = com.sharp.launcher
I/pack    ( 1478): y:1  , packageName_2 = com.android.settings
I/pack    ( 1478): ***top activity package=com.sharp.launcher
I/pack    ( 1478): ***top activity class=com.sharp.launcher.activity.MainActivity
D/1105    ( 1314): LimitterHandle ecooflrate===1.0
D/EcoThread( 1314): not standard of AV mode
D/1105    ( 1314): EcoThread,while....
I/PlayerImpl_JNI( 1314): isSignalStable
D/1105    ( 1314): LimitterHandle ecooflrate===1.0
I/AblHandler( 1314): bLunch: true bUnderTvApp: false bLunchTVUI:false bFactoryMode:false bKMode:false
D/1105    ( 1314): AblHandler  modeValue:27
I/TvManager_JNI( 1314): getEnvironment
D/MBX     (  988): sendMsg mID:9999 with mbxCmd:0x47 param:0xb
I/1105    ( 1314): setSourceSignalControlMode() --> 27
D/1105    ( 1314): LimitterHandle ecooflrate===1.0
D/1105    ( 1314): LimitterHandle ecooflrate===1.0
D/1105    ( 1314): LimitterHandle ecooflrate===1.0
I/PlayerImpl_JNI( 1478): isSignalStable
I/PlayerImpl_JNI( 1478): getVideoInfo
I/pack    ( 1478): taskList.size() = 2
I/pack    ( 1478): y:0  , packageName_2 = com.sharp.launcher
I/pack    ( 1478): y:1  , packageName_2 = com.android.settings
I/pack    ( 1478): ***top activity package=com.sharp.launcher
I/pack    ( 1478): ***top activity class=com.sharp.launcher.activity.MainActivity
D/1105    ( 1314): LimitterHandle ecooflrate===1.0
D/EcoThread( 1314): not standard of AV mode
D/1105    ( 1314): ++timerdiff >= mTimerDiffTh/POLLING_INTERVAL_MS; 11111
I/EcoThread( 1314): EcoModeFlag == false
D/1105    ( 1314): EcoThread,checkOflMode(); 11111
D/1105    ( 1314): EcoThread,while....
I/PlayerImpl_JNI( 1314): isSignalStable
D/1105    ( 1314): LimitterHandle ecooflrate===1.0
I/AblHandler( 1314): bLunch: true bUnderTvApp: false bLunchTVUI:false bFactoryMode:false bKMode:false
D/1105    ( 1314): AblHandler  modeValue:27
I/TvManager_JNI( 1314): getEnvironment
D/MBX     (  988): sendMsg mID:9999 with mbxCmd:0x47 param:0xb
I/1105    ( 1314): setSourceSignalControlMode() --> 27
D/1105    ( 1314): LimitterHandle ecooflrate===1.0
D/1105    ( 1314): LimitterHandle ecooflrate===1.0
D/1105    ( 1314): LimitterHandle ecooflrate===1.0
I/PlayerImpl_JNI( 1478): isSignalStable
I/PlayerImpl_JNI( 1478): getVideoInfo
I/pack    ( 1478): taskList.size() = 2
I/pack    ( 1478): y:0  , packageName_2 = com.sharp.launcher
I/pack    ( 1478): y:1  , packageName_2 = com.android.settings
I/pack    ( 1478): ***top activity package=com.sharp.launcher
I/pack    ( 1478): ***top activity class=com.sharp.launcher.activity.MainActivity
D/1105    ( 1314): LimitterHandle ecooflrate===1.0
D/EcoThread( 1314): not standard of AV mode
D/1105    ( 1314): EcoThread,while....
I/PlayerImpl_JNI( 1314): isSignalStable
D/1105    ( 1314): LimitterHandle ecooflrate===1.0
I/AblHandler( 1314): bLunch: true bUnderTvApp: false bLunchTVUI:false bFactoryMode:false bKMode:false
D/1105    ( 1314): AblHandler  modeValue:27
I/TvManager_JNI( 1314): getEnvironment
D/MBX     (  988): sendMsg mID:9999 with mbxCmd:0x47 param:0xb
I/1105    ( 1314): setSourceSignalControlMode() --> 27
D/1105    ( 1314): LimitterHandle ecooflrate===1.0
D/1105    ( 1314): LimitterHandle ecooflrate===1.0
D/1105    ( 1314): LimitterHandle ecooflrate===1.0
I/PlayerImpl_JNI( 1478): isSignalStable
I/PlayerImpl_JNI( 1478): getVideoInfo
I/pack    ( 1478): taskList.size() = 2
I/pack    ( 1478): y:0  , packageName_2 = com.sharp.launcher
I/pack    ( 1478): y:1  , packageName_2 = com.android.settings
I/pack    ( 1478): ***top activity package=com.sharp.launcher
I/pack    ( 1478): ***top activity class=com.sharp.launcher.activity.MainActivity
D/1105    ( 1314): LimitterHandle ecooflrate===1.0
D/EcoThread( 1314): not standard of AV mode
D/1105    ( 1314): ++timerdiff >= mTimerDiffTh/POLLING_INTERVAL_MS; 11111
I/EcoThread( 1314): EcoModeFlag == false
D/1105    ( 1314): EcoThread,checkOflMode(); 11111
D/1105    ( 1314): EcoThread,while....
I/PlayerImpl_JNI( 1314): isSignalStable
D/1105    ( 1314): LimitterHandle ecooflrate===1.0
I/AblHandler( 1314): bLunch: true bUnderTvApp: false bLunchTVUI:false bFactoryMode:false bKMode:false
D/1105    ( 1314): AblHandler  modeValue:27
I/TvManager_JNI( 1314): getEnvironment
D/MBX     (  988): sendMsg mID:9999 with mbxCmd:0x47 param:0xb
I/1105    ( 1314): setSourceSignalControlMode() --> 27
D/UpdateCheckService( 2006): alive
D/1105    ( 1314): LimitterHandle ecooflrate===1.0
D/1105    ( 1314): LimitterHandle ecooflrate===1.0
D/1105    ( 1314): LimitterHandle ecooflrate===1.0
I/PlayerImpl_JNI( 1478): isSignalStable
I/PlayerImpl_JNI( 1478): getVideoInfo
I/pack    ( 1478): taskList.size() = 2
I/pack    ( 1478): y:0  , packageName_2 = com.sharp.launcher
I/pack    ( 1478): y:1  , packageName_2 = com.android.settings
I/pack    ( 1478): ***top activity package=com.sharp.launcher
I/pack    ( 1478): ***top activity class=com.sharp.launcher.activity.MainActivity
D/1105    ( 1314): LimitterHandle ecooflrate===1.0
D/EcoThread( 1314): not standard of AV mode
D/1105    ( 1314): EcoThread,while....
I/PlayerImpl_JNI( 1314): isSignalStable
D/1105    ( 1314): LimitterHandle ecooflrate===1.0
I/AblHandler( 1314): bLunch: true bUnderTvApp: false bLunchTVUI:false bFactoryMode:false bKMode:false
D/1105    ( 1314): AblHandler  modeValue:27
I/TvManager_JNI( 1314): getEnvironment
D/MBX     (  988): sendMsg mID:9999 with mbxCmd:0x47 param:0xb
I/1105    ( 1314): setSourceSignalControlMode() --> 27
D/1105    ( 1314): LimitterHandle ecooflrate===1.0
D/1105    ( 1314): LimitterHandle ecooflrate===1.0
D/1105    ( 1314): LimitterHandle ecooflrate===1.0
I/PlayerImpl_JNI( 1478): isSignalStable
I/PlayerImpl_JNI( 1478): getVideoInfo
I/pack    ( 1478): taskList.size() = 2
I/pack    ( 1478): y:0  , packageName_2 = com.sharp.launcher
I/pack    ( 1478): y:1  , packageName_2 = com.android.settings
I/pack    ( 1478): ***top activity package=com.sharp.launcher
I/pack    ( 1478): ***top activity class=com.sharp.launcher.activity.MainActivity
D/1105    ( 1314): LimitterHandle ecooflrate===1.0
D/EcoThread( 1314): not standard of AV mode
D/1105    ( 1314): ++timerdiff >= mTimerDiffTh/POLLING_INTERVAL_MS; 11111
I/EcoThread( 1314): EcoModeFlag == false
D/1105    ( 1314): EcoThread,checkOflMode(); 11111
D/1105    ( 1314): EcoThread,while....
I/PlayerImpl_JNI( 1314): isSignalStable
D/1105    ( 1314): LimitterHandle ecooflrate===1.0
I/AblHandler( 1314): bLunch: true bUnderTvApp: false bLunchTVUI:false bFactoryMode:false bKMode:false
D/1105    ( 1314): AblHandler  modeValue:27
I/TvManager_JNI( 1314): getEnvironment
D/MBX     (  988): sendMsg mID:9999 with mbxCmd:0x47 param:0xb
I/1105    ( 1314): setSourceSignalControlMode() --> 27
D/1105    ( 1314): LimitterHandle ecooflrate===1.0
D/1105    ( 1314): LimitterHandle ecooflrate===1.0
D/1105    ( 1314): LimitterHandle ecooflrate===1.0
I/PlayerImpl_JNI( 1478): isSignalStable
I/PlayerImpl_JNI( 1478): getVideoInfo
I/pack    ( 1478): taskList.size() = 2
I/pack    ( 1478): y:0  , packageName_2 = com.sharp.launcher
I/pack    ( 1478): y:1  , packageName_2 = com.android.settings
I/pack    ( 1478): ***top activity package=com.sharp.launcher
I/pack    ( 1478): ***top activity class=com.sharp.launcher.activity.MainActivity
D/1105    ( 1314): LimitterHandle ecooflrate===1.0
D/EcoThread( 1314): not standard of AV mode
D/1105    ( 1314): EcoThread,while....
I/PlayerImpl_JNI( 1314): isSignalStable
D/1105    ( 1314): LimitterHandle ecooflrate===1.0
I/AblHandler( 1314): bLunch: true bUnderTvApp: false bLunchTVUI:false bFactoryMode:false bKMode:false
D/1105    ( 1314): AblHandler  modeValue:27
I/TvManager_JNI( 1314): getEnvironment
D/MBX     (  988): sendMsg mID:9999 with mbxCmd:0x47 param:0xb
I/1105    ( 1314): setSourceSignalControlMode() --> 27
D/1105    ( 1314): LimitterHandle ecooflrate===1.0
D/1105    ( 1314): LimitterHandle ecooflrate===1.0
I/WindowManager( 1314): interceptKeyBeforeDispatching event = KeyEvent { action=ACTION_DOWN, keyCode=KEYCODE_DPAD_LEFT, scanCode=105, metaState=0, flags=0x8, repeatCount=0, eventTime=14133464, downTime=14133464, deviceId=3, source=0x101 }
I/WindowManager( 1314): ,mKeyBootEnable = true,mKeyEnable = true,ENABLE_IR_KEY_FOR_INPUT = true,ENABLE_IR_KEY = true,ENABLE_KEYPAD_KEY = true
I/PhoneWindowManager( 1314): interceptKeyBeforeDispatching in queryHomeStore() = 0
I/PhoneWindowManager( 1314): interceptKeyBeforeDispatching not in condition
I/tanweiwei( 2032): ************************************************
V/PinyinIME( 1536): onKeyDown:21
I/PinyinIME( 1536): onKeyDown:System handler the keyevent
I/tanweiwei( 2032): mAttachInfo.mHasWindowFocus = true  q.mEvent.isFromSource(InputDevice.SOURCE_CLASS_POINTER) = false  isTerminalInputEvent(q.mEvent) = false
E/test    ( 2032): onFocusChange:false
E/test    ( 2032): onFocusChange:true
D/1105    ( 1314): LimitterHandle ecooflrate===1.0
I/PlayerImpl_JNI( 1478): isSignalStable
I/PlayerImpl_JNI( 1478): getVideoInfo
I/pack    ( 1478): taskList.size() = 2
I/pack    ( 1478): y:0  , packageName_2 = com.sharp.launcher
I/pack    ( 1478): y:1  , packageName_2 = com.android.settings
I/pack    ( 1478): ***top activity package=com.sharp.launcher
I/pack    ( 1478): ***top activity class=com.sharp.launcher.activity.MainActivity
I/WindowManager( 1314): interceptKeyBeforeDispatching event = KeyEvent { action=ACTION_UP, keyCode=KEYCODE_DPAD_LEFT, scanCode=105, metaState=0, flags=0x8, repeatCount=0, eventTime=14133616, downTime=14133464, deviceId=3, source=0x101 }
I/WindowManager( 1314): ,mKeyBootEnable = true,mKeyEnable = true,ENABLE_IR_KEY_FOR_INPUT = true,ENABLE_IR_KEY = true,ENABLE_KEYPAD_KEY = true
I/PhoneWindowManager( 1314): interceptKeyBeforeDispatching in queryHomeStore() = 0
I/PhoneWindowManager( 1314): interceptKeyBeforeDispatching not in condition
I/tanweiwei( 2032): ************************************************
I/tanweiwei( 2032): mAttachInfo.mHasWindowFocus = true  q.mEvent.isFromSource(InputDevice.SOURCE_CLASS_POINTER) = false  isTerminalInputEvent(q.mEvent) = true
I/PinyinIME( 1536): onKeyUp:21
I/PinyinIME( 1536): onKeyUp:System handler the keyevent
D/1105    ( 1314): LimitterHandle ecooflrate===1.0
D/EcoThread( 1314): not standard of AV mode
D/1105    ( 1314): ++timerdiff >= mTimerDiffTh/POLLING_INTERVAL_MS; 11111
I/EcoThread( 1314): EcoModeFlag == false
D/1105    ( 1314): EcoThread,checkOflMode(); 11111
D/1105    ( 1314): EcoThread,while....
I/PlayerImpl_JNI( 1314): isSignalStable
D/1105    ( 1314): LimitterHandle ecooflrate===1.0
I/AblHandler( 1314): bLunch: true bUnderTvApp: false bLunchTVUI:false bFactoryMode:false bKMode:false
D/1105    ( 1314): AblHandler  modeValue:27
I/TvManager_JNI( 1314): getEnvironment
D/MBX     (  988): sendMsg mID:9999 with mbxCmd:0x47 param:0xb
I/1105    ( 1314): setSourceSignalControlMode() --> 27
D/1105    ( 1314): LimitterHandle ecooflrate===1.0
I/WindowManager( 1314): interceptKeyBeforeDispatching event = KeyEvent { action=ACTION_DOWN, keyCode=KEYCODE_DPAD_LEFT, scanCode=105, metaState=0, flags=0x8, repeatCount=0, eventTime=14133932, downTime=14133932, deviceId=3, source=0x101 }
I/WindowManager( 1314): ,mKeyBootEnable = true,mKeyEnable = true,ENABLE_IR_KEY_FOR_INPUT = true,ENABLE_IR_KEY = true,ENABLE_KEYPAD_KEY = true
I/PhoneWindowManager( 1314): interceptKeyBeforeDispatching in queryHomeStore() = 0
I/PhoneWindowManager( 1314): interceptKeyBeforeDispatching not in condition
V/PinyinIME( 1536): onKeyDown:21
I/PinyinIME( 1536): onKeyDown:System handler the keyevent
E/test    ( 2032): onFocusChange:false
E/test    ( 2032): onFocusChange:true
I/tanweiwei( 2032): ************************************************
I/tanweiwei( 2032): mAttachInfo.mHasWindowFocus = true  q.mEvent.isFromSource(InputDevice.SOURCE_CLASS_POINTER) = false  isTerminalInputEvent(q.mEvent) = false
D/1105    ( 1314): LimitterHandle ecooflrate===1.0
D/1105    ( 1314): LimitterHandle ecooflrate===1.0
I/WindowManager( 1314): interceptKeyBeforeDispatching event = KeyEvent { action=ACTION_UP, keyCode=KEYCODE_DPAD_LEFT, scanCode=105, metaState=0, flags=0x8, repeatCount=0, eventTime=14134084, downTime=14133932, deviceId=3, source=0x101 }
I/WindowManager( 1314): ,mKeyBootEnable = true,mKeyEnable = true,ENABLE_IR_KEY_FOR_INPUT = true,ENABLE_IR_KEY = true,ENABLE_KEYPAD_KEY = true
I/PhoneWindowManager( 1314): interceptKeyBeforeDispatching in queryHomeStore() = 0
I/PhoneWindowManager( 1314): interceptKeyBeforeDispatching not in condition
I/PinyinIME( 1536): onKeyUp:21
I/PinyinIME( 1536): onKeyUp:System handler the keyevent
I/tanweiwei( 2032): ************************************************
I/tanweiwei( 2032): mAttachInfo.mHasWindowFocus = true  q.mEvent.isFromSource(InputDevice.SOURCE_CLASS_POINTER) = false  isTerminalInputEvent(q.mEvent) = true
I/PlayerImpl_JNI( 1478): isSignalStable
I/PlayerImpl_JNI( 1478): getVideoInfo
I/pack    ( 1478): taskList.size() = 2
I/pack    ( 1478): y:0  , packageName_2 = com.sharp.launcher
I/pack    ( 1478): y:1  , packageName_2 = com.android.settings
I/pack    ( 1478): ***top activity package=com.sharp.launcher
I/pack    ( 1478): ***top activity class=com.sharp.launcher.activity.MainActivity
D/1105    ( 1314): LimitterHandle ecooflrate===1.0
D/EcoThread( 1314): not standard of AV mode
D/1105    ( 1314): EcoThread,while....
I/PlayerImpl_JNI( 1314): isSignalStable
D/1105    ( 1314): LimitterHandle ecooflrate===1.0
I/AblHandler( 1314): bLunch: true bUnderTvApp: false bLunchTVUI:false bFactoryMode:false bKMode:false
D/1105    ( 1314): AblHandler  modeValue:27
I/TvManager_JNI( 1314): getEnvironment
D/MBX     (  988): sendMsg mID:9999 with mbxCmd:0x47 param:0xb
I/1105    ( 1314): setSourceSignalControlMode() --> 27
D/1105    ( 1314): LimitterHandle ecooflrate===1.0
D/1105    ( 1314): LimitterHandle ecooflrate===1.0
D/1105    ( 1314): LimitterHandle ecooflrate===1.0
I/WindowManager( 1314): interceptKeyBeforeDispatching event = KeyEvent { action=ACTION_DOWN, keyCode=KEYCODE_DPAD_UP, scanCode=103, metaState=0, flags=0x8, repeatCount=0, eventTime=14134609, downTime=14134609, deviceId=3, source=0x101 }
I/WindowManager( 1314): ,mKeyBootEnable = true,mKeyEnable = true,ENABLE_IR_KEY_FOR_INPUT = true,ENABLE_IR_KEY = true,ENABLE_KEYPAD_KEY = true
I/PhoneWindowManager( 1314): interceptKeyBeforeDispatching in queryHomeStore() = 0
I/PhoneWindowManager( 1314): interceptKeyBeforeDispatching not in condition
V/PinyinIME( 1536): onKeyDown:19
I/PinyinIME( 1536): onKeyDown:System handler the keyevent
I/tanweiwei( 2032): ************************************************
I/tanweiwei( 2032): mAttachInfo.mHasWindowFocus = true  q.mEvent.isFromSource(InputDevice.SOURCE_CLASS_POINTER) = false  isTerminalInputEvent(q.mEvent) = false
E/test    ( 2032): onFocusChange:false
E/test    ( 2032): onFocusChange:true
I/PlayerImpl_JNI( 1478): isSignalStable
I/PlayerImpl_JNI( 1478): getVideoInfo
I/pack    ( 1478): taskList.size() = 2
I/pack    ( 1478): y:0  , packageName_2 = com.sharp.launcher
I/pack    ( 1478): y:1  , packageName_2 = com.android.settings
I/pack    ( 1478): ***top activity package=com.sharp.launcher
I/pack    ( 1478): ***top activity class=com.sharp.launcher.activity.MainActivity
D/1105    ( 1314): LimitterHandle ecooflrate===1.0
D/EcoThread( 1314): not standard of AV mode
D/1105    ( 1314): ++timerdiff >= mTimerDiffTh/POLLING_INTERVAL_MS; 11111
I/EcoThread( 1314): EcoModeFlag == false
D/1105    ( 1314): EcoThread,checkOflMode(); 11111
D/1105    ( 1314): EcoThread,while....
I/PlayerImpl_JNI( 1314): isSignalStable
D/1105    ( 1314): LimitterHandle ecooflrate===1.0
I/AblHandler( 1314): bLunch: true bUnderTvApp: false bLunchTVUI:false bFactoryMode:false bKMode:false
D/1105    ( 1314): AblHandler  modeValue:27
I/TvManager_JNI( 1314): getEnvironment
D/MBX     (  988): sendMsg mID:9999 with mbxCmd:0x47 param:0xb
I/1105    ( 1314): setSourceSignalControlMode() --> 27
I/WindowManager( 1314): interceptKeyBeforeDispatching event = KeyEvent { action=ACTION_UP, keyCode=KEYCODE_DPAD_UP, scanCode=103, metaState=0, flags=0x8, repeatCount=0, eventTime=14134760, downTime=14134609, deviceId=3, source=0x101 }
I/WindowManager( 1314): ,mKeyBootEnable = true,mKeyEnable = true,ENABLE_IR_KEY_FOR_INPUT = true,ENABLE_IR_KEY = true,ENABLE_KEYPAD_KEY = true
I/PhoneWindowManager( 1314): interceptKeyBeforeDispatching in queryHomeStore() = 0
I/PhoneWindowManager( 1314): interceptKeyBeforeDispatching not in condition
D/UpdateCheckService( 2006): alive
I/tanweiwei( 2032): ************************************************
I/PinyinIME( 1536): onKeyUp:19
I/PinyinIME( 1536): onKeyUp:System handler the keyevent
I/tanweiwei( 2032): mAttachInfo.mHasWindowFocus = true  q.mEvent.isFromSource(InputDevice.SOURCE_CLASS_POINTER) = false  isTerminalInputEvent(q.mEvent) = true
D/1105    ( 1314): LimitterHandle ecooflrate===1.0
D/1105    ( 1314): LimitterHandle ecooflrate===1.0
D/1105    ( 1314): LimitterHandle ecooflrate===1.0
I/PlayerImpl_JNI( 1478): isSignalStable
I/PlayerImpl_JNI( 1478): getVideoInfo
I/pack    ( 1478): taskList.size() = 2
I/pack    ( 1478): y:0  , packageName_2 = com.sharp.launcher
I/pack    ( 1478): y:1  , packageName_2 = com.android.settings
I/pack    ( 1478): ***top activity package=com.sharp.launcher
I/pack    ( 1478): ***top activity class=com.sharp.launcher.activity.MainActivity
D/1105    ( 1314): LimitterHandle ecooflrate===1.0
D/EcoThread( 1314): not standard of AV mode
D/1105    ( 1314): EcoThread,while....
I/PlayerImpl_JNI( 1314): isSignalStable
D/1105    ( 1314): LimitterHandle ecooflrate===1.0
I/AblHandler( 1314): bLunch: true bUnderTvApp: false bLunchTVUI:false bFactoryMode:false bKMode:false
D/1105    ( 1314): AblHandler  modeValue:27
I/TvManager_JNI( 1314): getEnvironment
D/MBX     (  988): sendMsg mID:9999 with mbxCmd:0x47 param:0xb
I/1105    ( 1314): setSourceSignalControlMode() --> 27
I/WindowManager( 1314): interceptKeyBeforeDispatching event = KeyEvent { action=ACTION_DOWN, keyCode=KEYCODE_ENTER, scanCode=28, metaState=0, flags=0x8, repeatCount=0, eventTime=14135272, downTime=14135272, deviceId=3, source=0x101 }
I/WindowManager( 1314): ,mKeyBootEnable = true,mKeyEnable = true,ENABLE_IR_KEY_FOR_INPUT = true,ENABLE_IR_KEY = true,ENABLE_KEYPAD_KEY = true
I/PhoneWindowManager( 1314): interceptKeyBeforeDispatching in queryHomeStore() = 0
I/PhoneWindowManager( 1314): interceptKeyBeforeDispatching not in condition
V/PinyinIME( 1536): onKeyDown:66
I/PinyinIME( 1536): onKeyDown:System handler the keyevent
I/tanweiwei( 2032): ************************************************
I/tanweiwei( 2032): mAttachInfo.mHasWindowFocus = true  q.mEvent.isFromSource(InputDevice.SOURCE_CLASS_POINTER) = false  isTerminalInputEvent(q.mEvent) = false
D/1105    ( 1314): LimitterHandle ecooflrate===1.0
I/WindowManager( 1314): interceptKeyBeforeDispatching event = KeyEvent { action=ACTION_UP, keyCode=KEYCODE_ENTER, scanCode=28, metaState=0, flags=0x8, repeatCount=0, eventTime=14135424, downTime=14135272, deviceId=3, source=0x101 }
I/WindowManager( 1314): ,mKeyBootEnable = true,mKeyEnable = true,ENABLE_IR_KEY_FOR_INPUT = true,ENABLE_IR_KEY = true,ENABLE_KEYPAD_KEY = true
I/PhoneWindowManager( 1314): interceptKeyBeforeDispatching in queryHomeStore() = 0
I/PhoneWindowManager( 1314): interceptKeyBeforeDispatching not in condition
I/PinyinIME( 1536): onKeyUp:66
I/PinyinIME( 1536): onKeyUp:System handler the keyevent
E/appmanager( 2032): onClick
E/process ( 2032): step----->:prepareGoToApp:2131427332
I/tanweiwei( 2032): ************************************************
I/tanweiwei( 2032): mAttachInfo.mHasWindowFocus = true  q.mEvent.isFromSource(InputDevice.SOURCE_CLASS_POINTER) = false  isTerminalInputEvent(q.mEvent) = true
D/AppManager( 2032): prepareGoToApp
E/AppManager( 2032): launchAppWithTV:com.sharp.myapps
D/AppManager( 2032): Change to E_INPUT_SOURCE_STORAGE
D/AppManager( 2032): packageName:com.sharp.myapps;activityName:com.sharp.myapps.activity.MainActivity;parameter:null
D/AppManager( 2032): startActivity
I/ActivityManager( 1314): START u0 {act=android.intent.action.MAIN flg=0x10000000 cmp=com.sharp.myapps/.activity.MainActivity} from pid 2032
D/SurfaceFlinger(  976): mGlobalTransform change successfully has4k2kLayer= 1
V/AppManager( 2032): 
V/AppManager( 2032):   change source=====E_INPUT_SOURCE_STORAGE
I/Tools   ( 2032):         System property is : 
D/TvCommonManager( 2032): setInputSource, paras source = E_INPUT_SOURCE_STORAGE
D/SurfaceFlinger(  976): mGlobalTransform change successfully has4k2kLayer= 0
D/TvCommonClient( 1314): setAtvChannel(), paras sourcesource = 34
I/TvManager_JNI( 1314): setInputSource
D/TVResHolder( 1314): setInputSource(34) LINE:398,time:446056392
D/TvManager( 1314): TvManager setInputSource1111
I/tvos    (  983):  set TUN_GAIN_SW low 
I/tvos    (  983): SetInputSource: Gamma Correction
I/tvos    (  983): --------------------WBLinearGamma386To256--------------------
I/tvos    (  983): [0;45m [GAMMA][./src/MSrv_Picture_Customer.cpp] [SetWBLinearGamma386To256] [500][0m 
D/1105    ( 1314): LimitterHandle ecooflrate===1.0
I/tvos    (  983): [*GAMMA*] >>> ./src/MSrv_System_Database_DVB_Customer.cpp[ LoadFactoryGammaSetting ]:( 402 ) m_stFactoryExt.ePanelIndex :2
I/tvos    (  983): [*GAMMA*] >>> strCondition:PanelIndex=2 ColNum:11
I/tvos    (  983): [0;45m--------------------WBADJ Interporatio--------------------[0m 
I/tvos    (  983): [0;45m [GAMMA][./src/MSrv_Picture_Customer.cpp] [SetWBLinearGammaInterporation] [660][0m 
I/tvos    (  983):   [GAMMA]u8LowGammaPosition(28)
I/tvos    (  983):   [GAMMA]u8HiGammaPosition(c8)
I/tvos    (  983): [0;31m [Warning!!] return , Unknown IP Security=15.[0m 
I/tvos    (  983): [0;31m [Warning!!] return , Unknown IP Security=15.[0m 
I/tvos    (  983): BSND_AVC
I/tvos    (  983):  GetFactoryExtSetting PANEL_SIZE
I/tvos    (  983): SND_SetAbsoluteBass:5
I/tvos    (  983):  GetFactoryExtSetting PANEL_SIZE
I/tvos    (  983): SND_SetAbsoluteTreble:5
I/tvos    (  983): No power-off timer be trigger!!!
I/tvos    (  983): [AutoTest][SourceChange][SetInputSourceCmd START][14135478]
I/tvos    (  983): [*Sharp_DB*] ./src/MSrv_System_Database_DVB_Customer.cpp[ LoadVideoSetting ]:( 720 ) u8Index:34
E/TvManager_JNI( 1314): Unknown event '0x2000100a'
E/TvManager_JNI( 2032): Unknown event '0x2000100a'
E/TvManager_JNI( 1478): Unknown event '0x2000100a'
E/TvManager_JNI( 1608): Unknown event '0x2000100a'
E/TvManager_JNI( 2793): Unknown event '0x2000100a'
D/dalvikvm( 1314): GC_FOR_ALLOC freed 668K, 33% free 8069K/11900K, paused 50ms, total 52ms
I/tvos    (  983): [*Sharp_DB*] LoadVideoSetting 769 
I/tvos    (  983): [*Sharp_DB*] [u8Index: 34] [enARCType : 1]
I/tvos    (  983): [*Sharp_DB*] [u8Index: 34] [enARCType_SD : 3]
I/tvos    (  983): [*Sharp_DB*] [u8Index: 34] [enARCType_HD_720 : 1]
I/tvos    (  983): [*Sharp_DB*] [u8Index: 34] [enARCType_HD_1080 : 1]
I/tvos    (  983): [*Sharp_DB*] [u8Index: 34] [enARCType_DVI : 1]
I/tvos    (  983): [CEC] msAPI_CEC_SetMyPhyAddr
I/tvos    (  983): [CEC] !H&!H msAPI_CEC_RoutingSourceChange->TxMsgActiveSource
I/tvos    (  983): [AutoTest][SourceChange][player finalize START][14135534]
I/tvos    (  983): Send EVENT_NOTIFY_TEMPLATE
I/tvos    (  983): [0;45m [WDT_CLR][./src/MSrv_Control_common.cpp] [HeartBeatMonitor] [4102][0m 
D/dalvikvm( 1314): GC_FOR_ALLOC freed 590K, 35% free 7753K/11900K, paused 44ms, total 45ms
D/1105    ( 1314): LimitterHandle ecooflrate===1.0
D/AppManager( 2032): overridePendingTransition--not PACKAGE_TV
D/AppManager( 2032): onPause() ----send broadcast onResumeKeys
I/WindowManager( 1314): mKeyEnableReceiver action = set_key_enable
W/ContextImpl( 2032): Calling a method in the system process without a qualified user: android.app.ContextImpl.sendBroadcast:1042 android.content.ContextWrapper.sendBroadcast:344 com.sharp.launcher.activity.MainActivity.onPause:243 android.app.Activity.performPause:5235 android.app.Instrumentation.callActivityOnPause:1233 
V/ActivityManager( 1314): r2) packageName=com.sharp.myapps finishing=false
V/ActivityManager( 1314): r1) packageName=com.sharp.launcher finishing=false
V/ActivityManager( 1314): add to pkglist=com.antutu.ABenchMark
V/ActivityManager( 1314): add to pkglist=com.android.browser
I/tvos    (  983): Unknow Input Type 
I/PlayerImpl_JNI( 1478): isSignalStable
I/ActivityManager( 1314): /system/bin/sh /system/etc/specify_mem_location.sh falseset memory location done
I/MyApps oncreat( 1552): ON CREAT START!
V/ActivityManager( 1314): add to pkglist=com.antutu.ABenchMark
V/ActivityManager( 1314): add to pkglist=com.android.browser
I/tvos    (  983): [AutoTest][SourceChange][player finalize END][14135642]
I/tvos    (  983): [AutoTest][SourceChange][player init START][14135642]
I/tvos    (  983): [HAL_TSP_CPU_SetBase][3076] load firmware (address, size) = (0x10300000, 0x00005400)
I/tvos    (  983): firmware 111 0x10300000 0x00000010 0x00003000
I/tvos    (  983): MApi_DMX_GetCap...........................................64
I/tvos    (  983): MM not support PIP now
I/tvos    (  983): [CEC] Non-adjacent ARC device exist
D/1105    ( 1314): LimitterHandle ecooflrate===1.0
I/tanweiwei( 2032): windowFocusChanged has been called hasFocus = false
I/tvos    (  983): BW Window:0, PQSource:0, Hsize:0, Vsize: 0, interlace:0, Vfreq=0
I/tvos    (  983): Read Bandwidthtable.bin
I/tvos    (  983): [AutoTest][SourceChange][player init END][14135678]
I/tvos    (  983): ===== Check Audio Decoder Protection from hash-key IP =====
I/tvos    (  983): Hash-key Support DD.
I/tvos    (  983): Hash-key Support DD+.
I/tvos    (  983): Hash-key Support Generic HE-AAC.
I/tvos    (  983): Hash-key Support DTS DMP.
I/tvos    (  983): Hash-key Support WMA.
I/tvos    (  983): Hash-key Support DRA.
I/tvos    (  983): Hash Key Check SRS_TSHD Fail, no SRS_TSHD license!!
I/tvos    (  983): Hash Key Check SRS_THEATERSOUND Fail, no SRS_THEATERSOUND license!!
I/tvos    (  983): Hash Key Check DTS_StudioSound3D Fail, no DTS_StudioSound3D license!!
I/tvos    (  983): Hash-key Support COOK.
I/tvos    (  983): ===== Check Protection IP End                         =====
I/tvos    (  983): Audio DSP1 code is same(0x3), no need to reload
I/tvos    (  983):  GetFactoryExtSetting PANEL_SIZE
I/tvos    (  983): [*Sharp_Audio*] >>> ./src/MSrv_SSSound_Customer.cpp[ SetAbsoluteVolume ]:( 258 ) u8SpeakerVolume : 11
I/tvos    (  983): [*Sharp_Audio*] >>> ./src/MSrv_SSSound_Customer.cpp[ SetAbsoluteVolume ]:( 259 ) u8HPVolume : 11
I/tvos    (  983): [*Sharp_Audio*] >>> ./src/MSrv_SSSound_Customer.cpp[ SetAbsoluteVolume ]:( 260 ) u8AudioOutVolume : 0
I/tvos    (  983): update UHD Speaker volume 11
I/tvos    (  983): update UHD HP volume 11
I/tvos    (  983): update UHD HP volume 11
D/dalvikvm( 1552): GC_CONCURRENT freed 24881K, 72% free 10684K/37904K, paused 6ms+4ms, total 44ms
I/tvos    (  983): delay should be great  than 20ms. 
I/ActivityManager( 1314): /system/bin/sh /system/etc/specify_mem_location.sh falseset memory location done
I/PlayerImpl_JNI( 1314): isSignalStable
D/1105    ( 1314): LimitterHandle ecooflrate===1.0
I/tanweiwei( 2032): MSG_WINDOW_FOCUS_CHANGED has been received
I/tvos    (  983): [AutoTest][SourceChange][SetInputSourceCmd END][14135788]
I/tvos    (  983): Detect >>>>>>>>>>>>>>>> Signal Locked!!!
V/RMClient( 1314): #1:RMClient::returnAllResourcesAsync
I/AblHandler( 1314): bLunch: false bUnderTvApp: false bLunchTVUI:false bFactoryMode:false bKMode:false
V/RMClient( 1314): #1:onMessageReceived cret
V/RMClient( 1314): #1:kWhatCmdReturnAllResources
V/RMClient( 1314): #1:Done
V/RMAllocator(  973): Deallocating resources for #1
V/RMAllocator(  973): ~ClientInfo
I/RMAllocator(  973): ~ClientInfo this=1107446800,mRMClient=1107446576. id=1
W/RMAllocator(  973): returnAllResourcesFor: not registered, nothing to do
V/RMClient( 1314): #1:handleEvent lret
V/RMClient( 1314): #1:onMessageReceived lret
V/RMClient( 1314): #1:kWhatAllResourcesReturned
V/RMClient( 1314): #1:Done
V/RootActivity( 1478): .....sendBroadcast......no_signal_disappear 
D/EcoThread( 1314): not standard of AV mode
D/1105    ( 1314): ++timerdiff >= mTimerDiffTh/POLLING_INTERVAL_MS; 11111
I/EcoThread( 1314): EcoModeFlag == false
D/1105    ( 1314): EcoThread,checkOflMode(); 11111
D/1105    ( 1314): EcoThread,while....
W/ContextImpl( 1478): Calling a method in the system process without a qualified user: android.app.ContextImpl.sendBroadcast:1042 android.content.ContextWrapper.sendBroadcast:344 mstar.tvsetting.ui.RootActivity$MyHandler.handleMessage:3625 android.os.Handler.dispatchMessage:99 android.os.Looper.loop:137 
I/RootActivity( 1478): runnable:   Input changed, need reset active contrast !!!!!!!
I/PlayerImpl_JNI( 1478): getVideoInfo
D/1105    ( 1314): AblHandler  modeValue:0
I/pack    ( 1478): taskList.size() = 3
I/pack    ( 1478): y:0  , packageName_2 = com.sharp.myapps
I/pack    ( 1478): y:1  , packageName_2 = com.sharp.launcher
I/pack    ( 1478): y:2  , packageName_2 = com.android.settings
I/pack    ( 1478): ***top activity package=com.sharp.myapps
I/pack    ( 1478): ***top activity class=com.sharp.myapps.activity.MainActivity
D/1105    ( 1314): LimitterHandle ecooflrate===1.0
D/1105    ( 1314): LimitterHandle ecooflrate===1.0
D/1105    ( 1314): LimitterHandle ecooflrate===1.0
D/1105    ( 1314): LimitterHandle ecooflrate===1.0
V/AppManager( 2032): Sky3DHomeActivity enable_homekey
D/1105    ( 1314): LimitterHandle ecooflrate===1.0
I/PlayerImpl_JNI( 1314): isSignalStable
I/AblHandler( 1314): bLunch: false bUnderTvApp: false bLunchTVUI:false bFactoryMode:false bKMode:false
D/1105    ( 1314): AblHandler  modeValue:0
D/dalvikvm( 1552): GC_CONCURRENT freed 1613K, 70% free 11706K/37904K, paused 2ms+7ms, total 26ms
D/EcoThread( 1314): not standard of AV mode
D/1105    ( 1314): EcoThread,while....
I/tanweiwei( 1552): windowFocusChanged has been called hasFocus = true
I/PlayerImpl_JNI( 1478): isSignalStable
I/PlayerImpl_JNI( 1478): getVideoInfo
I/pack    ( 1478): taskList.size() = 3
I/pack    ( 1478): y:0  , packageName_2 = com.sharp.myapps
I/pack    ( 1478): y:1  , packageName_2 = com.sharp.launcher
I/pack    ( 1478): y:2  , packageName_2 = com.android.settings
I/pack    ( 1478): ***top activity package=com.sharp.myapps
I/pack    ( 1478): ***top activity class=com.sharp.myapps.activity.MainActivity
D/myapp1118( 1552): 000000000000000
D/myapp1118( 1552): mFavoriteApkList:com.sharp.userguide
D/myapp1118( 1552): mFavoriteApkList:com.autonavi.tvapp
D/myapp1118( 1552): mFavoriteApkList:com.android.dazhihui
D/myapp1118( 1552): mFavoriteApkList:com.sharp.camera
D/myapp1118( 1552): mFavoriteApkList:cn.wps.moffice_i18n_TV
D/myapp1118( 1552): 111111111111111
D/myapp1118( 1552): mDefaultApkList:com.sharp.userguide
D/myapp1118( 1552): mDefaultApkList:com.sharp.camera
D/myapp1118( 1552): mDefaultApkList:com.android.dazhihui
D/myapp1118( 1552): mDefaultApkList:com.autonavi.tvapp
D/myapp1118( 1552): mDefaultApkList:cn.wps.moffice_i18n_TV
D/myapp1118( 1552): 222222222222222
I/MyApps sharedpreferences :( 1552): com.bestv.nba
I/MyApps sharedpreferences :( 1552): bestv.ott.action.yingchao
I/MyApps recommend App:( 1552): com.bestv.nba
I/MyApps recommend App:( 1552): com.bestv.yingchao
I/Hide BesTV App:( 1552): com.bestv.nba
I/Hide BesTV App:( 1552): com.bestv.yingchao
D/1105    ( 1314): LimitterHandle ecooflrate===1.0
I/MyApps:select =( 1552): select * from appLaunchCountList where pkgname = ?
I/MyApps:select =( 1552): select * from appLaunchCountList where pkgname = ?
D/1105    ( 1314): LimitterHandle ecooflrate===1.0
I/MyApps:select =( 1552): select * from appLaunchCountList where pkgname = ?
I/tanweiwei( 1552): MSG_WINDOW_FOCUS_CHANGED has been received
D/1105    ( 1314): LimitterHandle ecooflrate===1.0
D/dalvikvm( 1552): GC_FOR_ALLOC freed 294K, 67% free 12878K/37904K, paused 16ms, total 16ms
I/dalvikvm-heap( 1552): Grow heap (frag case) to 18.011MB for 5364016-byte allocation
D/dalvikvm( 1552): GC_FOR_ALLOC freed 2K, 53% free 18114K/37904K, paused 16ms, total 16ms
D/dalvikvm( 1552): GC_CONCURRENT freed 5K, 52% free 18252K/37904K, paused 3ms+2ms, total 19ms
I/MyApps:select =( 1552): select * from appLaunchCountList where pkgname = ?
D/1105    ( 1314): LimitterHandle ecooflrate===1.0
I/MyApps:select =( 1552): select * from appLaunchCountList where pkgname = ?
I/ActivityManager( 1314): Displayed com.sharp.myapps/.activity.MainActivity: +1s125ms
I/MyApps:select =( 1552): select * from appLaunchCountList where pkgname = ?
D/AppManager( 2032): Main-Activity-onStop
I/PlayerImpl_JNI( 1314): isSignalStable
D/1105    ( 1314): LimitterHandle ecooflrate===1.0
I/AblHandler( 1314): bLunch: false bUnderTvApp: false bLunchTVUI:false bFactoryMode:false bKMode:false
D/1105    ( 1314): AblHandler  modeValue:0
D/EcoThread( 1314): not standard of AV mode
D/1105    ( 1314): ++timerdiff >= mTimerDiffTh/POLLING_INTERVAL_MS; 11111
I/EcoThread( 1314): EcoModeFlag == false
D/1105    ( 1314): EcoThread,checkOflMode(); 11111
D/1105    ( 1314): EcoThread,while....
I/PlayerImpl_JNI( 1478): isSignalStable
I/PlayerImpl_JNI( 1478): getVideoInfo
I/pack    ( 1478): taskList.size() = 3
I/pack    ( 1478): y:0  , packageName_2 = com.sharp.myapps
I/pack    ( 1478): y:1  , packageName_2 = com.sharp.launcher
I/pack    ( 1478): y:2  , packageName_2 = com.android.settings
I/pack    ( 1478): ***top activity package=com.sharp.myapps
I/pack    ( 1478): ***top activity class=com.sharp.myapps.activity.MainActivity
D/1105    ( 1314): LimitterHandle ecooflrate===1.0
I/TEST    ( 1478): GetActiveContrast ... eActiveContrast = 0
E/USP     ( 1492): ~~~~~~~~~@@@@ now updating content://mstar.tv.usersetting/picmode_setting/inputsrc/1/picmode/2
E/USP     ( 1492): ~~~~~~~~~@@@@ now updating u8Brightness=30 eDynamicBacklight=0 eColorTemp=1 eDynamicContrast=0 u8Hue=30 eVibrantColour=0 u8Contrast=30 eNR=4 u8Saturation=38 u8Sharpness=12 ePerfectClear=0 u8Backlight=100 eActiveContrast=0
I/tanweiwei( 1478): thread name = tv_db_handlerThread
E/DataBaseDeskImpl( 1478): ===========>>>> now change Index = 34
E/USP     ( 1492): ~~~~~~~~~@@@@ now updating content://mstar.tv.usersetting/picmode_setting/inputsrc/28/picmode/2
E/USP     ( 1492): ~~~~~~~~~@@@@ now updating u8Brightness=30 eDynamicBacklight=0 eColorTemp=1 eDynamicContrast=0 u8Hue=30 eVibrantColour=0 u8Contrast=30 eNR=4 u8Saturation=38 u8Sharpness=12 ePerfectClear=0 u8Backlight=100 eActiveContrast=0
I/tanweiwei( 1478): thread name = tv_db_handlerThread
E/DataBaseDeskImpl( 1478): ===========>>>> now change Index = 34
E/USP     ( 1492): ~~~~~~~~~@@@@ now updating content://mstar.tv.usersetting/picmode_setting/inputsrc/23/picmode/2
E/USP     ( 1492): ~~~~~~~~~@@@@ now updating u8Brightness=30 eDynamicBacklight=0 eColorTemp=1 eDynamicContrast=0 u8Hue=30 eVibrantColour=0 u8Contrast=30 eNR=4 u8Saturation=38 u8Sharpness=12 ePerfectClear=0 u8Backlight=100 eActiveContrast=0
I/tanweiwei( 1478): thread name = tv_db_handlerThread
E/DataBaseDeskImpl( 1478): ===========>>>> now change Index = 34
E/USP     ( 1492): ~~~~~~~~~@@@@ now updating content://mstar.tv.usersetting/picmode_setting/inputsrc/24/picmode/2
E/USP     ( 1492): ~~~~~~~~~@@@@ now updating u8Brightness=30 eDynamicBacklight=0 eColorTemp=1 eDynamicContrast=0 u8Hue=30 eVibrantColour=0 u8Contrast=30 eNR=4 u8Saturation=38 u8Sharpness=12 ePerfectClear=0 u8Backlight=100 eActiveContrast=0
I/tanweiwei( 1478): thread name = tv_db_handlerThread
E/DataBaseDeskImpl( 1478): ===========>>>> now change Index = 34
D/1105    ( 1314): LimitterHandle ecooflrate===1.0
E/USP     ( 1492): ~~~~~~~~~@@@@ now updating content://mstar.tv.usersetting/picmode_setting/inputsrc/25/picmode/2
E/USP     ( 1492): ~~~~~~~~~@@@@ now updating u8Brightness=30 eDynamicBacklight=0 eColorTemp=1 eDynamicContrast=0 u8Hue=30 eVibrantColour=0 u8Contrast=30 eNR=4 u8Saturation=38 u8Sharpness=12 ePerfectClear=0 u8Backlight=100 eActiveContrast=0
I/tanweiwei( 1478): thread name = tv_db_handlerThread
E/DataBaseDeskImpl( 1478): ===========>>>> now change Index = 34
E/USP     ( 1492): ~~~~~~~~~@@@@ now updating content://mstar.tv.usersetting/picmode_setting/inputsrc/16/picmode/2
E/USP     ( 1492): ~~~~~~~~~@@@@ now updating u8Brightness=30 eDynamicBacklight=0 eColorTemp=1 eDynamicContrast=0 u8Hue=30 eVibrantColour=0 u8Contrast=30 eNR=4 u8Saturation=38 u8Sharpness=12 ePerfectClear=0 u8Backlight=100 eActiveContrast=0
I/MyApps:select =( 1552): select * from appLaunchCountList where pkgname = ?
I/tanweiwei( 1478): thread name = tv_db_handlerThread
E/DataBaseDeskImpl( 1478): ===========>>>> now change Index = 34
I/MyApps:select =( 1552): select * from appLaunchCountList where pkgname = ?
I/MyApps:select =( 1552): select * from appLaunchCountList where pkgname = ?
E/USP     ( 1492): ~~~~~~~~~@@@@ now updating content://mstar.tv.usersetting/picmode_setting/inputsrc/2/picmode/2
D/dalvikvm( 1492): GC_CONCURRENT freed 413K, 22% free 2753K/3524K, paused 2ms+2ms, total 32ms
I/MyApps:select =( 1552): select * from appLaunchCountList where pkgname = ?
E/USP     ( 1492): ~~~~~~~~~@@@@ now updating u8Brightness=30 eDynamicBacklight=0 eColorTemp=1 eDynamicContrast=0 u8Hue=30 eVibrantColour=0 u8Contrast=30 eNR=4 u8Saturation=38 u8Sharpness=12 ePerfectClear=0 u8Backlight=100 eActiveContrast=0
I/tanweiwei( 1478): thread name = tv_db_handlerThread
E/DataBaseDeskImpl( 1478): ===========>>>> now change Index = 34
I/TEST    ( 1478): ===========>>>>updateVideoAstPicture , NOT USER mode, Finished update------------------- 
I/DatabaseManager_JNI( 1478): setDatabaseDirtyByApplication
I/PictureManager_JNI( 1478): disableDlc
I/MyApps:select =( 1552): select * from appLaunchCountList where pkgname = ?
I/PictureManager_JNI( 1478): setBacklight
I/tvos    (  983): @@@MSrv_System_Database::GetVideoSetting[*Sharp_DB*] ./src/MSrv_System_Database_DVB_Customer.cpp[ LoadVideoSetting ]:( 720 ) u8Index:34
D/1105    ( 1314): LimitterHandle ecooflrate===1.0
I/MyApps:select =( 1552): select * from appLaunchCountList where pkgname = ?
D/dalvikvm( 1552): GC_CONCURRENT freed 324K, 40% free 23087K/37904K, paused 2ms+4ms, total 31ms
I/tvos    (  983): [*Sharp_DB*] LoadVideoSetting 769 
I/tvos    (  983): [*Sharp_DB*] [u8Index: 34] [enARCType : 1]
I/tvos    (  983): [*Sharp_DB*] [u8Index: 34] [enARCType_SD : 3]
I/tvos    (  983): [*Sharp_DB*] [u8Index: 34] [enARCType_HD_720 : 1]
I/tvos    (  983): [*Sharp_DB*] [u8Index: 34] [enARCType_HD_1080 : 1]
I/tvos    (  983): [*Sharp_DB*] [u8Index: 34] [enARCType_DVI : 1]
I/tvos    (  983): [BACKLIGHT] SetBacklightCtrlMode, eBLCtrlMode :0, Osd :100, Picture Mode :2, Scan : 0, Freeze :0, AC : 0
I/MyApps:select =( 1552): select * from appLaunchCountList where pkgname = ?
I/TEST    ( 1478): setBacklight ... newPara = 100
I/TEST    ( 1478): SetActiveContrast ... value = 0
I/MyApps:select =( 1552): select * from appLaunchCountList where pkgname = ?
I/MyApps:select =( 1552): select * from appLaunchCountList where pkgname = ?
D/1105    ( 1314): LimitterHandle ecooflrate===1.0
D/dalvikvm( 1552): GC_FOR_ALLOC freed 102K, 28% free 27293K/37904K, paused 19ms, total 19ms
D/1105    ( 1314): LimitterHandle ecooflrate===1.0
I/PlayerImpl_JNI( 1314): isSignalStable
I/AblHandler( 1314): bLunch: false bUnderTvApp: false bLunchTVUI:false bFactoryMode:false bKMode:false
E/USP     ( 1492): ~~~~~~~~~@@@@ now updating content://mstar.tv.usersetting/picmode_setting/inputsrc/34/picmode/2
E/USP     ( 1492): ~~~~~~~~~@@@@ now updating u8Brightness=30 eDynamicBacklight=0 eColorTemp=1 eDynamicContrast=0 u8Hue=30 eVibrantColour=0 u8Contrast=30 eNR=4 u8Saturation=38 u8Sharpness=12 ePerfectClear=0 u8Backlight=100 eActiveContrast=0
I/tanweiwei( 1478): thread name = tv_db_handlerThread
E/DataBaseDeskImpl( 1478): ===========>>>> now change Index = 34
I/dalvikvm-heap( 1552): Grow heap (frag case) to 35.972MB for 9437200-byte allocation
D/1105    ( 1314): AblHandler  modeValue:0
D/EcoThread( 1314): not standard of AV mode
D/1105    ( 1314): EcoThread,while....
I/PlayerImpl_JNI( 1478): isSignalStable
D/dalvikvm( 1552): GC_FOR_ALLOC freed 2K, 23% free 36507K/47124K, paused 19ms, total 19ms
I/PlayerImpl_JNI( 1478): getVideoInfo
I/pack    ( 1478): taskList.size() = 3
I/pack    ( 1478): y:0  , packageName_2 = com.sharp.myapps
I/pack    ( 1478): y:1  , packageName_2 = com.sharp.launcher
I/pack    ( 1478): y:2  , packageName_2 = com.android.settings
I/pack    ( 1478): ***top activity package=com.sharp.myapps
I/pack    ( 1478): ***top activity class=com.sharp.myapps.activity.MainActivity
D/dalvikvm( 1552): GC_CONCURRENT freed 0K, 23% free 36507K/47124K, paused 4ms+2ms, total 25ms
D/1105    ( 1314): LimitterHandle ecooflrate===1.0
I/MyApps:select =( 1552): select * from appLaunchCountList where pkgname = ?
I/tanweiwei( 1552): windowFocusChanged has been called hasFocus = true
I/tanweiwei( 1552): windowFocusChanged has been called hasFocus = false
D/1105    ( 1314): LimitterHandle ecooflrate===1.0
I/tanweiwei( 1552): MSG_WINDOW_FOCUS_CHANGED has been received
W/InputMethodManagerService( 1314): Window already focused, ignoring focus gain of: com.android.internal.view.IInputMethodClient$Stub$Proxy@42584ae0 attribute=null, token = android.os.BinderProxy@426065b8
D/1105    ( 1314): LimitterHandle ecooflrate===1.0
D/1105    ( 1314): LimitterHandle ecooflrate===1.0
D/UpdateCheckService( 2006): alive
I/PlayerImpl_JNI( 1314): isSignalStable
D/1105    ( 1314): LimitterHandle ecooflrate===1.0
I/AblHandler( 1314): bLunch: false bUnderTvApp: false bLunchTVUI:false bFactoryMode:false bKMode:false
D/1105    ( 1314): AblHandler  modeValue:0
D/EcoThread( 1314): not standard of AV mode
D/1105    ( 1314): ++timerdiff >= mTimerDiffTh/POLLING_INTERVAL_MS; 11111
I/EcoThread( 1314): EcoModeFlag == false
D/1105    ( 1314): EcoThread,checkOflMode(); 11111
D/1105    ( 1314): EcoThread,while....
I/PlayerImpl_JNI( 1478): isSignalStable
I/PlayerImpl_JNI( 1478): getVideoInfo
I/pack    ( 1478): taskList.size() = 3
I/pack    ( 1478): y:0  , packageName_2 = com.sharp.myapps
I/pack    ( 1478): y:1  , packageName_2 = com.sharp.launcher
I/pack    ( 1478): y:2  , packageName_2 = com.android.settings
I/pack    ( 1478): ***top activity package=com.sharp.myapps
I/pack    ( 1478): ***top activity class=com.sharp.myapps.activity.MainActivity
D/1105    ( 1314): LimitterHandle ecooflrate===1.0
I/TEST    ( 1478): GetActiveContrast ... eActiveContrast = 0
E/USP     ( 1492): ~~~~~~~~~@@@@ now updating content://mstar.tv.usersetting/picmode_setting/inputsrc/1/picmode/2
E/USP     ( 1492): ~~~~~~~~~@@@@ now updating u8Brightness=30 eDynamicBacklight=0 eColorTemp=1 eDynamicContrast=0 u8Hue=30 eVibrantColour=0 u8Contrast=30 eNR=4 u8Saturation=38 u8Sharpness=12 ePerfectClear=0 u8Backlight=100 eActiveContrast=0
I/tanweiwei( 1478): thread name = tv_db_handlerThread
E/DataBaseDeskImpl( 1478): ===========>>>> now change Index = 34
E/USP     ( 1492): ~~~~~~~~~@@@@ now updating content://mstar.tv.usersetting/picmode_setting/inputsrc/28/picmode/2
E/USP     ( 1492): ~~~~~~~~~@@@@ now updating u8Brightness=30 eDynamicBacklight=0 eColorTemp=1 eDynamicContrast=0 u8Hue=30 eVibrantColour=0 u8Contrast=30 eNR=4 u8Saturation=38 u8Sharpness=12 ePerfectClear=0 u8Backlight=100 eActiveContrast=0
I/tanweiwei( 1478): thread name = tv_db_handlerThread
E/DataBaseDeskImpl( 1478): ===========>>>> now change Index = 34
E/USP     ( 1492): ~~~~~~~~~@@@@ now updating content://mstar.tv.usersetting/picmode_setting/inputsrc/23/picmode/2
E/USP     ( 1492): ~~~~~~~~~@@@@ now updating u8Brightness=30 eDynamicBacklight=0 eColorTemp=1 eDynamicContrast=0 u8Hue=30 eVibrantColour=0 u8Contrast=30 eNR=4 u8Saturation=38 u8Sharpness=12 ePerfectClear=0 u8Backlight=100 eActiveContrast=0
I/tanweiwei( 1478): thread name = tv_db_handlerThread
E/DataBaseDeskImpl( 1478): ===========>>>> now change Index = 34
E/USP     ( 1492): ~~~~~~~~~@@@@ now updating content://mstar.tv.usersetting/picmode_setting/inputsrc/24/picmode/2
E/USP     ( 1492): ~~~~~~~~~@@@@ now updating u8Brightness=30 eDynamicBacklight=0 eColorTemp=1 eDynamicContrast=0 u8Hue=30 eVibrantColour=0 u8Contrast=30 eNR=4 u8Saturation=38 u8Sharpness=12 ePerfectClear=0 u8Backlight=100 eActiveContrast=0
I/tanweiwei( 1478): thread name = tv_db_handlerThread
E/DataBaseDeskImpl( 1478): ===========>>>> now change Index = 34
E/USP     ( 1492): ~~~~~~~~~@@@@ now updating content://mstar.tv.usersetting/picmode_setting/inputsrc/25/picmode/2
E/USP     ( 1492): ~~~~~~~~~@@@@ now updating u8Brightness=30 eDynamicBacklight=0 eColorTemp=1 eDynamicContrast=0 u8Hue=30 eVibrantColour=0 u8Contrast=30 eNR=4 u8Saturation=38 u8Sharpness=12 ePerfectClear=0 u8Backlight=100 eActiveContrast=0
I/tanweiwei( 1478): thread name = tv_db_handlerThread
E/DataBaseDeskImpl( 1478): ===========>>>> now change Index = 34
E/USP     ( 1492): ~~~~~~~~~@@@@ now updating content://mstar.tv.usersetting/picmode_setting/inputsrc/16/picmode/2
E/USP     ( 1492): ~~~~~~~~~@@@@ now updating u8Brightness=30 eDynamicBacklight=0 eColorTemp=1 eDynamicContrast=0 u8Hue=30 eVibrantColour=0 u8Contrast=30 eNR=4 u8Saturation=38 u8Sharpness=12 ePerfectClear=0 u8Backlight=100 eActiveContrast=0
I/tanweiwei( 1478): thread name = tv_db_handlerThread
E/DataBaseDeskImpl( 1478): ===========>>>> now change Index = 34
E/USP     ( 1492): ~~~~~~~~~@@@@ now updating content://mstar.tv.usersetting/picmode_setting/inputsrc/2/picmode/2
E/USP     ( 1492): ~~~~~~~~~@@@@ now updating u8Brightness=30 eDynamicBacklight=0 eColorTemp=1 eDynamicContrast=0 u8Hue=30 eVibrantColour=0 u8Contrast=30 eNR=4 u8Saturation=38 u8Sharpness=12 ePerfectClear=0 u8Backlight=100 eActiveContrast=0
I/tanweiwei( 1478): thread name = tv_db_handlerThread
I/TEST    ( 1478): ===========>>>>updateVideoAstPicture , NOT USER mode, Finished update------------------- 
I/DatabaseManager_JNI( 1478): setDatabaseDirtyByApplication
E/DataBaseDeskImpl( 1478): ===========>>>> now change Index = 34
I/PictureManager_JNI( 1478): disableDlc
I/PictureManager_JNI( 1478): setBacklight
I/tvos    (  983): @@@MSrv_System_Database::GetVideoSetting[*Sharp_DB*] ./src/MSrv_System_Database_DVB_Customer.cpp[ LoadVideoSetting ]:( 720 ) u8Index:34
D/1105    ( 1314): LimitterHandle ecooflrate===1.0
I/tvos    (  983): [*Sharp_DB*] LoadVideoSetting 769 
I/tvos    (  983): [*Sharp_DB*] [u8Index: 34] [enARCType : 1]
I/tvos    (  983): [*Sharp_DB*] [u8Index: 34] [enARCType_SD : 3]
I/tvos    (  983): [*Sharp_DB*] [u8Index: 34] [enARCType_HD_720 : 1]
I/tvos    (  983): [*Sharp_DB*] [u8Index: 34] [enARCType_HD_1080 : 1]
I/tvos    (  983): [*Sharp_DB*] [u8Index: 34] [enARCType_DVI : 1]
I/tvos    (  983): [BACKLIGHT] SetBacklightCtrlMode, eBLCtrlMode :0, Osd :100, Picture Mode :2, Scan : 0, Freeze :0, AC : 0
I/TEST    ( 1478): setBacklight ... newPara = 100
I/TEST    ( 1478): SetActiveContrast ... value = 0
D/1105    ( 1314): LimitterHandle ecooflrate===1.0
D/1105    ( 1314): LimitterHandle ecooflrate===1.0
E/USP     ( 1492): ~~~~~~~~~@@@@ now updating content://mstar.tv.usersetting/picmode_setting/inputsrc/34/picmode/2
E/USP     ( 1492): ~~~~~~~~~@@@@ now updating u8Brightness=30 eDynamicBacklight=0 eColorTemp=1 eDynamicContrast=0 u8Hue=30 eVibrantColour=0 u8Contrast=30 eNR=4 u8Saturation=38 u8Sharpness=12 ePerfectClear=0 u8Backlight=100 eActiveContrast=0
I/tanweiwei( 1478): thread name = tv_db_handlerThread
E/DataBaseDeskImpl( 1478): ===========>>>> now change Index = 34
I/PlayerImpl_JNI( 1314): isSignalStable
D/1105    ( 1314): LimitterHandle ecooflrate===1.0
I/AblHandler( 1314): bLunch: false bUnderTvApp: false bLunchTVUI:false bFactoryMode:false bKMode:false
D/1105    ( 1314): AblHandler  modeValue:0
D/dalvikvm( 1492): GC_CONCURRENT freed 468K, 26% free 2683K/3596K, paused 1ms+1ms, total 14ms
D/dalvikvm( 1492): WAIT_FOR_CONCURRENT_GC blocked 2ms
D/EcoThread( 1314): not standard of AV mode
D/1105    ( 1314): EcoThread,while....
I/PlayerImpl_JNI( 1478): isSignalStable
I/PlayerImpl_JNI( 1478): getVideoInfo
I/pack    ( 1478): taskList.size() = 3
I/pack    ( 1478): y:0  , packageName_2 = com.sharp.myapps
I/pack    ( 1478): y:1  , packageName_2 = com.sharp.launcher
I/pack    ( 1478): y:2  , packageName_2 = com.android.settings
I/pack    ( 1478): ***top activity package=com.sharp.myapps
I/pack    ( 1478): ***top activity class=com.sharp.myapps.activity.MainActivity
D/1105    ( 1314): LimitterHandle ecooflrate===1.0
