--------- beginning of /dev/log/main
D/1105    ( 1314): LimitterHandle ecooflrate===1.0
D/1105    ( 1314): LimitterHandle ecooflrate===1.0
I/PlayerImpl_JNI( 1314): isSignalStable
D/1105    ( 1314): LimitterHandle ecooflrate===1.0
I/AblHandler( 1314): bLunch: false bUnderTvApp: false bLunchTVUI:false bFactoryMode:false bKMode:false
D/1105    ( 1314): AblHandler  modeValue:0
I/PlayerImpl_JNI( 1478): isSignalStable
I/PlayerImpl_JNI( 1478): getVideoInfo
I/pack    ( 1478): taskList.size() = 3
I/pack    ( 1478): y:0  , packageName_2 = tv.ismar.daisy
I/pack    ( 1478): y:1  , packageName_2 = com.sharp.launcher
I/pack    ( 1478): y:2  , packageName_2 = com.android.settings
I/pack    ( 1478): ***top activity package=tv.ismar.daisy
I/pack    ( 1478): ***top activity class=tv.ismar.daisy.ui.activity.TVGuideActivity
D/1105    ( 1314): LimitterHandle ecooflrate===1.0
D/1105    ( 1314): LimitterHandle ecooflrate===1.0
D/EcoThread( 1314): not standard of AV mode
D/1105    ( 1314): ++timerdiff >= mTimerDiffTh/POLLING_INTERVAL_MS; 11111
I/EcoThread( 1314): EcoModeFlag == false
D/1105    ( 1314): EcoThread,checkOflMode(); 11111
D/1105    ( 1314): EcoThread,while....
D/1105    ( 1314): LimitterHandle ecooflrate===1.0
D/1105    ( 1314): LimitterHandle ecooflrate===1.0
I/PlayerImpl_JNI( 1314): isSignalStable
D/1105    ( 1314): LimitterHandle ecooflrate===1.0
I/AblHandler( 1314): bLunch: false bUnderTvApp: false bLunchTVUI:false bFactoryMode:false bKMode:false
D/1105    ( 1314): AblHandler  modeValue:0
I/PlayerImpl_JNI( 1478): isSignalStable
I/PlayerImpl_JNI( 1478): getVideoInfo
I/pack    ( 1478): taskList.size() = 3
I/pack    ( 1478): y:0  , packageName_2 = tv.ismar.daisy
I/pack    ( 1478): y:1  , packageName_2 = com.sharp.launcher
I/pack    ( 1478): y:2  , packageName_2 = com.android.settings
I/pack    ( 1478): ***top activity package=tv.ismar.daisy
I/pack    ( 1478): ***top activity class=tv.ismar.daisy.ui.activity.TVGuideActivity
D/1105    ( 1314): LimitterHandle ecooflrate===1.0
D/1105    ( 1314): LimitterHandle ecooflrate===1.0
D/EcoThread( 1314): not standard of AV mode
D/1105    ( 1314): EcoThread,while....
D/1105    ( 1314): LimitterHandle ecooflrate===1.0
D/1105    ( 1314): LimitterHandle ecooflrate===1.0
D/1105    ( 1314): LimitterHandle ecooflrate===1.0
I/PlayerImpl_JNI( 1314): isSignalStable
I/AblHandler( 1314): bLunch: false bUnderTvApp: false bLunchTVUI:false bFactoryMode:false bKMode:false
D/1105    ( 1314): AblHandler  modeValue:0
I/PlayerImpl_JNI( 1478): isSignalStable
I/PlayerImpl_JNI( 1478): getVideoInfo
I/pack    ( 1478): taskList.size() = 3
I/pack    ( 1478): y:0  , packageName_2 = tv.ismar.daisy
I/pack    ( 1478): y:1  , packageName_2 = com.sharp.launcher
I/pack    ( 1478): y:2  , packageName_2 = com.android.settings
I/pack    ( 1478): ***top activity package=tv.ismar.daisy
I/pack    ( 1478): ***top activity class=tv.ismar.daisy.ui.activity.TVGuideActivity
D/1105    ( 1314): LimitterHandle ecooflrate===1.0
D/1105    ( 1314): LimitterHandle ecooflrate===1.0
D/EcoThread( 1314): not standard of AV mode
D/1105    ( 1314): ++timerdiff >= mTimerDiffTh/POLLING_INTERVAL_MS; 11111
I/EcoThread( 1314): EcoModeFlag == false
D/1105    ( 1314): EcoThread,checkOflMode(); 11111
D/1105    ( 1314): EcoThread,while....
D/1105    ( 1314): LimitterHandle ecooflrate===1.0
D/1105    ( 1314): LimitterHandle ecooflrate===1.0
I/PlayerImpl_JNI( 1314): isSignalStable
D/1105    ( 1314): LimitterHandle ecooflrate===1.0
I/AblHandler( 1314): bLunch: false bUnderTvApp: false bLunchTVUI:false bFactoryMode:false bKMode:false
I/PlayerImpl_JNI( 1478): isSignalStable
I/PlayerImpl_JNI( 1478): getVideoInfo
I/pack    ( 1478): taskList.size() = 3
I/pack    ( 1478): y:0  , packageName_2 = tv.ismar.daisy
I/pack    ( 1478): y:1  , packageName_2 = com.sharp.launcher
I/pack    ( 1478): y:2  , packageName_2 = com.android.settings
I/pack    ( 1478): ***top activity package=tv.ismar.daisy
I/pack    ( 1478): ***top activity class=tv.ismar.daisy.ui.activity.TVGuideActivity
D/dalvikvm( 1314): GC_EXPLICIT freed 245K, 35% free 7789K/11900K, paused 3ms+5ms, total 48ms
D/dalvikvm( 1492): GC_EXPLICIT freed 163K, 25% free 2718K/3592K, paused 2ms+3ms, total 20ms
D/1105    ( 1314): AblHandler  modeValue:0
D/1105    ( 1314): LimitterHandle ecooflrate===1.0
I/tvos    (  983): [0;45m [WDT_CLR][./src/MSrv_Control_common.cpp] [HeartBeatMonitor] [4102][0m 
D/1105    ( 1314): LimitterHandle ecooflrate===1.0
D/1105    ( 1314): LimitterHandle ecooflrate===1.0
D/EcoThread( 1314): not standard of AV mode
D/1105    ( 1314): EcoThread,while....
D/1105    ( 1314): LimitterHandle ecooflrate===1.0
I/PlayerImpl_JNI( 1314): isSignalStable
D/1105    ( 1314): LimitterHandle ecooflrate===1.0
I/AblHandler( 1314): bLunch: false bUnderTvApp: false bLunchTVUI:false bFactoryMode:false bKMode:false
D/1105    ( 1314): AblHandler  modeValue:0
I/PlayerImpl_JNI( 1478): isSignalStable
I/PlayerImpl_JNI( 1478): getVideoInfo
I/pack    ( 1478): taskList.size() = 3
I/pack    ( 1478): y:0  , packageName_2 = tv.ismar.daisy
I/pack    ( 1478): y:1  , packageName_2 = com.sharp.launcher
I/pack    ( 1478): y:2  , packageName_2 = com.android.settings
I/pack    ( 1478): ***top activity package=tv.ismar.daisy
I/pack    ( 1478): ***top activity class=tv.ismar.daisy.ui.activity.TVGuideActivity
D/1105    ( 1314): LimitterHandle ecooflrate===1.0
D/1105    ( 1314): LimitterHandle ecooflrate===1.0
D/1105    ( 1314): LimitterHandle ecooflrate===1.0
D/EcoThread( 1314): not standard of AV mode
D/1105    ( 1314): ++timerdiff >= mTimerDiffTh/POLLING_INTERVAL_MS; 11111
I/EcoThread( 1314): EcoModeFlag == false
D/1105    ( 1314): EcoThread,checkOflMode(); 11111
D/1105    ( 1314): EcoThread,while....
D/1105    ( 1314): LimitterHandle ecooflrate===1.0
I/PlayerImpl_JNI( 1314): isSignalStable
D/1105    ( 1314): LimitterHandle ecooflrate===1.0
I/AblHandler( 1314): bLunch: false bUnderTvApp: false bLunchTVUI:false bFactoryMode:false bKMode:false
D/1105    ( 1314): AblHandler  modeValue:0
D/UpdateCheckService( 2006): alive
I/PlayerImpl_JNI( 1478): isSignalStable
I/PlayerImpl_JNI( 1478): getVideoInfo
I/pack    ( 1478): taskList.size() = 3
I/pack    ( 1478): y:0  , packageName_2 = tv.ismar.daisy
I/pack    ( 1478): y:1  , packageName_2 = com.sharp.launcher
I/pack    ( 1478): y:2  , packageName_2 = com.android.settings
I/pack    ( 1478): ***top activity package=tv.ismar.daisy
I/pack    ( 1478): ***top activity class=tv.ismar.daisy.ui.activity.TVGuideActivity
D/1105    ( 1314): LimitterHandle ecooflrate===1.0
D/1105    ( 1314): LimitterHandle ecooflrate===1.0
D/1105    ( 1314): LimitterHandle ecooflrate===1.0
D/EcoThread( 1314): not standard of AV mode
D/1105    ( 1314): EcoThread,while....
D/1105    ( 1314): LimitterHandle ecooflrate===1.0
I/PlayerImpl_JNI( 1314): isSignalStable
D/1105    ( 1314): LimitterHandle ecooflrate===1.0
I/AblHandler( 1314): bLunch: false bUnderTvApp: false bLunchTVUI:false bFactoryMode:false bKMode:false
D/1105    ( 1314): AblHandler  modeValue:0
I/PlayerImpl_JNI( 1478): isSignalStable
I/PlayerImpl_JNI( 1478): getVideoInfo
I/pack    ( 1478): taskList.size() = 3
I/pack    ( 1478): y:0  , packageName_2 = tv.ismar.daisy
I/pack    ( 1478): y:1  , packageName_2 = com.sharp.launcher
I/pack    ( 1478): y:2  , packageName_2 = com.android.settings
I/pack    ( 1478): ***top activity package=tv.ismar.daisy
I/pack    ( 1478): ***top activity class=tv.ismar.daisy.ui.activity.TVGuideActivity
D/1105    ( 1314): LimitterHandle ecooflrate===1.0
D/1105    ( 1314): LimitterHandle ecooflrate===1.0
I/WindowManager( 1314): interceptKeyBeforeDispatching event = KeyEvent { action=ACTION_DOWN, keyCode=KEYCODE_BACK, scanCode=158, metaState=0, flags=0x8, repeatCount=0, eventTime=14120447, downTime=14120447, deviceId=3, source=0x101 }
I/WindowManager( 1314): ,mKeyBootEnable = true,mKeyEnable = true,ENABLE_IR_KEY_FOR_INPUT = true,ENABLE_IR_KEY = true,ENABLE_KEYPAD_KEY = true
I/PhoneWindowManager( 1314): interceptKeyBeforeDispatching in queryHomeStore() = 0
I/PhoneWindowManager( 1314): interceptKeyBeforeDispatching not in condition
V/PinyinIME( 1536): onKeyDown:4
I/PinyinIME( 1536): onKeyDown:System handler the keyevent
--------- beginning of /dev/log/system
I/tanweiwei( 3178): ************************************************
I/tanweiwei( 3178): mAttachInfo.mHasWindowFocus = true  q.mEvent.isFromSource(InputDevice.SOURCE_CLASS_POINTER) = false  isTerminalInputEvent(q.mEvent) = false
D/1105    ( 1314): LimitterHandle ecooflrate===1.0
D/EcoThread( 1314): not standard of AV mode
D/1105    ( 1314): ++timerdiff >= mTimerDiffTh/POLLING_INTERVAL_MS; 11111
I/EcoThread( 1314): EcoModeFlag == false
D/1105    ( 1314): EcoThread,checkOflMode(); 11111
D/1105    ( 1314): EcoThread,while....
I/WindowManager( 1314): interceptKeyBeforeDispatching event = KeyEvent { action=ACTION_UP, keyCode=KEYCODE_BACK, scanCode=158, metaState=0, flags=0x8, repeatCount=0, eventTime=14120596, downTime=14120447, deviceId=3, source=0x101 }
I/WindowManager( 1314): ,mKeyBootEnable = true,mKeyEnable = true,ENABLE_IR_KEY_FOR_INPUT = true,ENABLE_IR_KEY = true,ENABLE_KEYPAD_KEY = true
I/PhoneWindowManager( 1314): interceptKeyBeforeDispatching in queryHomeStore() = 0
I/PhoneWindowManager( 1314): interceptKeyBeforeDispatching not in condition
I/PinyinIME( 1536): onKeyUp:4
I/PinyinIME( 1536): onKeyUp:System handler the keyevent
I/tanweiwei( 3178): ************************************************
I/tanweiwei( 3178): mAttachInfo.mHasWindowFocus = true  q.mEvent.isFromSource(InputDevice.SOURCE_CLASS_POINTER) = false  isTerminalInputEvent(q.mEvent) = true
W/InputEventReceiver( 3178): Attempted to finish an input event but the input event receiver has already been disposed.
I/tanweiwei( 3178): windowFocusChanged has been called hasFocus = true
I/tanweiwei( 3178): windowFocusChanged has been called hasFocus = false
I/tanweiwei( 3178): MSG_WINDOW_FOCUS_CHANGED has been received
D/1105    ( 1314): LimitterHandle ecooflrate===1.0
I/PlayerImpl_JNI( 1314): isSignalStable
D/1105    ( 1314): LimitterHandle ecooflrate===1.0
I/AblHandler( 1314): bLunch: false bUnderTvApp: false bLunchTVUI:false bFactoryMode:false bKMode:false
D/1105    ( 1314): AblHandler  modeValue:0
I/PlayerImpl_JNI( 1478): isSignalStable
I/PlayerImpl_JNI( 1478): getVideoInfo
I/pack    ( 1478): taskList.size() = 3
I/pack    ( 1478): y:0  , packageName_2 = tv.ismar.daisy
I/pack    ( 1478): y:1  , packageName_2 = com.sharp.launcher
I/pack    ( 1478): y:2  , packageName_2 = com.android.settings
I/pack    ( 1478): ***top activity package=tv.ismar.daisy
I/pack    ( 1478): ***top activity class=tv.ismar.daisy.ui.activity.TVGuideActivity
D/1105    ( 1314): LimitterHandle ecooflrate===1.0
D/1105    ( 1314): LimitterHandle ecooflrate===1.0
D/1105    ( 1314): LimitterHandle ecooflrate===1.0
D/EcoThread( 1314): not standard of AV mode
D/1105    ( 1314): EcoThread,while....
D/1105    ( 1314): LimitterHandle ecooflrate===1.0
I/PlayerImpl_JNI( 1314): isSignalStable
D/1105    ( 1314): LimitterHandle ecooflrate===1.0
I/AblHandler( 1314): bLunch: false bUnderTvApp: false bLunchTVUI:false bFactoryMode:false bKMode:false
D/1105    ( 1314): AblHandler  modeValue:0
I/PlayerImpl_JNI( 1478): isSignalStable
I/PlayerImpl_JNI( 1478): getVideoInfo
I/pack    ( 1478): taskList.size() = 3
I/pack    ( 1478): y:0  , packageName_2 = tv.ismar.daisy
I/pack    ( 1478): y:1  , packageName_2 = com.sharp.launcher
I/pack    ( 1478): y:2  , packageName_2 = com.android.settings
I/pack    ( 1478): ***top activity package=tv.ismar.daisy
I/pack    ( 1478): ***top activity class=tv.ismar.daisy.ui.activity.TVGuideActivity
D/1105    ( 1314): LimitterHandle ecooflrate===1.0
D/1105    ( 1314): LimitterHandle ecooflrate===1.0
D/1105    ( 1314): LimitterHandle ecooflrate===1.0
D/EcoThread( 1314): not standard of AV mode
D/1105    ( 1314): ++timerdiff >= mTimerDiffTh/POLLING_INTERVAL_MS; 11111
I/EcoThread( 1314): EcoModeFlag == false
D/1105    ( 1314): EcoThread,checkOflMode(); 11111
D/1105    ( 1314): EcoThread,while....
I/WindowManager( 1314): interceptKeyBeforeDispatching event = KeyEvent { action=ACTION_DOWN, keyCode=KEYCODE_BACK, scanCode=158, metaState=0, flags=0x8, repeatCount=0, eventTime=14121597, downTime=14121597, deviceId=3, source=0x101 }
I/WindowManager( 1314): ,mKeyBootEnable = true,mKeyEnable = true,ENABLE_IR_KEY_FOR_INPUT = true,ENABLE_IR_KEY = true,ENABLE_KEYPAD_KEY = true
I/PhoneWindowManager( 1314): interceptKeyBeforeDispatching in queryHomeStore() = 0
I/PhoneWindowManager( 1314): interceptKeyBeforeDispatching not in condition
V/PinyinIME( 1536): onKeyDown:4
I/PinyinIME( 1536): onKeyDown:System handler the keyevent
I/tanweiwei( 3178): ************************************************
I/tanweiwei( 3178): mAttachInfo.mHasWindowFocus = true  q.mEvent.isFromSource(InputDevice.SOURCE_CLASS_POINTER) = false  isTerminalInputEvent(q.mEvent) = false
D/1105    ( 1314): LimitterHandle ecooflrate===1.0
I/PlayerImpl_JNI( 1314): isSignalStable
D/1105    ( 1314): LimitterHandle ecooflrate===1.0
I/AblHandler( 1314): bLunch: false bUnderTvApp: false bLunchTVUI:false bFactoryMode:false bKMode:false
D/1105    ( 1314): AblHandler  modeValue:0
I/WindowManager( 1314): interceptKeyBeforeDispatching event = KeyEvent { action=ACTION_UP, keyCode=KEYCODE_BACK, scanCode=158, metaState=0, flags=0x8, repeatCount=0, eventTime=14121748, downTime=14121597, deviceId=3, source=0x101 }
I/WindowManager( 1314): ,mKeyBootEnable = true,mKeyEnable = true,ENABLE_IR_KEY_FOR_INPUT = true,ENABLE_IR_KEY = true,ENABLE_KEYPAD_KEY = true
I/PhoneWindowManager( 1314): interceptKeyBeforeDispatching in queryHomeStore() = 0
I/PhoneWindowManager( 1314): interceptKeyBeforeDispatching not in condition
I/PinyinIME( 1536): onKeyUp:4
I/PinyinIME( 1536): onKeyUp:System handler the keyevent
I/tanweiwei( 3178): ************************************************
I/tanweiwei( 3178): mAttachInfo.mHasWindowFocus = true  q.mEvent.isFromSource(InputDevice.SOURCE_CLASS_POINTER) = false  isTerminalInputEvent(q.mEvent) = true
I/tanweiwei( 3178): windowFocusChanged has been called hasFocus = true
I/PlayerImpl_JNI( 1478): isSignalStable
I/PlayerImpl_JNI( 1478): getVideoInfo
I/pack    ( 1478): taskList.size() = 3
I/pack    ( 1478): y:0  , packageName_2 = tv.ismar.daisy
I/pack    ( 1478): y:1  , packageName_2 = com.sharp.launcher
I/pack    ( 1478): y:2  , packageName_2 = com.android.settings
I/pack    ( 1478): ***top activity package=tv.ismar.daisy
I/pack    ( 1478): ***top activity class=tv.ismar.daisy.ui.activity.TVGuideActivity
I/tanweiwei( 3178): MSG_WINDOW_FOCUS_CHANGED has been received
I/tanweiwei( 3178): windowFocusChanged has been called hasFocus = false
I/tanweiwei( 3178): MSG_WINDOW_FOCUS_CHANGED has been received
D/1105    ( 1314): LimitterHandle ecooflrate===1.0
D/1105    ( 1314): LimitterHandle ecooflrate===1.0
D/1105    ( 1314): LimitterHandle ecooflrate===1.0
D/EcoThread( 1314): not standard of AV mode
D/1105    ( 1314): EcoThread,while....
D/1105    ( 1314): LimitterHandle ecooflrate===1.0
I/PlayerImpl_JNI( 1314): isSignalStable
D/1105    ( 1314): LimitterHandle ecooflrate===1.0
I/AblHandler( 1314): bLunch: false bUnderTvApp: false bLunchTVUI:false bFactoryMode:false bKMode:false
D/1105    ( 1314): AblHandler  modeValue:0
I/PlayerImpl_JNI( 1478): isSignalStable
I/PlayerImpl_JNI( 1478): getVideoInfo
I/pack    ( 1478): taskList.size() = 3
I/pack    ( 1478): y:0  , packageName_2 = tv.ismar.daisy
I/pack    ( 1478): y:1  , packageName_2 = com.sharp.launcher
I/pack    ( 1478): y:2  , packageName_2 = com.android.settings
I/pack    ( 1478): ***top activity package=tv.ismar.daisy
I/pack    ( 1478): ***top activity class=tv.ismar.daisy.ui.activity.TVGuideActivity
D/1105    ( 1314): LimitterHandle ecooflrate===1.0
D/1105    ( 1314): LimitterHandle ecooflrate===1.0
D/1105    ( 1314): LimitterHandle ecooflrate===1.0
D/EcoThread( 1314): not standard of AV mode
D/1105    ( 1314): ++timerdiff >= mTimerDiffTh/POLLING_INTERVAL_MS; 11111
I/EcoThread( 1314): EcoModeFlag == false
D/1105    ( 1314): EcoThread,checkOflMode(); 11111
D/1105    ( 1314): EcoThread,while....
D/1105    ( 1314): LimitterHandle ecooflrate===1.0
I/PlayerImpl_JNI( 1314): isSignalStable
D/1105    ( 1314): LimitterHandle ecooflrate===1.0
I/AblHandler( 1314): bLunch: false bUnderTvApp: false bLunchTVUI:false bFactoryMode:false bKMode:false
D/1105    ( 1314): AblHandler  modeValue:0
D/UpdateCheckService( 2006): alive
I/WindowManager( 1314): interceptKeyBeforeDispatching event = KeyEvent { action=ACTION_DOWN, keyCode=KEYCODE_ENTER, scanCode=28, metaState=0, flags=0x8, repeatCount=0, eventTime=14122783, downTime=14122783, deviceId=3, source=0x101 }
I/WindowManager( 1314): ,mKeyBootEnable = true,mKeyEnable = true,ENABLE_IR_KEY_FOR_INPUT = true,ENABLE_IR_KEY = true,ENABLE_KEYPAD_KEY = true
I/PhoneWindowManager( 1314): interceptKeyBeforeDispatching in queryHomeStore() = 0
I/PhoneWindowManager( 1314): interceptKeyBeforeDispatching not in condition
V/PinyinIME( 1536): onKeyDown:66
I/PinyinIME( 1536): onKeyDown:System handler the keyevent
I/tanweiwei( 3178): ************************************************
I/tanweiwei( 3178): mAttachInfo.mHasWindowFocus = true  q.mEvent.isFromSource(InputDevice.SOURCE_CLASS_POINTER) = false  isTerminalInputEvent(q.mEvent) = false
I/PlayerImpl_JNI( 1478): isSignalStable
I/PlayerImpl_JNI( 1478): getVideoInfo
I/pack    ( 1478): taskList.size() = 3
I/pack    ( 1478): y:0  , packageName_2 = tv.ismar.daisy
I/pack    ( 1478): y:1  , packageName_2 = com.sharp.launcher
I/pack    ( 1478): y:2  , packageName_2 = com.android.settings
I/pack    ( 1478): ***top activity package=tv.ismar.daisy
I/pack    ( 1478): ***top activity class=tv.ismar.daisy.ui.activity.TVGuideActivity
D/1105    ( 1314): LimitterHandle ecooflrate===1.0
I/WindowManager( 1314): interceptKeyBeforeDispatching event = KeyEvent { action=ACTION_UP, keyCode=KEYCODE_ENTER, scanCode=28, metaState=0, flags=0x8, repeatCount=0, eventTime=14122932, downTime=14122783, deviceId=3, source=0x101 }
I/WindowManager( 1314): ,mKeyBootEnable = true,mKeyEnable = true,ENABLE_IR_KEY_FOR_INPUT = true,ENABLE_IR_KEY = true,ENABLE_KEYPAD_KEY = true
I/PhoneWindowManager( 1314): interceptKeyBeforeDispatching in queryHomeStore() = 0
I/PhoneWindowManager( 1314): interceptKeyBeforeDispatching not in condition
I/PinyinIME( 1536): onKeyUp:66
I/PinyinIME( 1536): onKeyUp:System handler the keyevent
I/tanweiwei( 3178): ************************************************
I/tanweiwei( 3178): mAttachInfo.mHasWindowFocus = true  q.mEvent.isFromSource(InputDevice.SOURCE_CLASS_POINTER) = false  isTerminalInputEvent(q.mEvent) = true
I/tanweiwei( 3178): windowFocusChanged has been called hasFocus = true
I/tanweiwei( 3178): windowFocusChanged has been called hasFocus = false
D/1105    ( 1314): LimitterHandle ecooflrate===1.0
D/SurfaceFlinger(  976): mGlobalTransform change successfully has4k2kLayer= 1
D/SurfaceFlinger(  976): mGlobalTransform change successfully has4k2kLayer= 0
D/dalvikvm( 1314): GC_FOR_ALLOC freed 717K, 35% free 7773K/11900K, paused 37ms, total 37ms
W/InputEventReceiver( 3178): Attempted to finish an input event but the input event receiver has already been disposed.
I/tanweiwei( 3178): MSG_WINDOW_FOCUS_CHANGED has been received
V/ActivityManager( 1314): r2) packageName=tv.ismar.daisy finishing=true
V/ActivityManager( 1314): r1) packageName=com.sharp.launcher finishing=false
V/ActivityManager( 1314): add to pkglist=com.antutu.ABenchMark
V/ActivityManager( 1314): add to pkglist=com.android.browser
D/1105    ( 1314): LimitterHandle ecooflrate===1.0
I/ActivityManager( 1314): /system/bin/sh /system/etc/specify_mem_location.sh falseset memory location done
D/AppManager( 2032): onResume() ----send broadcast onResumeKeys
I/tanweiwei( 3178): windowFocusChanged has been called hasFocus = false
I/tanweiwei( 3178): MSG_WINDOW_FOCUS_CHANGED has been received
I/AppManager( 2032): <<<<<<----------TvManager.getInstance() != null ---------->>>>>hammm
I/PipManager_JNI( 2032): native_getPipMode
I/AppManager( 2032): <<<<<<----------mstar.str.suspending == STR_STATUS_NONE---------->>>>>
W/ContextImpl( 2032): Calling a method in the system process without a qualified user: android.app.ContextImpl.sendBroadcast:1042 android.content.ContextWrapper.sendBroadcast:344 com.sharp.launcher.external.SmallTvManager.resumeTV:252 com.sharp.launcher.manager.Utils.resumeTV:584 com.sharp.launcher.activity.MainActivity.resumeTVInLauncher:1151 
D/EcoThread( 1314): not standard of AV mode
D/1105    ( 1314): EcoThread,while....
I/AppManager( 2032): <<<<<<---------- surfaceView != null---------->>>>>
I/AppManager( 2032): Launcher (Home Key):  ========== Display Launcher ==========
I/AppManager( 2032): <<<<<<----------end onResume---------->>>>>
D/AppManager( 2032): Main-Activity-onResume
I/tanweiwei( 2032): windowFocusChanged has been called hasFocus = true
D/1105    ( 1314): LimitterHandle ecooflrate===1.0
V/AppManager( 2032): 
V/AppManager( 2032):   change source=====E_INPUT_SOURCE_ATV
D/AppManager( 2032): currentSource=====E_INPUT_SOURCE_STORAGE
D/AppManager( 2032): minidatabase=====16
V/AppManager( 2032): setInputSource=====E_INPUT_SOURCE_YPBPR
D/TvCommonManager( 2032): setInputSource, paras source = E_INPUT_SOURCE_YPBPR
D/TvCommonClient( 1314): setAtvChannel(), paras sourcesource = 16
I/TvManager_JNI( 1314): setInputSource
D/TVResHolder( 1314): setInputSource(16) LINE:398,time:150997054
V/RMClient( 1314): #1:requestResourceAsync
V/RMClient( 1314): #1:onMessageReceived creq
V/RMClient( 1314): #1:kWhatCmdResourceRequest
V/RMAllocator(  973): handleRequest
V/RMClient( 1314): #1:Done
V/RMAllocator(  973): handleRequest new ClientInfo, client=1107446576 id=1
I/RMAllocator(  973): ClientInfo this=1107446800, mRMClient=1107446576. id=1
V/RMAllocator(  973): handleRequest new ClientInfo=1107446800, client=1107446576 id=1
V/RMAllocator(  973): allocateResources
V/RMAllocator(  973): allocateOneResource
V/RMAllocator(  973): allocateOneResource
V/RMClient( 1314): #1:handleRequestDone
V/RMClient( 1314): #1:onMessageReceived ldon
V/RMClient( 1314): #1:kWhatRequestDone
D/TVResHolder( 1314): handleRequestDone()
D/TVResHolder( 1314): handleRequestDone() Got vRendResVec size=1
D/TVResHolder( 1314): videoPlaneId = 0
V/RMClient( 1314): #1:Done
D/TVResHolder( 1314): setInputSource(16) LINE:436,time:151115408
D/TVResHolder( 1314): setInputSource(16) Success
D/TvManager( 1314): TvManager setInputSource1111
I/tvos    (  983):  set TUN_GAIN_SW low 
I/tvos    (  983): SetInputSource: Gamma Correction
I/tvos    (  983): --------------------WBLinearGamma386To256--------------------
I/tvos    (  983): [0;45m [GAMMA][./src/MSrv_Picture_Customer.cpp] [SetWBLinearGamma386To256] [500][0m 
I/tvos    (  983): [*GAMMA*] >>> ./src/MSrv_System_Database_DVB_Customer.cpp[ LoadFactoryGammaSetting ]:( 402 ) m_stFactoryExt.ePanelIndex :2
I/tvos    (  983): [*GAMMA*] >>> strCondition:PanelIndex=2 ColNum:11
I/tvos    (  983): [0;45m--------------------WBADJ Interporatio--------------------[0m 
I/tvos    (  983): [0;45m [GAMMA][./src/MSrv_Picture_Customer.cpp] [SetWBLinearGammaInterporation] [660][0m 
I/tvos    (  983):   [GAMMA]u8LowGammaPosition(28)
I/PlayerImpl_JNI( 1314): isSignalStable
D/1105    ( 1314): LimitterHandle ecooflrate===1.0
I/tvos    (  983):   [GAMMA]u8HiGammaPosition(c8)
I/tvos    (  983): [0;31m [Warning!!] return , Unknown IP Security=15.[0m 
I/tvos    (  983): [0;31m [Warning!!] return , Unknown IP Security=15.[0m 
I/tvos    (  983): BSND_AVC
I/tvos    (  983):  GetFactoryExtSetting PANEL_SIZE
I/tvos    (  983): SND_SetAbsoluteBass:2
I/tvos    (  983):  GetFactoryExtSetting PANEL_SIZE
I/tvos    (  983): SND_SetAbsoluteTreble:2
I/tvos    (  983): No power-off timer be trigger!!!
E/TvManager_JNI( 1314): Unknown event '0x2000100a'
E/TvManager_JNI( 2032): Unknown event '0x2000100a'
E/TvManager_JNI( 1478): Unknown event '0x2000100a'
E/TvManager_JNI( 1608): Unknown event '0x2000100a'
E/TvManager_JNI( 2793): Unknown event '0x2000100a'
I/tvos    (  983): [AutoTest][SourceChange][SetInputSourceCmd START][14123242]
I/tvos    (  983): [*Sharp_DB*] ./src/MSrv_System_Database_DVB_Customer.cpp[ LoadVideoSetting ]:( 720 ) u8Index:16
I/tvos    (  983): [*Sharp_DB*] LoadVideoSetting 769 
I/tvos    (  983): [*Sharp_DB*] [u8Index: 16] [enARCType : 1]
I/tvos    (  983): [*Sharp_DB*] [u8Index: 16] [enARCType_SD : 1]
I/tvos    (  983): [*Sharp_DB*] [u8Index: 16] [enARCType_HD_720 : 1]
I/tvos    (  983): [*Sharp_DB*] [u8Index: 16] [enARCType_HD_1080 : 1]
I/tvos    (  983): [*Sharp_DB*] [u8Index: 16] [enARCType_DVI : 1]
I/tanweiwei( 2032): MSG_WINDOW_FOCUS_CHANGED has been received
I/PlayerImpl_JNI( 1478): isSignalStable
I/tvos    (  983): [CEC] msAPI_CEC_SetMyPhyAddr
I/tvos    (  983): [CEC] !H&!H msAPI_CEC_RoutingSourceChange->TxMsgActiveSource
I/tvos    (  983): [AutoTest][SourceChange][player finalize START][14123309]
I/tvos    (  983): MM_StopAll 0,0,0,0.
I/tvos    (  983): MM_Finalize.
I/tvos    (  983): Not initialized
I/tvos    (  983): disconnect finalize ok!Send EVENT_NOTIFY_TEMPLATE
I/tvos    (  983): IRQ 208 polling thread destroyed
I/tvos    (  983): IRQ 208 polling fd closed!!
D/1105    ( 1314): LimitterHandle ecooflrate===1.0
I/tvos    (  983): Mutex Name: TSP_Int_Mutex
I/tvos    (  983): [AutoTest][SourceChange][player finalize END][14123345]
I/tvos    (  983): [AutoTest][SourceChange][player init START][14123346]
I/tvos    (  983): [AutoTest][SourceChange][player init END][14123424]
I/tvos    (  983): enCurrSyncStatus = 0
I/tvos    (  983): enCurrSyncStatus = 3
D/1105    ( 1314): LimitterHandle ecooflrate===1.0
I/tvos    (  983):  GetFactoryExtSetting PANEL_SIZE
I/tvos    (  983): [*Sharp_Audio*] >>> ./src/MSrv_SSSound_Customer.cpp[ SetAbsoluteVolume ]:( 258 ) u8SpeakerVolume : 11
I/tvos    (  983): [*Sharp_Audio*] >>> ./src/MSrv_SSSound_Customer.cpp[ SetAbsoluteVolume ]:( 259 ) u8HPVolume : 11
I/tvos    (  983): [*Sharp_Audio*] >>> ./src/MSrv_SSSound_Customer.cpp[ SetAbsoluteVolume ]:( 260 ) u8AudioOutVolume : 0
I/tvos    (  983): update UHD Speaker volume 11
I/tvos    (  983): update UHD HP volume 11
I/tvos    (  983): update UHD HP volume 11
I/tvos    (  983): delay should be great  than 20ms. 
I/tvos    (  983): [CEC] Non-adjacent ARC device exist
D/1105    ( 1314): LimitterHandle ecooflrate===1.0
I/tvos    (  983): [AutoTest][SourceChange][SetInputSourceCmd END][14123554]
I/tvos    (  983): The notify flag is 0
I/tvos    (  983): 3. setup video resolution and timing area
I/tvos    (  983): 	 The Same panel output timming,Don't set panel timing,[6]
I/tvos    (  983): 	 The Same ursa input type,Don't set Ursa mode,[0]
I/RootActivity( 1478): runnable:   Input changed, need reset active contrast !!!!!!!
I/AblHandler( 1314): bLunch: false bUnderTvApp: false bLunchTVUI:false bFactoryMode:false bKMode:false
I/PlayerImpl_JNI( 1478): getVideoInfo
I/pack    ( 1478): taskList.size() = 3
I/pack    ( 1478): y:0  , packageName_2 = tv.ismar.daisy
I/pack    ( 1478): y:1  , packageName_2 = com.sharp.launcher
I/pack    ( 1478): y:2  , packageName_2 = com.android.settings
I/pack    ( 1478): ***top activity package=tv.ismar.daisy
I/pack    ( 1478): ***top activity class=tv.ismar.daisy.ui.activity.TVGuideActivity
I/AblHandler( 1314): bSearchUI: false bFirstGuideUI: false bIsScaning:false
D/1105    ( 1314): AblHandler  modeValue:17
I/TvManager_JNI( 1314): getEnvironment
D/MBX     (  988): sendMsg mID:9999 with mbxCmd:0x47 param:0x1
I/1105    ( 1314): setSourceSignalControlMode() --> 17
D/EcoThread( 1314): not standard of AV mode
D/1105    ( 1314): ++timerdiff >= mTimerDiffTh/POLLING_INTERVAL_MS; 11111
I/EcoThread( 1314): EcoModeFlag == false
D/1105    ( 1314): EcoThread,checkOflMode(); 11111
D/1105    ( 1314): EcoThread,while....
D/AppManager( 2032): mFullScale = SCALE_SMALL;
D/1105    ( 1314): LimitterHandle ecooflrate===1.0
D/AppManager( 2032): AppManagerInputSourceThread----setPipscale()
D/AppManager( 2032): AppManager-setPipscale()
I/PictureManager_JNI( 2032): getPanelWidthHeight
I/PictureManager_JNI( 2032): native_getResolution
I/tvos    (  983): need to be add if support compare 4K2K resolution
I/tvos    (  983): [CompareResolution:2355]res_index 5, match 2160 case
I/tvos    (  983): [CompareResolution:2355]res_index 5, match 1080 case
I/PictureManager_JNI( 2032): selectWindow
I/AppManager( 2032):  ??????????????? x : 64   y : 103       w : 591       h : 332
I/PictureManager_JNI( 2032): SetDisplayWindow
I/tvos    (  983): MSrv_Video::SetDisplayWindow:64,103,591,332
I/tvos    (  983): MSrv_Video::SetDisplayWindow:64,103,591,332
I/PictureManager_JNI( 2032): SetDisplayWindow
I/tvos    (  983): MSrv_Video::SetDisplayWindow:64,103,591,332
I/tvos    (  983): MSrv_Video::SetDisplayWindow:64,103,591,332
I/PictureManager_JNI( 2032): scaleWindow
I/AppManager( 2032): ..PipThread..
I/tvos    (  983):  GetFactoryExtSetting PANEL_SIZE
I/tvos    (  983): [*Sharp_PQ*] >>> mapi_pql_customer.cpp[ SetPQPageID:4927] Set_DisplayType:[PQ_DISPLAY_ONE][ePanelIndex:2]
I/tvos    (  983): [*Sharp_PQ*] >>> drvPQ_cus.c[ MDrv_SetPQPageID ]:( 3424 )ePanelIndex :2
I/tvos    (  983): MSrv_Picture::On, enAssignedInputSrc = 42
I/tvos    (  983): BW Window:0, PQSource:0, Hsize:0, Vsize: 0, interlace:0, Vfreq=0
I/tvos    (  983): Read Bandwidthtable.bin
I/tvos    (  983): [PQBin]invalid panel type
I/tvos    (  983): [PQBin]invalid panel type
I/tvos    (  983): [PQBin]invalid panel type
I/tvos    (  983): [PQBin]invalid panel type
I/tvos    (  983): [PQBin]invalid panel type
I/tvos    (  983): [PQBin]invalid panel type
I/tvos    (  983): [PQBin]invalid panel type
I/tvos    (  983): [PQBin]invalid panel type
I/tvos    (  983): [PQBin]invalid panel type
I/tvos    (  983): [PQBin]invalid panel type
I/tvos    (  983): [PQBin]invalid panel type
I/tvos    (  983): [PQBin]invalid panel type
I/tvos    (  983): [PQBin]invalid panel type
I/tvos    (  983): [PQBin]invalid panel type
I/tvos    (  983): [PQBin]invalid panel type
I/tvos    (  983): [PQBin]invalid panel type
I/tvos    (  983): [PQBin]invalid panel type
I/tvos    (  983): [PQBin]invalid panel type
I/tvos    (  983): [PQBin]invalid panel type
I/tvos    (  983): [PQBin]invalid panel type
I/tvos    (  983): [PQBin]invalid panel type
I/tvos    (  983): [PQBin]invalid panel type
I/tvos    (  983): E_IOCTL_SET_UCFEATURE: Disable UC=1
I/tvos    (  983): MDrv_PQ_SetUCFeature(65535, 65535, 1,3,0,0,0,0,65535,65535,65535)
I/tvos    (  983): [0;45m--------------------SetCustomer--------------------[0m 
I/tvos    (  983): [0;45m [GAMMA][./src/MSrv_Picture_Customer.cpp] [SetCustomer] [1178][0m 
I/PlayerImpl_JNI( 1314): isSignalStable
I/tvos    (  983): [*GAMMA*] >>> ./src/MSrv_System_Database_DVB_Customer.cpp[ LoadFactoryGammaSetting ]:( 402 ) m_stFactoryExt.ePanelIndex :2
D/1105    ( 1314): LimitterHandle ecooflrate===1.0
I/tvos    (  983): [*GAMMA*] >>> strCondition:PanelIndex=2 ColNum:11
I/tvos    (  983): [0;45m--------------------WBADJ Interporatio--------------------[0m 
I/tvos    (  983): [0;45m [GAMMA][./src/MSrv_Picture_Customer.cpp] [SetWBLinearGammaInterporation] [660][0m 
I/tvos    (  983):   [GAMMA]u8LowGammaPosition(28)
I/tvos    (  983):   [GAMMA]u8HiGammaPosition(c8)enCurrSyncStatus = 0
I/tvos    (  983):  GetFactoryExtSetting PANEL_SIZE
I/tvos    (  983):  GetFactoryExtSetting PANEL_SIZE
I/tvos    (  983):  GetFactoryExtSetting PANEL_SIZE
I/tvos    (  983):  GetFactoryExtSetting PANEL_SIZE
I/tvos    (  983):  GetFactoryExtSetting PANEL_SIZE
I/tvos    (  983):  GetFactoryExtSetting PANEL_SIZE
I/tvos    (  983): [*Sharp_NR*] >>> ./src/MSrv_Picture_Customer.cpp[ SetCustomer ]:( 1256 ) SetNR : eNR :4[0m
I/tvos    (  983): enPQFLType is 1
I/tvos    (  983): enPQMNRType is 1
I/tvos    (  983):  GetFactoryExtSetting PANEL_SIZE
I/tvos    (  983): 	[Plugins_PatchPQ]Customer Path PQ Add here
I/AppManager( 2032): ***************>>>>>>>>>>>>>setPipscale
I/AblHandler( 1314): bLunch: false bUnderTvApp: false bLunchTVUI:false bFactoryMode:false bKMode:false
I/AblHandler( 1314): bSearchUI: false bFirstGuideUI: false bIsScaning:false
D/1105    ( 1314): AblHandler  modeValue:16
I/TvManager_JNI( 1314): getEnvironment
D/MBX     (  988): sendMsg mID:9999 with mbxCmd:0x47 param:0x0
I/1105    ( 1314): setSourceSignalControlMode() --> 16
D/1105    ( 1314): LimitterHandle ecooflrate===1.0
D/1105    ( 1314): LimitterHandle ecooflrate===1.0
D/1105    ( 1314): LimitterHandle ecooflrate===1.0
I/tvos    (  983): Detect >>>>>>>>>>>>>>>> Signal unLocked!!!
I/PlayerImpl_JNI( 1478): isSignalStable
I/PlayerImpl_JNI( 1478): getVideoInfo
I/pack    ( 1478): taskList.size() = 3
I/pack    ( 1478): y:0  , packageName_2 = tv.ismar.daisy
I/pack    ( 1478): y:1  , packageName_2 = com.sharp.launcher
I/pack    ( 1478): y:2  , packageName_2 = com.android.settings
I/pack    ( 1478): ***top activity package=tv.ismar.daisy
I/pack    ( 1478): ***top activity class=tv.ismar.daisy.ui.activity.TVGuideActivity
D/EcoThread( 1314): not standard of AV mode
D/1105    ( 1314): EcoThread,while....
D/1105    ( 1314): LimitterHandle ecooflrate===1.0
I/PlayerImpl_JNI( 1314): isSignalStable
D/1105    ( 1314): LimitterHandle ecooflrate===1.0
I/AblHandler( 1314): bLunch: false bUnderTvApp: false bLunchTVUI:false bFactoryMode:false bKMode:false
I/AblHandler( 1314): bSearchUI: false bFirstGuideUI: false bIsScaning:false
D/1105    ( 1314): AblHandler  modeValue:16
I/TvManager_JNI( 1314): getEnvironment
D/MBX     (  988): sendMsg mID:9999 with mbxCmd:0x47 param:0x0
I/1105    ( 1314): setSourceSignalControlMode() --> 16
D/1105    ( 1314): LimitterHandle ecooflrate===1.0
D/1105    ( 1314): LimitterHandle ecooflrate===1.0
D/1105    ( 1314): LimitterHandle ecooflrate===1.0
I/tvos    (  983): [0;45m [WDT_CLR][./src/MSrv_Control_common.cpp] [HeartBeatMonitor] [4102][0m 
I/PlayerImpl_JNI( 1478): isSignalStable
I/PlayerImpl_JNI( 1478): getVideoInfo
I/pack    ( 1478): taskList.size() = 2
I/pack    ( 1478): y:0  , packageName_2 = com.sharp.launcher
I/pack    ( 1478): y:1  , packageName_2 = com.android.settings
I/pack    ( 1478): ***top activity package=com.sharp.launcher
I/pack    ( 1478): ***top activity class=com.sharp.launcher.activity.MainActivity
D/EcoThread( 1314): not standard of AV mode
D/1105    ( 1314): ++timerdiff >= mTimerDiffTh/POLLING_INTERVAL_MS; 11111
I/EcoThread( 1314): EcoModeFlag == false
D/1105    ( 1314): EcoThread,checkOflMode(); 11111
D/1105    ( 1314): EcoThread,while....
I/TEST    ( 1478): GetActiveContrast ... eActiveContrast = 1
E/USP     ( 1492): ~~~~~~~~~@@@@ now updating content://mstar.tv.usersetting/picmode_setting/inputsrc/1/picmode/4
E/USP     ( 1492): ~~~~~~~~~@@@@ now updating u8Brightness=29 eDynamicBacklight=0 eColorTemp=0 eDynamicContrast=0 u8Hue=30 eVibrantColour=0 u8Contrast=33 eNR=4 u8Saturation=45 u8Sharpness=14 ePerfectClear=0 u8Backlight=100 eActiveContrast=1
I/tanweiwei( 1478): thread name = tv_db_handlerThread
E/DataBaseDeskImpl( 1478): ===========>>>> now change Index = 34
E/USP     ( 1492): ~~~~~~~~~@@@@ now updating content://mstar.tv.usersetting/picmode_setting/inputsrc/28/picmode/4
E/USP     ( 1492): ~~~~~~~~~@@@@ now updating u8Brightness=29 eDynamicBacklight=0 eColorTemp=0 eDynamicContrast=0 u8Hue=30 eVibrantColour=0 u8Contrast=33 eNR=4 u8Saturation=45 u8Sharpness=14 ePerfectClear=0 u8Backlight=100 eActiveContrast=1
D/1105    ( 1314): LimitterHandle ecooflrate===1.0
I/tanweiwei( 1478): thread name = tv_db_handlerThread
E/DataBaseDeskImpl( 1478): ===========>>>> now change Index = 34
E/USP     ( 1492): ~~~~~~~~~@@@@ now updating content://mstar.tv.usersetting/picmode_setting/inputsrc/23/picmode/4
E/USP     ( 1492): ~~~~~~~~~@@@@ now updating u8Brightness=29 eDynamicBacklight=0 eColorTemp=0 eDynamicContrast=0 u8Hue=30 eVibrantColour=0 u8Contrast=33 eNR=4 u8Saturation=45 u8Sharpness=14 ePerfectClear=0 u8Backlight=100 eActiveContrast=1
I/tanweiwei( 1478): thread name = tv_db_handlerThread
E/DataBaseDeskImpl( 1478): ===========>>>> now change Index = 34
E/USP     ( 1492): ~~~~~~~~~@@@@ now updating content://mstar.tv.usersetting/picmode_setting/inputsrc/24/picmode/4
E/USP     ( 1492): ~~~~~~~~~@@@@ now updating u8Brightness=29 eDynamicBacklight=0 eColorTemp=0 eDynamicContrast=0 u8Hue=30 eVibrantColour=0 u8Contrast=33 eNR=4 u8Saturation=45 u8Sharpness=14 ePerfectClear=0 u8Backlight=100 eActiveContrast=1
D/dalvikvm( 1478): GC_CONCURRENT freed 1633K, 21% free 7724K/9736K, paused 3ms+3ms, total 44ms
I/tanweiwei( 1478): thread name = tv_db_handlerThread
E/DataBaseDeskImpl( 1478): ===========>>>> now change Index = 34
E/USP     ( 1492): ~~~~~~~~~@@@@ now updating content://mstar.tv.usersetting/picmode_setting/inputsrc/25/picmode/4
E/USP     ( 1492): ~~~~~~~~~@@@@ now updating u8Brightness=29 eDynamicBacklight=0 eColorTemp=0 eDynamicContrast=0 u8Hue=30 eVibrantColour=0 u8Contrast=33 eNR=4 u8Saturation=45 u8Sharpness=14 ePerfectClear=0 u8Backlight=100 eActiveContrast=1
I/tanweiwei( 1478): thread name = tv_db_handlerThread
I/PlayerImpl_JNI( 1314): isSignalStable
D/1105    ( 1314): LimitterHandle ecooflrate===1.0
I/AblHandler( 1314): bLunch: true bUnderTvApp: false bLunchTVUI:false bFactoryMode:false bKMode:false
D/1105    ( 1314): AblHandler  modeValue:27
I/TvManager_JNI( 1314): getEnvironment
E/DataBaseDeskImpl( 1478): ===========>>>> now change Index = 34
D/MBX     (  988): sendMsg mID:9999 with mbxCmd:0x47 param:0xb
I/1105    ( 1314): setSourceSignalControlMode() --> 27
E/USP     ( 1492): ~~~~~~~~~@@@@ now updating content://mstar.tv.usersetting/picmode_setting/inputsrc/16/picmode/4
E/USP     ( 1492): ~~~~~~~~~@@@@ now updating u8Brightness=29 eDynamicBacklight=0 eColorTemp=0 eDynamicContrast=0 u8Hue=30 eVibrantColour=0 u8Contrast=33 eNR=4 u8Saturation=45 u8Sharpness=14 ePerfectClear=0 u8Backlight=100 eActiveContrast=1
I/tanweiwei( 1478): thread name = tv_db_handlerThread
E/DataBaseDeskImpl( 1478): ===========>>>> now change Index = 34
E/USP     ( 1492): ~~~~~~~~~@@@@ now updating content://mstar.tv.usersetting/picmode_setting/inputsrc/2/picmode/4
E/USP     ( 1492): ~~~~~~~~~@@@@ now updating u8Brightness=29 eDynamicBacklight=0 eColorTemp=0 eDynamicContrast=0 u8Hue=30 eVibrantColour=0 u8Contrast=33 eNR=4 u8Saturation=45 u8Sharpness=14 ePerfectClear=0 u8Backlight=100 eActiveContrast=1
I/TEST    ( 1478): ===========>>>>updateVideoAstPicture , NOT USER mode, Finished update------------------- 
I/tanweiwei( 1478): thread name = tv_db_handlerThread
E/DataBaseDeskImpl( 1478): ===========>>>> now change Index = 34
I/DatabaseManager_JNI( 1478): setDatabaseDirtyByApplication
I/PictureManager_JNI( 1478): enableDlc
I/PictureManager_JNI( 1478): setBacklight
I/tvos    (  983): @@@MSrv_System_Database::GetVideoSetting[*Sharp_DB*] ./src/MSrv_System_Database_DVB_Customer.cpp[ LoadVideoSetting ]:( 720 ) u8Index:16
I/tvos    (  983): [*Sharp_DB*] LoadVideoSetting 769 
I/tvos    (  983): [*Sharp_DB*] [u8Index: 16] [enARCType : 1]
I/tvos    (  983): [*Sharp_DB*] [u8Index: 16] [enARCType_SD : 1]
I/tvos    (  983): [*Sharp_DB*] [u8Index: 16] [enARCType_HD_720 : 1]
I/tvos    (  983): [*Sharp_DB*] [u8Index: 16] [enARCType_HD_1080 : 1]
I/tvos    (  983): [*Sharp_DB*] [u8Index: 16] [enARCType_DVI : 1]
I/tvos    (  983): [44;4m
I/tvos    (  983):  E_BL_CTRL_MODE_ActiveBL_ON() @@ SetBacklightCtrlMode @@ --- ./src/MSrv_Control_Customer.cpp::178!! [0m
I/tvos    (  983): [BACKLIGHT] SetBacklightCtrlMode, eBLCtrlMode :2, Osd :100, Picture Mode :4, Scan : 0, Freeze :0, AC : 1
I/TEST    ( 1478): setBacklight ... newPara = 356
I/TEST    ( 1478): SetActiveContrast ... value = 1
D/dalvikvm( 1492): GC_CONCURRENT freed 357K, 23% free 2774K/3592K, paused 1ms+5ms, total 44ms
D/1105    ( 1314): LimitterHandle ecooflrate===1.0
D/1105    ( 1314): LimitterHandle ecooflrate===1.0
D/1105    ( 1314): LimitterHandle ecooflrate===1.0
I/PlayerImpl_JNI( 1478): isSignalStable
I/PlayerImpl_JNI( 1478): getVideoInfo
I/pack    ( 1478): taskList.size() = 2
I/pack    ( 1478): y:0  , packageName_2 = com.sharp.launcher
I/pack    ( 1478): y:1  , packageName_2 = com.android.settings
I/pack    ( 1478): ***top activity package=com.sharp.launcher
I/pack    ( 1478): ***top activity class=com.sharp.launcher.activity.MainActivity
E/USP     ( 1492): ~~~~~~~~~@@@@ now updating content://mstar.tv.usersetting/picmode_setting/inputsrc/34/picmode/4
E/USP     ( 1492): ~~~~~~~~~@@@@ now updating u8Brightness=29 eDynamicBacklight=0 eColorTemp=0 eDynamicContrast=0 u8Hue=30 eVibrantColour=0 u8Contrast=33 eNR=4 u8Saturation=45 u8Sharpness=14 ePerfectClear=0 u8Backlight=100 eActiveContrast=1
I/tanweiwei( 1478): thread name = tv_db_handlerThread
E/DataBaseDeskImpl( 1478): ===========>>>> now change Index = 34
D/EcoThread( 1314): not standard of AV mode
D/1105    ( 1314): EcoThread,while....
D/1105    ( 1314): LimitterHandle ecooflrate===1.0
I/PlayerImpl_JNI( 1314): isSignalStable
D/1105    ( 1314): LimitterHandle ecooflrate===1.0
I/AblHandler( 1314): bLunch: true bUnderTvApp: false bLunchTVUI:false bFactoryMode:false bKMode:false
D/1105    ( 1314): AblHandler  modeValue:27
I/TvManager_JNI( 1314): getEnvironment
D/MBX     (  988): sendMsg mID:9999 with mbxCmd:0x47 param:0xb
I/1105    ( 1314): setSourceSignalControlMode() --> 27
D/1105    ( 1314): LimitterHandle ecooflrate===1.0
D/1105    ( 1314): LimitterHandle ecooflrate===1.0
D/1105    ( 1314): LimitterHandle ecooflrate===1.0
I/PlayerImpl_JNI( 1478): isSignalStable
I/PlayerImpl_JNI( 1478): getVideoInfo
I/pack    ( 1478): taskList.size() = 2
I/pack    ( 1478): y:0  , packageName_2 = com.sharp.launcher
I/pack    ( 1478): y:1  , packageName_2 = com.android.settings
I/pack    ( 1478): ***top activity package=com.sharp.launcher
I/pack    ( 1478): ***top activity class=com.sharp.launcher.activity.MainActivity
D/EcoThread( 1314): not standard of AV mode
D/1105    ( 1314): ++timerdiff >= mTimerDiffTh/POLLING_INTERVAL_MS; 11111
I/EcoThread( 1314): EcoModeFlag == false
D/1105    ( 1314): EcoThread,checkOflMode(); 11111
D/1105    ( 1314): EcoThread,while....
D/1105    ( 1314): LimitterHandle ecooflrate===1.0
I/PlayerImpl_JNI( 1314): isSignalStable
D/1105    ( 1314): LimitterHandle ecooflrate===1.0
I/AblHandler( 1314): bLunch: true bUnderTvApp: false bLunchTVUI:false bFactoryMode:false bKMode:false
D/1105    ( 1314): AblHandler  modeValue:27
I/TvManager_JNI( 1314): getEnvironment
D/MBX     (  988): sendMsg mID:9999 with mbxCmd:0x47 param:0xb
I/1105    ( 1314): setSourceSignalControlMode() --> 27
D/UpdateCheckService( 2006): alive
D/1105    ( 1314): LimitterHandle ecooflrate===1.0
D/1105    ( 1314): LimitterHandle ecooflrate===1.0
D/1105    ( 1314): LimitterHandle ecooflrate===1.0
I/PlayerImpl_JNI( 1478): isSignalStable
I/PlayerImpl_JNI( 1478): getVideoInfo
I/pack    ( 1478): taskList.size() = 2
I/pack    ( 1478): y:0  , packageName_2 = com.sharp.launcher
I/pack    ( 1478): y:1  , packageName_2 = com.android.settings
I/pack    ( 1478): ***top activity package=com.sharp.launcher
I/pack    ( 1478): ***top activity class=com.sharp.launcher.activity.MainActivity
D/EcoThread( 1314): not standard of AV mode
D/1105    ( 1314): EcoThread,while....
D/1105    ( 1314): LimitterHandle ecooflrate===1.0
I/PlayerImpl_JNI( 1314): isSignalStable
D/1105    ( 1314): LimitterHandle ecooflrate===1.0
I/AblHandler( 1314): bLunch: true bUnderTvApp: false bLunchTVUI:false bFactoryMode:false bKMode:false
D/1105    ( 1314): AblHandler  modeValue:27
I/TvManager_JNI( 1314): getEnvironment
D/MBX     (  988): sendMsg mID:9999 with mbxCmd:0x47 param:0xb
I/1105    ( 1314): setSourceSignalControlMode() --> 27
D/1105    ( 1314): LimitterHandle ecooflrate===1.0
D/1105    ( 1314): LimitterHandle ecooflrate===1.0
D/1105    ( 1314): LimitterHandle ecooflrate===1.0
I/PlayerImpl_JNI( 1478): isSignalStable
I/PlayerImpl_JNI( 1478): getVideoInfo
I/pack    ( 1478): taskList.size() = 2
I/pack    ( 1478): y:0  , packageName_2 = com.sharp.launcher
I/pack    ( 1478): y:1  , packageName_2 = com.android.settings
I/pack    ( 1478): ***top activity package=com.sharp.launcher
I/pack    ( 1478): ***top activity class=com.sharp.launcher.activity.MainActivity
D/EcoThread( 1314): not standard of AV mode
D/1105    ( 1314): ++timerdiff >= mTimerDiffTh/POLLING_INTERVAL_MS; 11111
I/EcoThread( 1314): EcoModeFlag == false
D/1105    ( 1314): EcoThread,checkOflMode(); 11111
D/1105    ( 1314): EcoThread,while....
D/1105    ( 1314): LimitterHandle ecooflrate===1.0
I/PlayerImpl_JNI( 1314): isSignalStable
D/1105    ( 1314): LimitterHandle ecooflrate===1.0
I/AblHandler( 1314): bLunch: true bUnderTvApp: false bLunchTVUI:false bFactoryMode:false bKMode:false
D/1105    ( 1314): AblHandler  modeValue:27
I/TvManager_JNI( 1314): getEnvironment
D/MBX     (  988): sendMsg mID:9999 with mbxCmd:0x47 param:0xb
I/1105    ( 1314): setSourceSignalControlMode() --> 27
D/1105    ( 1314): LimitterHandle ecooflrate===1.0
D/1105    ( 1314): LimitterHandle ecooflrate===1.0
D/1105    ( 1314): LimitterHandle ecooflrate===1.0
I/PlayerImpl_JNI( 1478): isSignalStable
I/PlayerImpl_JNI( 1478): getVideoInfo
I/pack    ( 1478): taskList.size() = 2
I/pack    ( 1478): y:0  , packageName_2 = com.sharp.launcher
I/pack    ( 1478): y:1  , packageName_2 = com.android.settings
I/pack    ( 1478): ***top activity package=com.sharp.launcher
I/pack    ( 1478): ***top activity class=com.sharp.launcher.activity.MainActivity
D/EcoThread( 1314): not standard of AV mode
D/1105    ( 1314): EcoThread,while....
D/1105    ( 1314): LimitterHandle ecooflrate===1.0
I/PlayerImpl_JNI( 1314): isSignalStable
D/1105    ( 1314): LimitterHandle ecooflrate===1.0
I/AblHandler( 1314): bLunch: true bUnderTvApp: false bLunchTVUI:false bFactoryMode:false bKMode:false
D/1105    ( 1314): AblHandler  modeValue:27
I/TvManager_JNI( 1314): getEnvironment
D/MBX     (  988): sendMsg mID:9999 with mbxCmd:0x47 param:0xb
I/1105    ( 1314): setSourceSignalControlMode() --> 27
D/1105    ( 1314): LimitterHandle ecooflrate===1.0
D/1105    ( 1314): LimitterHandle ecooflrate===1.0
D/1105    ( 1314): LimitterHandle ecooflrate===1.0
I/PlayerImpl_JNI( 1478): isSignalStable
I/PlayerImpl_JNI( 1478): getVideoInfo
I/pack    ( 1478): taskList.size() = 2
I/pack    ( 1478): y:0  , packageName_2 = com.sharp.launcher
I/pack    ( 1478): y:1  , packageName_2 = com.android.settings
I/pack    ( 1478): ***top activity package=com.sharp.launcher
I/pack    ( 1478): ***top activity class=com.sharp.launcher.activity.MainActivity
D/EcoThread( 1314): not standard of AV mode
D/1105    ( 1314): ++timerdiff >= mTimerDiffTh/POLLING_INTERVAL_MS; 11111
I/EcoThread( 1314): EcoModeFlag == false
D/1105    ( 1314): EcoThread,checkOflMode(); 11111
D/1105    ( 1314): EcoThread,while....
D/1105    ( 1314): LimitterHandle ecooflrate===1.0
I/PlayerImpl_JNI( 1314): isSignalStable
D/1105    ( 1314): LimitterHandle ecooflrate===1.0
I/AblHandler( 1314): bLunch: true bUnderTvApp: false bLunchTVUI:false bFactoryMode:false bKMode:false
D/1105    ( 1314): AblHandler  modeValue:27
I/TvManager_JNI( 1314): getEnvironment
D/MBX     (  988): sendMsg mID:9999 with mbxCmd:0x47 param:0xb
I/1105    ( 1314): setSourceSignalControlMode() --> 27
D/1105    ( 1314): LimitterHandle ecooflrate===1.0
D/1105    ( 1314): LimitterHandle ecooflrate===1.0
D/1105    ( 1314): LimitterHandle ecooflrate===1.0
I/PlayerImpl_JNI( 1478): isSignalStable
I/PlayerImpl_JNI( 1478): getVideoInfo
I/pack    ( 1478): taskList.size() = 2
I/pack    ( 1478): y:0  , packageName_2 = com.sharp.launcher
I/pack    ( 1478): y:1  , packageName_2 = com.android.settings
I/pack    ( 1478): ***top activity package=com.sharp.launcher
I/pack    ( 1478): ***top activity class=com.sharp.launcher.activity.MainActivity
D/1105    ( 1314): LimitterHandle ecooflrate===1.0
D/EcoThread( 1314): not standard of AV mode
D/1105    ( 1314): EcoThread,while....
I/PlayerImpl_JNI( 1314): isSignalStable
D/1105    ( 1314): LimitterHandle ecooflrate===1.0
I/AblHandler( 1314): bLunch: true bUnderTvApp: false bLunchTVUI:false bFactoryMode:false bKMode:false
D/1105    ( 1314): AblHandler  modeValue:27
I/TvManager_JNI( 1314): getEnvironment
D/MBX     (  988): sendMsg mID:9999 with mbxCmd:0x47 param:0xb
I/1105    ( 1314): setSourceSignalControlMode() --> 27
D/1105    ( 1314): LimitterHandle ecooflrate===1.0
D/1105    ( 1314): LimitterHandle ecooflrate===1.0
D/1105    ( 1314): LimitterHandle ecooflrate===1.0
I/PlayerImpl_JNI( 1478): isSignalStable
I/PlayerImpl_JNI( 1478): getVideoInfo
I/pack    ( 1478): taskList.size() = 2
I/pack    ( 1478): y:0  , packageName_2 = com.sharp.launcher
I/pack    ( 1478): y:1  , packageName_2 = com.android.settings
I/pack    ( 1478): ***top activity package=com.sharp.launcher
I/pack    ( 1478): ***top activity class=com.sharp.launcher.activity.MainActivity
D/1105    ( 1314): LimitterHandle ecooflrate===1.0
D/EcoThread( 1314): not standard of AV mode
D/1105    ( 1314): ++timerdiff >= mTimerDiffTh/POLLING_INTERVAL_MS; 11111
I/EcoThread( 1314): EcoModeFlag == false
D/1105    ( 1314): EcoThread,checkOflMode(); 11111
D/1105    ( 1314): EcoThread,while....
I/PlayerImpl_JNI( 1314): isSignalStable
D/1105    ( 1314): LimitterHandle ecooflrate===1.0
I/AblHandler( 1314): bLunch: true bUnderTvApp: false bLunchTVUI:false bFactoryMode:false bKMode:false
D/1105    ( 1314): AblHandler  modeValue:27
I/TvManager_JNI( 1314): getEnvironment
D/MBX     (  988): sendMsg mID:9999 with mbxCmd:0x47 param:0xb
I/1105    ( 1314): setSourceSignalControlMode() --> 27
D/UpdateCheckService( 2006): alive
D/1105    ( 1314): LimitterHandle ecooflrate===1.0
D/1105    ( 1314): LimitterHandle ecooflrate===1.0
D/1105    ( 1314): LimitterHandle ecooflrate===1.0
I/PlayerImpl_JNI( 1478): isSignalStable
I/PlayerImpl_JNI( 1478): getVideoInfo
I/pack    ( 1478): taskList.size() = 2
I/pack    ( 1478): y:0  , packageName_2 = com.sharp.launcher
I/pack    ( 1478): y:1  , packageName_2 = com.android.settings
I/pack    ( 1478): ***top activity package=com.sharp.launcher
I/pack    ( 1478): ***top activity class=com.sharp.launcher.activity.MainActivity
D/1105    ( 1314): LimitterHandle ecooflrate===1.0
D/EcoThread( 1314): not standard of AV mode
D/1105    ( 1314): EcoThread,while....
I/PlayerImpl_JNI( 1314): isSignalStable
